<html>
<body>
<pre>
<h1>µVision Build Log</h1>
<h2>Tool Versions:</h2>
IDE-Version: ¦ÌVision V5.30.0.0
Copyright (C) 2020 ARM Ltd and ARM Germany GmbH. All rights reserved.
License Information: s,  , LIC=X96CK-Z696B-CXPU6-D5674-3LT2U-WBC4M
 
Tool Versions:
Toolchain:       MDK-ARM Plus  Version: 5.30.0.0
Toolchain Path:  C:\Keil_v5\ARM\ARMCC\Bin
C Compiler:      Armcc.exe V5.06 update 6 (build 750)
Assembler:       Armasm.exe V5.06 update 6 (build 750)
Linker/Locator:  ArmLink.exe V5.06 update 6 (build 750)
Library Manager: ArmAr.exe V5.06 update 6 (build 750)
Hex Converter:   FromElf.exe V5.06 update 6 (build 750)
CPU DLL:         SARMCM3.DLL V5.30.0.0
Dialog DLL:      DCM.DLL V1.17.3.0
Target DLL:      Segger\JL2CM3.dll V2.99.38.0
Dialog DLL:      TCM.DLL V1.42.0.0
 
<h2>Project:</h2>
E:\SJJ\jec\ll\JEC_AQMV-F4E_V102\sw20190225.uvprojx
Project File Date:  08/12/2020

<h2>Output:</h2>
*** Using Compiler 'V5.06 update 6 (build 750)', folder: 'C:\Keil_v5\ARM\ARMCC\Bin'
Build target 'Target 1'
compiling stm32f4xx_it.c...
compiling init.c...
compiling main.c...
add\IWDG.h(8): warning:  #1-D: last line of file ends without a newline
  #endif
add\main.c(72): warning:  #177-D: variable "uwLsiFreq"  was declared but never referenced
      unsigned int uwLsiFreq=0;
add\main.c: 2 warnings, 0 errors
compiling time.c...
compiling gprs_dev.c...
compiling mqtt_ec.c...
add\mqtt_ec.c(335): warning:  #177-D: variable "cLen"  was declared but never referenced
      char cLen;
add\mqtt_ec.c(450): warning:  #1-D: last line of file ends without a newline
  }
add\mqtt_ec.c: 2 warnings, 0 errors
compiling mymodbus.c...
compiling ec20.c...
add\ec20.c(337): warning:  #940-D: missing return statement at end of non-void function "model_gettime" 
  }
add\ec20.c: 1 warning, 0 errors
linking...
Program Size: Code=13200 RO-data=840 RW-data=248 ZI-data=4168  
FromELF: creating hex file...
After Build - User command #2: fromelf --bin -o "E:\SJJ\jec\ll\JEC_AQMV-F4E_V102\Objects\JEC_AQMV-F4E_V101.bin" "E:\SJJ\jec\ll\JEC_AQMV-F4E_V102\Objects\JEC_AQMV-F4E_V101.axf"
".\Objects\JEC_AQMV-F4E_V101.axf" - 0 Error(s), 5 Warning(s).

<h2>Software Packages used:</h2>

Package Vendor: Keil
                http://www.keil.com/pack/Keil.STM32F4xx_DFP.2.14.0.pack
                Keil.STM32F4xx_DFP.2.14.0
                STMicroelectronics STM32F4 Series Device Support, Drivers and Examples

<h2>Collection of Component include folders:</h2>
  .\RTE\_Target_1
  C:\Users\Administrator\AppData\Local\Arm\Packs\Keil\STM32F4xx_DFP\2.14.0\Drivers\CMSIS\Device\ST\STM32F4xx\Include

<h2>Collection of Component Files used:</h2>
Build Time Elapsed:  00:00:08
</pre>
</body>
</html>
