<html>
<body>
<pre>
<h1>µVision Build Log</h1>
<h2>Tool Versions:</h2>
IDE-Version: ¦ÌVision V5.30.0.0
Copyright (C) 2020 ARM Ltd and ARM Germany GmbH. All rights reserved.
License Information: s,  , LIC=X96CK-Z696B-CXPU6-D5674-3LT2U-WBC4M
 
Tool Versions:
Toolchain:       MDK-ARM Plus  Version: 5.30.0.0
Toolchain Path:  C:\Keil_v5\ARM\ARMCC\Bin
C Compiler:      Armcc.exe V5.06 update 6 (build 750)
Assembler:       Armasm.exe V5.06 update 6 (build 750)
Linker/Locator:  ArmLink.exe V5.06 update 6 (build 750)
Library Manager: ArmAr.exe V5.06 update 6 (build 750)
Hex Converter:   FromElf.exe V5.06 update 6 (build 750)
CPU DLL:         SARMCM3.DLL V5.30.0.0
Dialog DLL:      DCM.DLL V1.17.3.0
Target DLL:      Segger\JL2CM3.dll V2.99.38.0
Dialog DLL:      TCM.DLL V1.42.0.0
 
<h2>Project:</h2>
E:\SJJ\jec\ll\aqm_v\sw20190225.uvprojx
Project File Date:  07/28/2020

<h2>Output:</h2>
*** Using Compiler 'V5.06 update 6 (build 750)', folder: 'C:\Keil_v5\ARM\ARMCC\Bin'
Rebuild target 'Target 1'
assembling startup_stm32f40_41xxx.s...
compiling init.c...
compiling stm32f4xx_it.c...
compiling main.c...
compiling mymodbus.c...
compiling uart.c...
compiling time.c...
compiling misc.c...
compiling stm32f4xx_fsmc.c...
compiling stm32f4xx_gpio.c...
compiling stm32f4xx_rcc.c...
compiling stm32f4xx_tim.c...
compiling stm32f4xx_usart.c...
compiling stm32f4xx_flash.c...
compiling ec20.c...
add\ec20.c(279): warning:  #550-D: parameter "rssi"  was set but never used
    void connect(char* m_sn,char* ip,int port,char rssi)
add\ec20.c(288): warning:  #1-D: last line of file ends without a newline
    
add\ec20.c: 2 warnings, 0 errors
compiling bsp_uart.c...
compiling system_stm32f4xx.c...
compiling gprs_dev.c...
compiling mqtt_ec.c...
compiling sys.c...
compiling stmflash.c...
linking...
Program Size: Code=11476 RO-data=840 RW-data=184 ZI-data=4920  
FromELF: creating hex file...
After Build - User command #2: fromelf --bin -o "E:\SJJ\jec\ll\aqm_v\Objects\JEC_AQM30-F4_V100.bin" "E:\SJJ\jec\ll\aqm_v\Objects\JEC_AQM30-F4_V100.axf"
".\Objects\JEC_AQM30-F4_V100.axf" - 0 Error(s), 2 Warning(s).

<h2>Software Packages used:</h2>

Package Vendor: Keil
                http://www.keil.com/pack/Keil.STM32F4xx_DFP.2.14.0.pack
                Keil.STM32F4xx_DFP.2.14.0
                STMicroelectronics STM32F4 Series Device Support, Drivers and Examples

<h2>Collection of Component include folders:</h2>
  .\RTE\_Target_1
  C:\Users\Administrator\AppData\Local\Arm\Packs\Keil\STM32F4xx_DFP\2.14.0\Drivers\CMSIS\Device\ST\STM32F4xx\Include

<h2>Collection of Component Files used:</h2>
Build Time Elapsed:  00:00:16
</pre>
</body>
</html>
