Component: ARM Compiler 5.06 update 6 (build 750) Tool: armlink [4d35ed]

==============================================================================

Section Cross References

    startup_stm32f40_41xxx.o(RESET) refers to startup_stm32f40_41xxx.o(STACK) for __initial_sp
    startup_stm32f40_41xxx.o(RESET) refers to startup_stm32f40_41xxx.o(.text) for Reset_Handler
    startup_stm32f40_41xxx.o(RESET) refers to stm32f4xx_it.o(i.NMI_Handler) for NMI_Handler
    startup_stm32f40_41xxx.o(RESET) refers to stm32f4xx_it.o(i.HardFault_Handler) for HardFault_Handler
    startup_stm32f40_41xxx.o(RESET) refers to stm32f4xx_it.o(i.MemManage_Handler) for MemManage_Handler
    startup_stm32f40_41xxx.o(RESET) refers to stm32f4xx_it.o(i.BusFault_Handler) for BusFault_Handler
    startup_stm32f40_41xxx.o(RESET) refers to stm32f4xx_it.o(i.UsageFault_Handler) for UsageFault_Handler
    startup_stm32f40_41xxx.o(RESET) refers to stm32f4xx_it.o(i.SVC_Handler) for SVC_Handler
    startup_stm32f40_41xxx.o(RESET) refers to stm32f4xx_it.o(i.DebugMon_Handler) for DebugMon_Handler
    startup_stm32f40_41xxx.o(RESET) refers to stm32f4xx_it.o(i.PendSV_Handler) for PendSV_Handler
    startup_stm32f40_41xxx.o(RESET) refers to stm32f4xx_it.o(i.SysTick_Handler) for SysTick_Handler
    startup_stm32f40_41xxx.o(RESET) refers to stm32f4xx_it.o(i.TIM3_IRQHandler) for TIM3_IRQHandler
    startup_stm32f40_41xxx.o(RESET) refers to stm32f4xx_it.o(i.USART1_IRQHandler) for USART1_IRQHandler
    startup_stm32f40_41xxx.o(RESET) refers to stm32f4xx_it.o(i.USART2_IRQHandler) for USART2_IRQHandler
    startup_stm32f40_41xxx.o(RESET) refers to stm32f4xx_it.o(i.USART3_IRQHandler) for USART3_IRQHandler
    startup_stm32f40_41xxx.o(RESET) refers to stm32f4xx_it.o(i.UART4_IRQHandler) for UART4_IRQHandler
    startup_stm32f40_41xxx.o(.text) refers to system_stm32f4xx.o(i.SystemInit) for SystemInit
    startup_stm32f40_41xxx.o(.text) refers to entry.o(.ARM.Collect$$$$00000000) for __main
    main.o(i.main) refers to system_stm32f4xx.o(i.SystemInit) for SystemInit
    main.o(i.main) refers to main.o(i.NVIC_SetPriority) for NVIC_SetPriority
    main.o(i.main) refers to time.o(i.init_timer3) for init_timer3
    main.o(i.main) refers to init.o(i.JEC_IO_Init) for JEC_IO_Init
    main.o(i.main) refers to bsp_uart.o(i.bsp_uart_open_port) for bsp_uart_open_port
    main.o(i.main) refers to gprs_dev.o(i.gprs_dev_init) for gprs_dev_init
    main.o(i.main) refers to gprs_dev.o(i.gprs_dev_restart) for gprs_dev_restart
    main.o(i.main) refers to init.o(i.led_start) for led_start
    main.o(i.main) refers to time.o(i.delay_ms) for delay_ms
    main.o(i.main) refers to ec20.o(i.connect) for connect
    main.o(i.main) refers to ec20.o(i.model_gettime) for model_gettime
    main.o(i.main) refers to printfa.o(i.__0sprintf) for __2sprintf
    main.o(i.main) refers to uart.o(i.USART1SendString) for USART1SendString
    main.o(i.main) refers to stm32f4xx_iwdg.o(i.IWDG_ReloadCounter) for IWDG_ReloadCounter
    main.o(i.main) refers to stm32f4xx_gpio.o(i.GPIO_ResetBits) for GPIO_ResetBits
    main.o(i.main) refers to f2d.o(.text) for __aeabi_f2d
    main.o(i.main) refers to ec20.o(i.AT_QIOPEN) for AT_QIOPEN
    main.o(i.main) refers to mqtt_ec.o(i.mqtt_connect) for mqtt_connect
    main.o(i.main) refers to iwdg.o(i.IWDG_Feed) for IWDG_Feed
    main.o(i.main) refers to mqtt_ec.o(i.publish) for publish
    main.o(i.main) refers to mqtt_ec.o(i.subscribe) for subscribe
    main.o(i.main) refers to mqtt_ec.o(i.unsubscribe) for unsubscribe
    main.o(i.main) refers to mqtt_ec.o(i.disconnect) for disconnect
    main.o(i.main) refers to ec20.o(i.FindString) for FindString
    main.o(i.main) refers to bsp_uart.o(i.bsp_uart_close_port) for bsp_uart_close_port
    main.o(i.main) refers to time.o(i.deinit_timer3) for deinit_timer3
    main.o(i.main) refers to ec20.o(i.AT_QICLOSE) for AT_QICLOSE
    main.o(i.main) refers to stm32f4xx_gpio.o(i.GPIO_SetBits) for GPIO_SetBits
    main.o(i.main) refers to stm32f4xx_gpio.o(i.GPIO_ToggleBits) for GPIO_ToggleBits
    main.o(i.main) refers to mymodbus.o(i.GetData) for GetData
    main.o(i.main) refers to system_stm32f4xx.o(.data) for SystemCoreClock
    main.o(i.main) refers to main.o(.data) for RSSI
    main.o(i.main) refers to time.o(.data) for _time_20s
    main.o(i.main) refers to uart.o(.bss) for Msg1TxBuf
    main.o(i.main) refers to main.o(.bss) for LA
    main.o(i.main) refers to main.o(.conststring) for .conststring
    stm32f4xx_it.o(i.SysTick_Handler) refers to stm32f4xx_gpio.o(i.GPIO_ResetBits) for GPIO_ResetBits
    stm32f4xx_it.o(i.SysTick_Handler) refers to stm32f4xx_gpio.o(i.GPIO_SetBits) for GPIO_SetBits
    stm32f4xx_it.o(i.SysTick_Handler) refers to stm32f4xx_it.o(.data) for SysTickCount
    stm32f4xx_it.o(i.SysTick_Handler) refers to main.o(.data) for second
    stm32f4xx_it.o(i.TIM3_IRQHandler) refers to stm32f4xx_tim.o(i.TIM_GetITStatus) for TIM_GetITStatus
[...]
    Removing stm32f4xx_rcc.o(i.RCC_APB1PeriphResetCmd), (32 bytes).
    Removing stm32f4xx_rcc.o(i.RCC_APB2PeriphClockLPModeCmd), (32 bytes).
    Removing stm32f4xx_rcc.o(i.RCC_APB2PeriphResetCmd), (32 bytes).
    Removing stm32f4xx_rcc.o(i.RCC_AdjustHSICalibrationValue), (24 bytes).
    Removing stm32f4xx_rcc.o(i.RCC_BackupResetCmd), (12 bytes).
    Removing stm32f4xx_rcc.o(i.RCC_ClearFlag), (20 bytes).
    Removing stm32f4xx_rcc.o(i.RCC_ClearITPendingBit), (12 bytes).
    Removing stm32f4xx_rcc.o(i.RCC_ClockSecuritySystemCmd), (12 bytes).
    Removing stm32f4xx_rcc.o(i.RCC_DeInit), (100 bytes).
    Removing stm32f4xx_rcc.o(i.RCC_GetFlagStatus), (64 bytes).
    Removing stm32f4xx_rcc.o(i.RCC_GetITStatus), (24 bytes).
    Removing stm32f4xx_rcc.o(i.RCC_GetSYSCLKSource), (16 bytes).
    Removing stm32f4xx_rcc.o(i.RCC_HCLKConfig), (24 bytes).
    Removing stm32f4xx_rcc.o(i.RCC_HSEConfig), (16 bytes).
    Removing stm32f4xx_rcc.o(i.RCC_HSICmd), (12 bytes).
    Removing stm32f4xx_rcc.o(i.RCC_I2SCLKConfig), (12 bytes).
    Removing stm32f4xx_rcc.o(i.RCC_ITConfig), (32 bytes).
    Removing stm32f4xx_rcc.o(i.RCC_LSEConfig), (44 bytes).
    Removing stm32f4xx_rcc.o(i.RCC_LSEModeConfig), (36 bytes).
    Removing stm32f4xx_rcc.o(i.RCC_LSICmd), (12 bytes).
    Removing stm32f4xx_rcc.o(i.RCC_LTDCCLKDivConfig), (24 bytes).
    Removing stm32f4xx_rcc.o(i.RCC_MCO1Config), (28 bytes).
    Removing stm32f4xx_rcc.o(i.RCC_MCO2Config), (28 bytes).
    Removing stm32f4xx_rcc.o(i.RCC_PCLK1Config), (24 bytes).
    Removing stm32f4xx_rcc.o(i.RCC_PCLK2Config), (24 bytes).
    Removing stm32f4xx_rcc.o(i.RCC_PLLCmd), (12 bytes).
    Removing stm32f4xx_rcc.o(i.RCC_PLLConfig), (36 bytes).
    Removing stm32f4xx_rcc.o(i.RCC_PLLI2SCmd), (12 bytes).
    Removing stm32f4xx_rcc.o(i.RCC_PLLI2SConfig), (16 bytes).
    Removing stm32f4xx_rcc.o(i.RCC_PLLSAICmd), (12 bytes).
    Removing stm32f4xx_rcc.o(i.RCC_PLLSAIConfig), (24 bytes).
    Removing stm32f4xx_rcc.o(i.RCC_RTCCLKCmd), (12 bytes).
    Removing stm32f4xx_rcc.o(i.RCC_RTCCLKConfig), (60 bytes).
    Removing stm32f4xx_rcc.o(i.RCC_SAIBlockACLKConfig), (24 bytes).
    Removing stm32f4xx_rcc.o(i.RCC_SAIBlockBCLKConfig), (24 bytes).
    Removing stm32f4xx_rcc.o(i.RCC_SAIPLLI2SClkDivConfig), (28 bytes).
    Removing stm32f4xx_rcc.o(i.RCC_SAIPLLSAIClkDivConfig), (28 bytes).
    Removing stm32f4xx_rcc.o(i.RCC_SYSCLKConfig), (24 bytes).
    Removing stm32f4xx_rcc.o(i.RCC_TIMCLKPresConfig), (12 bytes).
    Removing stm32f4xx_rcc.o(i.RCC_WaitForHSEStartUp), (52 bytes).
    Removing stm32f4xx_tim.o(.rev16_text), (4 bytes).
    Removing stm32f4xx_tim.o(.revsh_text), (4 bytes).
    Removing stm32f4xx_tim.o(i.TI1_Config), (58 bytes).
    Removing stm32f4xx_tim.o(i.TI2_Config), (80 bytes).
    Removing stm32f4xx_tim.o(i.TI3_Config), (72 bytes).
    Removing stm32f4xx_tim.o(i.TI4_Config), (80 bytes).
    Removing stm32f4xx_tim.o(i.TIM_ARRPreloadConfig), (24 bytes).
    Removing stm32f4xx_tim.o(i.TIM_BDTRConfig), (32 bytes).
    Removing stm32f4xx_tim.o(i.TIM_BDTRStructInit), (18 bytes).
    Removing stm32f4xx_tim.o(i.TIM_CCPreloadControl), (24 bytes).
    Removing stm32f4xx_tim.o(i.TIM_CCxCmd), (30 bytes).
    Removing stm32f4xx_tim.o(i.TIM_CCxNCmd), (30 bytes).
    Removing stm32f4xx_tim.o(i.TIM_ClearFlag), (6 bytes).
    Removing stm32f4xx_tim.o(i.TIM_ClearOC1Ref), (18 bytes).
    Removing stm32f4xx_tim.o(i.TIM_ClearOC2Ref), (24 bytes).
    Removing stm32f4xx_tim.o(i.TIM_ClearOC3Ref), (18 bytes).
    Removing stm32f4xx_tim.o(i.TIM_ClearOC4Ref), (24 bytes).
    Removing stm32f4xx_tim.o(i.TIM_CounterModeConfig), (18 bytes).
    Removing stm32f4xx_tim.o(i.TIM_CtrlPWMOutputs), (30 bytes).
    Removing stm32f4xx_tim.o(i.TIM_DMACmd), (18 bytes).
    Removing stm32f4xx_tim.o(i.TIM_DMAConfig), (10 bytes).
    Removing stm32f4xx_tim.o(i.TIM_DeInit), (400 bytes).
    Removing stm32f4xx_tim.o(i.TIM_ETRClockMode1Config), (54 bytes).
    Removing stm32f4xx_tim.o(i.TIM_ETRClockMode2Config), (32 bytes).
    Removing stm32f4xx_tim.o(i.TIM_ETRConfig), (28 bytes).
    Removing stm32f4xx_tim.o(i.TIM_EncoderInterfaceConfig), (66 bytes).
    Removing stm32f4xx_tim.o(i.TIM_ForcedOC1Config), (18 bytes).
    Removing stm32f4xx_tim.o(i.TIM_ForcedOC2Config), (26 bytes).
    Removing stm32f4xx_tim.o(i.TIM_ForcedOC3Config), (18 bytes).
    Removing stm32f4xx_tim.o(i.TIM_ForcedOC4Config), (26 bytes).
    Removing stm32f4xx_tim.o(i.TIM_GenerateEvent), (4 bytes).
    Removing stm32f4xx_tim.o(i.TIM_GetCapture1), (6 bytes).
    Removing stm32f4xx_tim.o(i.TIM_GetCapture2), (6 bytes).
    Removing stm32f4xx_tim.o(i.TIM_GetCapture3), (6 bytes).
    Removing stm32f4xx_tim.o(i.TIM_GetCapture4), (6 bytes).
    Removing stm32f4xx_tim.o(i.TIM_GetCounter), (6 bytes).
    Removing stm32f4xx_tim.o(i.TIM_GetFlagStatus), (18 bytes).
    Removing stm32f4xx_tim.o(i.TIM_GetPrescaler), (6 bytes).
    Removing stm32f4xx_tim.o(i.TIM_ICInit), (110 bytes).
    Removing stm32f4xx_tim.o(i.TIM_ICStructInit), (18 bytes).
    Removing stm32f4xx_tim.o(i.TIM_ITRxExternalClockConfig), (24 bytes).
    Removing stm32f4xx_tim.o(i.TIM_InternalClockConfig), (12 bytes).
    Removing stm32f4xx_tim.o(i.TIM_OC1FastConfig), (18 bytes).
    Removing stm32f4xx_tim.o(i.TIM_OC1Init), (124 bytes).
    Removing stm32f4xx_tim.o(i.TIM_OC1NPolarityConfig), (18 bytes).
    Removing stm32f4xx_tim.o(i.TIM_OC1PolarityConfig), (18 bytes).
    Removing stm32f4xx_tim.o(i.TIM_OC1PreloadConfig), (18 bytes).
    Removing stm32f4xx_tim.o(i.TIM_OC2FastConfig), (26 bytes).
    Removing stm32f4xx_tim.o(i.TIM_OC2Init), (164 bytes).
    Removing stm32f4xx_tim.o(i.TIM_OC2NPolarityConfig), (26 bytes).
    Removing stm32f4xx_tim.o(i.TIM_OC2PolarityConfig), (26 bytes).
    Removing stm32f4xx_tim.o(i.TIM_OC2PreloadConfig), (26 bytes).
    Removing stm32f4xx_tim.o(i.TIM_OC3FastConfig), (18 bytes).
    Removing stm32f4xx_tim.o(i.TIM_OC3Init), (160 bytes).
    Removing stm32f4xx_tim.o(i.TIM_OC3NPolarityConfig), (26 bytes).
    Removing stm32f4xx_tim.o(i.TIM_OC3PolarityConfig), (26 bytes).
    Removing stm32f4xx_tim.o(i.TIM_OC3PreloadConfig), (18 bytes).
    Removing stm32f4xx_tim.o(i.TIM_OC4FastConfig), (26 bytes).
    Removing stm32f4xx_tim.o(i.TIM_OC4Init), (120 bytes).
    Removing stm32f4xx_tim.o(i.TIM_OC4PolarityConfig), (26 bytes).
    Removing stm32f4xx_tim.o(i.TIM_OC4PreloadConfig), (26 bytes).
    Removing stm32f4xx_tim.o(i.TIM_OCStructInit), (20 bytes).
    Removing stm32f4xx_tim.o(i.TIM_PWMIConfig), (124 bytes).
    Removing stm32f4xx_tim.o(i.TIM_PrescalerConfig), (6 bytes).
    Removing stm32f4xx_tim.o(i.TIM_RemapConfig), (6 bytes).
    Removing stm32f4xx_tim.o(i.TIM_SelectCCDMA), (24 bytes).
    Removing stm32f4xx_tim.o(i.TIM_SelectCOM), (24 bytes).
    Removing stm32f4xx_tim.o(i.TIM_SelectHallSensor), (24 bytes).
    Removing stm32f4xx_tim.o(i.TIM_SelectInputTrigger), (18 bytes).
    Removing stm32f4xx_tim.o(i.TIM_SelectMasterSlaveMode), (18 bytes).
    Removing stm32f4xx_tim.o(i.TIM_SelectOCxM), (86 bytes).
    Removing stm32f4xx_tim.o(i.TIM_SelectOnePulseMode), (18 bytes).
    Removing stm32f4xx_tim.o(i.TIM_SelectOutputTrigger), (18 bytes).
    Removing stm32f4xx_tim.o(i.TIM_SelectSlaveMode), (18 bytes).
    Removing stm32f4xx_tim.o(i.TIM_SetAutoreload), (4 bytes).
    Removing stm32f4xx_tim.o(i.TIM_SetClockDivision), (18 bytes).
    Removing stm32f4xx_tim.o(i.TIM_SetCompare1), (4 bytes).
    Removing stm32f4xx_tim.o(i.TIM_SetCompare2), (4 bytes).
    Removing stm32f4xx_tim.o(i.TIM_SetCompare3), (4 bytes).
    Removing stm32f4xx_tim.o(i.TIM_SetCompare4), (4 bytes).
    Removing stm32f4xx_tim.o(i.TIM_SetCounter), (4 bytes).
    Removing stm32f4xx_tim.o(i.TIM_SetIC1Prescaler), (18 bytes).
    Removing stm32f4xx_tim.o(i.TIM_SetIC2Prescaler), (26 bytes).
    Removing stm32f4xx_tim.o(i.TIM_SetIC3Prescaler), (18 bytes).
    Removing stm32f4xx_tim.o(i.TIM_SetIC4Prescaler), (26 bytes).
    Removing stm32f4xx_tim.o(i.TIM_TIxExternalClockConfig), (62 bytes).
    Removing stm32f4xx_tim.o(i.TIM_TimeBaseStructInit), (18 bytes).
    Removing stm32f4xx_tim.o(i.TIM_UpdateDisableConfig), (24 bytes).
    Removing stm32f4xx_tim.o(i.TIM_UpdateRequestConfig), (24 bytes).
    Removing stm32f4xx_usart.o(.rev16_text), (4 bytes).
    Removing stm32f4xx_usart.o(.revsh_text), (4 bytes).
    Removing stm32f4xx_usart.o(i.USART_ClearFlag), (18 bytes).
    Removing stm32f4xx_usart.o(i.USART_ClearITPendingBit), (30 bytes).
    Removing stm32f4xx_usart.o(i.USART_ClockInit), (32 bytes).
    Removing stm32f4xx_usart.o(i.USART_ClockStructInit), (12 bytes).
    Removing stm32f4xx_usart.o(i.USART_DMACmd), (18 bytes).
    Removing stm32f4xx_usart.o(i.USART_DeInit), (240 bytes).
    Removing stm32f4xx_usart.o(i.USART_GetFlagStatus), (26 bytes).
    Removing stm32f4xx_usart.o(i.USART_HalfDuplexCmd), (24 bytes).
    Removing stm32f4xx_usart.o(i.USART_IrDACmd), (24 bytes).
    Removing stm32f4xx_usart.o(i.USART_IrDAConfig), (18 bytes).
    Removing stm32f4xx_usart.o(i.USART_LINBreakDetectLengthConfig), (18 bytes).
    Removing stm32f4xx_usart.o(i.USART_LINCmd), (24 bytes).
    Removing stm32f4xx_usart.o(i.USART_OneBitMethodCmd), (24 bytes).
    Removing stm32f4xx_usart.o(i.USART_OverSampling8Cmd), (22 bytes).
    Removing stm32f4xx_usart.o(i.USART_ReceiveData), (10 bytes).
    Removing stm32f4xx_usart.o(i.USART_ReceiverWakeUpCmd), (24 bytes).
    Removing stm32f4xx_usart.o(i.USART_SendBreak), (10 bytes).
    Removing stm32f4xx_usart.o(i.USART_SendData), (8 bytes).
    Removing stm32f4xx_usart.o(i.USART_SetAddress), (18 bytes).
    Removing stm32f4xx_usart.o(i.USART_SetGuardTime), (16 bytes).
    Removing stm32f4xx_usart.o(i.USART_SetPrescaler), (16 bytes).
    Removing stm32f4xx_usart.o(i.USART_SmartCardCmd), (24 bytes).
    Removing stm32f4xx_usart.o(i.USART_SmartCardNACKCmd), (24 bytes).
    Removing stm32f4xx_usart.o(i.USART_StructInit), (24 bytes).
    Removing stm32f4xx_usart.o(i.USART_WakeUpConfig), (18 bytes).
    Removing stm32f4xx_flash.o(.rev16_text), (4 bytes).
    Removing stm32f4xx_flash.o(.revsh_text), (4 bytes).
    Removing stm32f4xx_flash.o(i.FLASH_ClearFlag), (12 bytes).
    Removing stm32f4xx_flash.o(i.FLASH_DataCacheCmd), (36 bytes).
    Removing stm32f4xx_flash.o(i.FLASH_DataCacheReset), (20 bytes).
    Removing stm32f4xx_flash.o(i.FLASH_EraseAllBank1Sectors), (108 bytes).
    Removing stm32f4xx_flash.o(i.FLASH_EraseAllBank2Sectors), (108 bytes).
    Removing stm32f4xx_flash.o(i.FLASH_EraseAllSectors), (108 bytes).
    Removing stm32f4xx_flash.o(i.FLASH_EraseSector), (136 bytes).
    Removing stm32f4xx_flash.o(i.FLASH_GetFlagStatus), (24 bytes).
    Removing stm32f4xx_flash.o(i.FLASH_GetStatus), (84 bytes).
    Removing stm32f4xx_flash.o(i.FLASH_ITConfig), (32 bytes).
    Removing stm32f4xx_flash.o(i.FLASH_InstructionCacheCmd), (36 bytes).
    Removing stm32f4xx_flash.o(i.FLASH_InstructionCacheReset), (20 bytes).
    Removing stm32f4xx_flash.o(i.FLASH_Lock), (20 bytes).
    Removing stm32f4xx_flash.o(i.FLASH_OB_BORConfig), (28 bytes).
    Removing stm32f4xx_flash.o(i.FLASH_OB_BootConfig), (28 bytes).
    Removing stm32f4xx_flash.o(i.FLASH_OB_GetBOR), (16 bytes).
    Removing stm32f4xx_flash.o(i.FLASH_OB_GetPCROP), (12 bytes).
    Removing stm32f4xx_flash.o(i.FLASH_OB_GetPCROP1), (12 bytes).
    Removing stm32f4xx_flash.o(i.FLASH_OB_GetRDP), (24 bytes).
    Removing stm32f4xx_flash.o(i.FLASH_OB_GetUser), (16 bytes).
    Removing stm32f4xx_flash.o(i.FLASH_OB_GetWRP), (12 bytes).
    Removing stm32f4xx_flash.o(i.FLASH_OB_GetWRP1), (12 bytes).
    Removing stm32f4xx_flash.o(i.FLASH_OB_Launch), (32 bytes).
    Removing stm32f4xx_flash.o(i.FLASH_OB_Lock), (20 bytes).
    Removing stm32f4xx_flash.o(i.FLASH_OB_PCROP1Config), (52 bytes).
    Removing stm32f4xx_flash.o(i.FLASH_OB_PCROPConfig), (52 bytes).
    Removing stm32f4xx_flash.o(i.FLASH_OB_PCROPSelectionConfig), (24 bytes).
    Removing stm32f4xx_flash.o(i.FLASH_OB_RDPConfig), (28 bytes).
    Removing stm32f4xx_flash.o(i.FLASH_OB_Unlock), (36 bytes).
    Removing stm32f4xx_flash.o(i.FLASH_OB_UserConfig), (48 bytes).
    Removing stm32f4xx_flash.o(i.FLASH_OB_WRP1Config), (52 bytes).
    Removing stm32f4xx_flash.o(i.FLASH_OB_WRPConfig), (52 bytes).
    Removing stm32f4xx_flash.o(i.FLASH_PrefetchBufferCmd), (36 bytes).
    Removing stm32f4xx_flash.o(i.FLASH_ProgramByte), (76 bytes).
    Removing stm32f4xx_flash.o(i.FLASH_ProgramDoubleWord), (84 bytes).
    Removing stm32f4xx_flash.o(i.FLASH_ProgramHalfWord), (80 bytes).
    Removing stm32f4xx_flash.o(i.FLASH_ProgramWord), (80 bytes).
    Removing stm32f4xx_flash.o(i.FLASH_SetLatency), (12 bytes).
    Removing stm32f4xx_flash.o(i.FLASH_Unlock), (36 bytes).
    Removing stm32f4xx_flash.o(i.FLASH_WaitForLastOperation), (34 bytes).
    Removing stm32f4xx_iwdg.o(.rev16_text), (4 bytes).
    Removing stm32f4xx_iwdg.o(.revsh_text), (4 bytes).
    Removing stm32f4xx_iwdg.o(i.IWDG_Enable), (16 bytes).
    Removing stm32f4xx_iwdg.o(i.IWDG_GetFlagStatus), (24 bytes).
    Removing stm32f4xx_iwdg.o(i.IWDG_SetPrescaler), (12 bytes).
    Removing stm32f4xx_iwdg.o(i.IWDG_SetReload), (12 bytes).
    Removing stm32f4xx_iwdg.o(i.IWDG_WriteAccessCmd), (12 bytes).
    Removing system_stm32f4xx.o(.rev16_text), (4 bytes).
    Removing system_stm32f4xx.o(.revsh_text), (4 bytes).
    Removing system_stm32f4xx.o(i.SystemCoreClockUpdate), (192 bytes).
    Removing bsp_uart.o(.rev16_text), (4 bytes).
    Removing bsp_uart.o(.revsh_text), (4 bytes).
    Removing bsp_uart.o(i.bsp_uart_ITConfig), (48 bytes).
    Removing bsp_uart.o(i.bsp_uart_reconfig), (76 bytes).
    Removing ec20.o(.rev16_text), (4 bytes).
    Removing ec20.o(.revsh_text), (4 bytes).
    Removing ec20.o(i.AT_CLOSE), (188 bytes).
    Removing ec20.o(i.AT_START), (140 bytes).
    Removing ec20.o(i.NB_senddate), (128 bytes).
    Removing ec20.o(i.iap_write_appbin), (92 bytes).
    Removing gprs_dev.o(.rev16_text), (4 bytes).
    Removing gprs_dev.o(.revsh_text), (4 bytes).
    Removing gprs_dev.o(i.gprs_dev_gotosleep), (20 bytes).
    Removing gprs_dev.o(i.gprs_dev_pwrdown), (16 bytes).
    Removing gprs_dev.o(i.gprs_dev_pwrup), (40 bytes).
    Removing gprs_dev.o(i.gprs_dev_wakeup), (20 bytes).
    Removing stmflash.o(.rev16_text), (4 bytes).
    Removing stmflash.o(.revsh_text), (4 bytes).
    Removing stmflash.o(i.STMFLASH_GetFlashSector), (160 bytes).
    Removing stmflash.o(i.STMFLASH_Read), (32 bytes).
    Removing stmflash.o(i.STMFLASH_ReadWord), (6 bytes).
    Removing stmflash.o(i.STMFLASH_Write), (152 bytes).
    Removing sys.o(.rev16_text), (4 bytes).
    Removing sys.o(.revsh_text), (4 bytes).
    Removing sys.o(.emb_text), (16 bytes).
    Removing iwdg.o(.rev16_text), (4 bytes).
    Removing iwdg.o(.revsh_text), (4 bytes).
    Removing iwdg.o(i.bsp_InitIwdg), (64 bytes).

305 unused section(s) (total 11850 bytes) removed from the image.

==============================================================================

Image Symbol Table

    Local Symbols

    Symbol Name                              Value     Ov Type        Size  Object(Section)

    ../clib/microlib/division.c              0x00000000   Number         0  uidiv.o ABSOLUTE
    ../clib/microlib/division.c              0x00000000   Number         0  uldiv.o ABSOLUTE
    ../clib/microlib/init/entry.s            0x00000000   Number         0  entry9a.o ABSOLUTE
    ../clib/microlib/init/entry.s            0x00000000   Number         0  entry10a.o ABSOLUTE
    ../clib/microlib/init/entry.s            0x00000000   Number         0  entry7b.o ABSOLUTE
    ../clib/microlib/init/entry.s            0x00000000   Number         0  entry.o ABSOLUTE
    ../clib/microlib/init/entry.s            0x00000000   Number         0  entry9b.o ABSOLUTE
    ../clib/microlib/init/entry.s            0x00000000   Number         0  entry10b.o ABSOLUTE
    ../clib/microlib/init/entry.s            0x00000000   Number         0  entry7a.o ABSOLUTE
    ../clib/microlib/init/entry.s            0x00000000   Number         0  entry8b.o ABSOLUTE
    ../clib/microlib/init/entry.s            0x00000000   Number         0  entry8a.o ABSOLUTE
    ../clib/microlib/init/entry.s            0x00000000   Number         0  entry5.o ABSOLUTE
    ../clib/microlib/init/entry.s            0x00000000   Number         0  entry2.o ABSOLUTE
    ../clib/microlib/init/entry.s            0x00000000   Number         0  entry11a.o ABSOLUTE
    ../clib/microlib/init/entry.s            0x00000000   Number         0  entry11b.o ABSOLUTE
    ../clib/microlib/longlong.c              0x00000000   Number         0  llshl.o ABSOLUTE
    ../clib/microlib/longlong.c              0x00000000   Number         0  llushr.o ABSOLUTE
    ../clib/microlib/longlong.c              0x00000000   Number         0  llsshr.o ABSOLUTE
    ../clib/microlib/printf/printf.c         0x00000000   Number         0  printf3.o ABSOLUTE
    ../clib/microlib/printf/printf.c         0x00000000   Number         0  printf4.o ABSOLUTE
    ../clib/microlib/printf/printf.c         0x00000000   Number         0  printf5.o ABSOLUTE
    ../clib/microlib/printf/printf.c         0x00000000   Number         0  printfa.o ABSOLUTE
    ../clib/microlib/printf/printf.c         0x00000000   Number         0  printf8.o ABSOLUTE
    ../clib/microlib/printf/printf.c         0x00000000   Number         0  printf7.o ABSOLUTE
    ../clib/microlib/printf/printf.c         0x00000000   Number         0  printf2.o ABSOLUTE
    ../clib/microlib/printf/printf.c         0x00000000   Number         0  printf1.o ABSOLUTE
    ../clib/microlib/printf/printf.c         0x00000000   Number         0  printf0.o ABSOLUTE
    ../clib/microlib/printf/printf.c         0x00000000   Number         0  printfb.o ABSOLUTE
    ../clib/microlib/printf/printf.c         0x00000000   Number         0  printf6.o ABSOLUTE
    ../clib/microlib/printf/stubs.s          0x00000000   Number         0  stubs.o ABSOLUTE
    ../clib/microlib/stdio/fputc.c           0x00000000   Number         0  fputc.o ABSOLUTE
    ../clib/microlib/stdio/semi.s            0x00000000   Number         0  semi.o ABSOLUTE
    ../clib/microlib/stdio/streams.c         0x00000000   Number         0  stdout.o ABSOLUTE
    ../clib/microlib/string/memset.c         0x00000000   Number         0  memseta.o ABSOLUTE
    ../clib/microlib/string/strlen.c         0x00000000   Number         0  strlen.o ABSOLUTE
    ../clib/microlib/stubs.s                 0x00000000   Number         0  iusesemip.o ABSOLUTE
    ../clib/microlib/stubs.s                 0x00000000   Number         0  iusefp.o ABSOLUTE
    ../clib/microlib/time/localtime.c        0x00000000   Number         0  localtime_i.o ABSOLUTE
    ../clib/microlib/time/localtime.c        0x00000000   Number         0  localtime_w.o ABSOLUTE
    ../clib/microlib/time/mktime.c           0x00000000   Number         0  mktime.o ABSOLUTE
    ../fplib/microlib/f2d.c                  0x00000000   Number         0  f2d.o ABSOLUTE
    ../fplib/microlib/fpadd.c                0x00000000   Number         0  dadd.o ABSOLUTE
    ../fplib/microlib/fpdiv.c                0x00000000   Number         0  ddiv.o ABSOLUTE
    ../fplib/microlib/fpepilogue.c           0x00000000   Number         0  depilogue.o ABSOLUTE
    ../fplib/microlib/fpfix.c                0x00000000   Number         0  dfixul.o ABSOLUTE
    ../fplib/microlib/fpmul.c                0x00000000   Number         0  dmul.o ABSOLUTE
    STM32F4_FWLIB\\src\\misc.c               0x00000000   Number         0  misc.o ABSOLUTE
    STM32F4_FWLIB\\src\\stm32f4xx_flash.c    0x00000000   Number         0  stm32f4xx_flash.o ABSOLUTE
    STM32F4_FWLIB\\src\\stm32f4xx_fsmc.c     0x00000000   Number         0  stm32f4xx_fsmc.o ABSOLUTE
    STM32F4_FWLIB\\src\\stm32f4xx_gpio.c     0x00000000   Number         0  stm32f4xx_gpio.o ABSOLUTE
    STM32F4_FWLIB\\src\\stm32f4xx_iwdg.c     0x00000000   Number         0  stm32f4xx_iwdg.o ABSOLUTE
    STM32F4_FWLIB\\src\\stm32f4xx_rcc.c      0x00000000   Number         0  stm32f4xx_rcc.o ABSOLUTE
    STM32F4_FWLIB\\src\\stm32f4xx_tim.c      0x00000000   Number         0  stm32f4xx_tim.o ABSOLUTE
    STM32F4_FWLIB\\src\\stm32f4xx_usart.c    0x00000000   Number         0  stm32f4xx_usart.o ABSOLUTE
    STM32F4_FWLIB\src\misc.c                 0x00000000   Number         0  misc.o ABSOLUTE
    STM32F4_FWLIB\src\stm32f4xx_flash.c      0x00000000   Number         0  stm32f4xx_flash.o ABSOLUTE
    STM32F4_FWLIB\src\stm32f4xx_fsmc.c       0x00000000   Number         0  stm32f4xx_fsmc.o ABSOLUTE
    STM32F4_FWLIB\src\stm32f4xx_gpio.c       0x00000000   Number         0  stm32f4xx_gpio.o ABSOLUTE
    STM32F4_FWLIB\src\stm32f4xx_iwdg.c       0x00000000   Number         0  stm32f4xx_iwdg.o ABSOLUTE
    STM32F4_FWLIB\src\stm32f4xx_rcc.c        0x00000000   Number         0  stm32f4xx_rcc.o ABSOLUTE
    STM32F4_FWLIB\src\stm32f4xx_tim.c        0x00000000   Number         0  stm32f4xx_tim.o ABSOLUTE
    STM32F4_FWLIB\src\stm32f4xx_usart.c      0x00000000   Number         0  stm32f4xx_usart.o ABSOLUTE
    Startup_config\\system_stm32f4xx.c       0x00000000   Number         0  system_stm32f4xx.o ABSOLUTE
    Startup_config\startup_stm32f40_41xxx.s  0x00000000   Number         0  startup_stm32f40_41xxx.o ABSOLUTE
    Startup_config\system_stm32f4xx.c        0x00000000   Number         0  system_stm32f4xx.o ABSOLUTE
    add\IWDG.c                               0x00000000   Number         0  iwdg.o ABSOLUTE
    add\\IWDG.c                              0x00000000   Number         0  iwdg.o ABSOLUTE
    add\\bsp_uart.c                          0x00000000   Number         0  bsp_uart.o ABSOLUTE
    add\\ec20.c                              0x00000000   Number         0  ec20.o ABSOLUTE
    add\\gprs_dev.c                          0x00000000   Number         0  gprs_dev.o ABSOLUTE
    add\\init.c                              0x00000000   Number         0  init.o ABSOLUTE
    add\\main.c                              0x00000000   Number         0  main.o ABSOLUTE
    add\\stm32f4xx_it.c                      0x00000000   Number         0  stm32f4xx_it.o ABSOLUTE
    add\\stmflash.c                          0x00000000   Number         0  stmflash.o ABSOLUTE
    add\\sys.c                               0x00000000   Number         0  sys.o ABSOLUTE
    add\\time.c                              0x00000000   Number         0  time.o ABSOLUTE
    add\\uart.c                              0x00000000   Number         0  uart.o ABSOLUTE
    add\bsp_uart.c                           0x00000000   Number         0  bsp_uart.o ABSOLUTE
    add\ec20.c                               0x00000000   Number         0  ec20.o ABSOLUTE
    add\gprs_dev.c                           0x00000000   Number         0  gprs_dev.o ABSOLUTE
    add\init.c                               0x00000000   Number         0  init.o ABSOLUTE
    add\main.c                               0x00000000   Number         0  main.o ABSOLUTE
    add\mqtt_ec.c                            0x00000000   Number         0  mqtt_ec.o ABSOLUTE
    add\mymodbus.c                           0x00000000   Number         0  mymodbus.o ABSOLUTE
    add\stm32f4xx_it.c                       0x00000000   Number         0  stm32f4xx_it.o ABSOLUTE
    add\stmflash.c                           0x00000000   Number         0  stmflash.o ABSOLUTE
    add\sys.c                                0x00000000   Number         0  sys.o ABSOLUTE
    add\time.c                               0x00000000   Number         0  time.o ABSOLUTE
    add\uart.c                               0x00000000   Number         0  uart.o ABSOLUTE
    cdrcmple.s                               0x00000000   Number         0  cdrcmple.o ABSOLUTE
    dc.s                                     0x00000000   Number         0  dc.o ABSOLUTE
    handlers.s                               0x00000000   Number         0  handlers.o ABSOLUTE
    init.s                                   0x00000000   Number         0  init.o ABSOLUTE
    RESET                                    0x08040000   Section      392  startup_stm32f40_41xxx.o(RESET)
    .ARM.Collect$$$$00000000                 0x08040188   Section        0  entry.o(.ARM.Collect$$$$00000000)
    .ARM.Collect$$$$00000001                 0x08040188   Section        4  entry2.o(.ARM.Collect$$$$00000001)
    .ARM.Collect$$$$00000004                 0x0804018c   Section        4  entry5.o(.ARM.Collect$$$$00000004)
    .ARM.Collect$$$$00000008                 0x08040190   Section        0  entry7b.o(.ARM.Collect$$$$00000008)
    .ARM.Collect$$$$0000000A                 0x08040190   Section        0  entry8b.o(.ARM.Collect$$$$0000000A)
    .ARM.Collect$$$$0000000B                 0x08040190   Section        8  entry9a.o(.ARM.Collect$$$$0000000B)
    .ARM.Collect$$$$0000000D                 0x08040198   Section        0  entry10a.o(.ARM.Collect$$$$0000000D)
    .ARM.Collect$$$$0000000F                 0x08040198   Section        0  entry11a.o(.ARM.Collect$$$$0000000F)
    .ARM.Collect$$$$00002712                 0x08040198   Section        4  entry2.o(.ARM.Collect$$$$00002712)
    __lit__00000000                          0x08040198   Data           4  entry2.o(.ARM.Collect$$$$00002712)
    .text                                    0x0804019c   Section       36  startup_stm32f40_41xxx.o(.text)
    $v0                                      0x0804019c   Number         0  startup_stm32f40_41xxx.o(.text)
    .text                                    0x080401c0   Section        0  mktime.o(.text)
    .text                                    0x08040268   Section        0  memseta.o(.text)
    .text                                    0x0804028c   Section        0  strlen.o(.text)
    .text                                    0x0804029a   Section        0  f2d.o(.text)
    .text                                    0x080402c0   Section        0  uidiv.o(.text)
    .text                                    0x080402ec   Section        0  uldiv.o(.text)
    .text                                    0x08040350   Section        0  localtime_i.o(.text)
    .text                                    0x080403dc   Section        0  dadd.o(.text)
    .text                                    0x080403dc   Section        0  iusefp.o(.text)
    .text                                    0x0804052a   Section        0  dmul.o(.text)
    .text                                    0x0804060e   Section        0  ddiv.o(.text)
    .text                                    0x080406ec   Section        0  dfixul.o(.text)
    .text                                    0x0804071c   Section       48  cdrcmple.o(.text)
    .text                                    0x0804074c   Section       36  init.o(.text)
    .text                                    0x08040770   Section        0  llshl.o(.text)
    .text                                    0x0804078e   Section        0  llushr.o(.text)
    .text                                    0x080407ae   Section        0  llsshr.o(.text)
    .text                                    0x080407d2   Section        0  depilogue.o(.text)
    i.AT_CEREG                               0x0804088c   Section        0  ec20.o(i.AT_CEREG)
    i.AT_CGSN                                0x08040900   Section        0  ec20.o(i.AT_CGSN)
    i.AT_CIMI                                0x0804098c   Section        0  ec20.o(i.AT_CIMI)
    i.AT_CSQ                                 0x080409f0   Section        0  ec20.o(i.AT_CSQ)
    i.AT_QIACT                               0x08040a9c   Section        0  ec20.o(i.AT_QIACT)
    i.AT_QICLOSE                             0x08040b04   Section        0  ec20.o(i.AT_QICLOSE)
    i.AT_QICSGP                              0x08040b70   Section        0  ec20.o(i.AT_QICSGP)
    i.AT_QIOPEN                              0x08040bd8   Section        0  ec20.o(i.AT_QIOPEN)
    i.BusFault_Handler                       0x08040ca4   Section        0  stm32f4xx_it.o(i.BusFault_Handler)
    i.Cal_Checksum_u8                        0x08040ca8   Section        0  mymodbus.o(i.Cal_Checksum_u8)
    i.DataHand                               0x08040cd0   Section        0  mymodbus.o(i.DataHand)
    i.DebugMon_Handler                       0x08040d3c   Section        0  stm32f4xx_it.o(i.DebugMon_Handler)
    i.FindString                             0x08040d3e   Section        0  ec20.o(i.FindString)
    i.GPIO_Init                              0x08040d88   Section        0  stm32f4xx_gpio.o(i.GPIO_Init)
    i.GPIO_PinAFConfig                       0x08040e18   Section        0  stm32f4xx_gpio.o(i.GPIO_PinAFConfig)
    i.GPIO_ResetBits                         0x08040e5e   Section        0  stm32f4xx_gpio.o(i.GPIO_ResetBits)
    i.GPIO_SetBits                           0x08040e62   Section        0  stm32f4xx_gpio.o(i.GPIO_SetBits)
    i.GPIO_ToggleBits                        0x08040e66   Section        0  stm32f4xx_gpio.o(i.GPIO_ToggleBits)
    i.GetData                                0x08040e6e   Section        0  mymodbus.o(i.GetData)
    i.HardFault_Handler                      0x08040e84   Section        0  stm32f4xx_it.o(i.HardFault_Handler)
    i.IWDG_Feed                              0x08040e88   Section        0  iwdg.o(i.IWDG_Feed)
    i.IWDG_ReloadCounter                     0x08040e90   Section        0  stm32f4xx_iwdg.o(i.IWDG_ReloadCounter)
    i.JEC_IO_Init                            0x08040ea0   Section        0  init.o(i.JEC_IO_Init)
    i.MemManage_Handler                      0x08040ea8   Section        0  stm32f4xx_it.o(i.MemManage_Handler)
    i.NMI_Handler                            0x08040eac   Section        0  stm32f4xx_it.o(i.NMI_Handler)
    i.NVIC_Init                              0x08040eb0   Section        0  misc.o(i.NVIC_Init)
    i.NVIC_SetPriority                       0x08040f28   Section        0  main.o(i.NVIC_SetPriority)
    NVIC_SetPriority                         0x08040f29   Thumb Code    32  main.o(i.NVIC_SetPriority)
    i.PendSV_Handler                         0x08040f50   Section        0  stm32f4xx_it.o(i.PendSV_Handler)
    i.RCC_AHB1PeriphClockCmd                 0x08040f54   Section        0  stm32f4xx_rcc.o(i.RCC_AHB1PeriphClockCmd)
    i.RCC_APB1PeriphClockCmd                 0x08040f74   Section        0  stm32f4xx_rcc.o(i.RCC_APB1PeriphClockCmd)
    i.RCC_APB2PeriphClockCmd                 0x08040f94   Section        0  stm32f4xx_rcc.o(i.RCC_APB2PeriphClockCmd)
    i.RCC_GetClocksFreq                      0x08040fb4   Section        0  stm32f4xx_rcc.o(i.RCC_GetClocksFreq)
    i.SVC_Handler                            0x0804109c   Section        0  stm32f4xx_it.o(i.SVC_Handler)
    i.SetSysClock                            0x080410a0   Section        0  system_stm32f4xx.o(i.SetSysClock)
    SetSysClock                              0x080410a1   Thumb Code   218  system_stm32f4xx.o(i.SetSysClock)
    i.SysTick_Handler                        0x0804118c   Section        0  stm32f4xx_it.o(i.SysTick_Handler)
    i.SystemInit                             0x0804125c   Section        0  system_stm32f4xx.o(i.SystemInit)
    i.TIM3_IRQHandler                        0x080412c8   Section        0  stm32f4xx_it.o(i.TIM3_IRQHandler)
    i.TIM_ClearITPendingBit                  0x08041338   Section        0  stm32f4xx_tim.o(i.TIM_ClearITPendingBit)
    i.TIM_Cmd                                0x0804133e   Section        0  stm32f4xx_tim.o(i.TIM_Cmd)
    i.TIM_GetITStatus                        0x08041356   Section        0  stm32f4xx_tim.o(i.TIM_GetITStatus)
    i.TIM_ITConfig                           0x08041378   Section        0  stm32f4xx_tim.o(i.TIM_ITConfig)
    i.TIM_TimeBaseInit                       0x0804138c   Section        0  stm32f4xx_tim.o(i.TIM_TimeBaseInit)
    i.UART4_IRQHandler                       0x08041410   Section        0  stm32f4xx_it.o(i.UART4_IRQHandler)
    i.USART1SendChar                         0x08041478   Section        0  uart.o(i.USART1SendChar)
    i.USART1SendString                       0x08041490   Section        0  uart.o(i.USART1SendString)
    i.USART1_IRQHandler                      0x080414bc   Section        0  stm32f4xx_it.o(i.USART1_IRQHandler)
    i.USART2SendChar                         0x08041524   Section        0  uart.o(i.USART2SendChar)
    i.USART2SendString                       0x08041540   Section        0  uart.o(i.USART2SendString)
    i.USART2_IRQHandler                      0x0804156c   Section        0  stm32f4xx_it.o(i.USART2_IRQHandler)
    i.USART3SendChar                         0x080415c0   Section        0  uart.o(i.USART3SendChar)
    i.USART3SendString                       0x080415dc   Section        0  uart.o(i.USART3SendString)
    i.USART3_IRQHandler                      0x08041608   Section        0  stm32f4xx_it.o(i.USART3_IRQHandler)
    i.USART_Cmd                              0x08041668   Section        0  stm32f4xx_usart.o(i.USART_Cmd)
    i.USART_GetITStatus                      0x08041680   Section        0  stm32f4xx_usart.o(i.USART_GetITStatus)
    i.USART_ITConfig                         0x080416d4   Section        0  stm32f4xx_usart.o(i.USART_ITConfig)
    i.USART_Init                             0x08041720   Section        0  stm32f4xx_usart.o(i.USART_Init)
    i.UsageFault_Handler                     0x080417f4   Section        0  stm32f4xx_it.o(i.UsageFault_Handler)
    i.__0sprintf                             0x080417f8   Section        0  printfa.o(i.__0sprintf)
    i.__scatterload_copy                     0x08041820   Section       14  handlers.o(i.__scatterload_copy)
    i.__scatterload_null                     0x0804182e   Section        2  handlers.o(i.__scatterload_null)
    i.__scatterload_zeroinit                 0x08041830   Section       14  handlers.o(i.__scatterload_zeroinit)
    i._fp_digits                             0x08041840   Section        0  printfa.o(i._fp_digits)
    _fp_digits                               0x08041841   Thumb Code   366  printfa.o(i._fp_digits)
    i._printf_core                           0x080419c4   Section        0  printfa.o(i._printf_core)
    _printf_core                             0x080419c5   Thumb Code  1744  printfa.o(i._printf_core)
    i._printf_post_padding                   0x080420a0   Section        0  printfa.o(i._printf_post_padding)
    _printf_post_padding                     0x080420a1   Thumb Code    36  printfa.o(i._printf_post_padding)
    i._printf_pre_padding                    0x080420c4   Section        0  printfa.o(i._printf_pre_padding)
    _printf_pre_padding                      0x080420c5   Thumb Code    46  printfa.o(i._printf_pre_padding)
    i._sputc                                 0x080420f2   Section        0  printfa.o(i._sputc)
    _sputc                                   0x080420f3   Thumb Code    10  printfa.o(i._sputc)
    i.bsp_Usart3_RecTime_Add                 0x080420fc   Section        0  uart.o(i.bsp_Usart3_RecTime_Add)
    i.bsp_Usart3_Rec_New                     0x08042120   Section        0  uart.o(i.bsp_Usart3_Rec_New)
    i.bsp_uart_close_port                    0x0804214c   Section        0  bsp_uart.o(i.bsp_uart_close_port)
    i.bsp_uart_open_port                     0x080421d8   Section        0  bsp_uart.o(i.bsp_uart_open_port)
    i.bsp_uart_pin_enable                    0x080422cc   Section        0  bsp_uart.o(i.bsp_uart_pin_enable)
    bsp_uart_pin_enable                      0x080422cd   Thumb Code   270  bsp_uart.o(i.bsp_uart_pin_enable)
    i.connect                                0x080423e0   Section        0  ec20.o(i.connect)
    i.date_preocess                          0x08042410   Section        0  mymodbus.o(i.date_preocess)
    i.date_query                             0x0804253c   Section        0  mymodbus.o(i.date_query)
    i.deinit_timer3                          0x08042560   Section        0  time.o(i.deinit_timer3)
    i.delay_ms                               0x08042584   Section        0  time.o(i.delay_ms)
    i.disconnect                             0x080425a4   Section        0  mqtt_ec.o(i.disconnect)
    i.display_ledinit                        0x080425d8   Section        0  init.o(i.display_ledinit)
    i.gprs_dev_init                          0x0804268c   Section        0  gprs_dev.o(i.gprs_dev_init)
    i.gprs_dev_restart                       0x0804275c   Section        0  gprs_dev.o(i.gprs_dev_restart)
    i.init_timer3                            0x080427e0   Section        0  time.o(i.init_timer3)
    i.led_start                              0x0804283c   Section        0  init.o(i.led_start)
    i.main                                   0x08042900   Section        0  main.o(i.main)
    i.model_gettime                          0x08042ca8   Section        0  ec20.o(i.model_gettime)
    i.mqtt_connect                           0x08042e94   Section        0  mqtt_ec.o(i.mqtt_connect)
    i.mqtt_wr                                0x08042f94   Section        0  mqtt_ec.o(i.mqtt_wr)
    i.publish                                0x080430cc   Section        0  mqtt_ec.o(i.publish)
    i.standard_to_stamp                      0x080431d0   Section        0  time.o(i.standard_to_stamp)
    i.subscribe                              0x0804320c   Section        0  mqtt_ec.o(i.subscribe)
    i.unsubscribe                            0x0804339c   Section        0  mqtt_ec.o(i.unsubscribe)
    i.write                                  0x0804343c   Section        0  mqtt_ec.o(i.write)
    i.writeString                            0x080434de   Section        0  mqtt_ec.o(i.writeString)
    .constdata                               0x08043518   Section      264  bsp_uart.o(.constdata)
    bsp_uart_phy_item_table                  0x08043518   Data         264  bsp_uart.o(.constdata)
    .constdata                               0x08043620   Section       12  mktime.o(.constdata)
    monlen                                   0x08043620   Data          12  mktime.o(.constdata)
    .constdata                               0x0804362c   Section       12  localtime_i.o(.constdata)
    monlen                                   0x0804362c   Data          12  localtime_i.o(.constdata)
    .conststring                             0x08043638   Section      125  main.o(.conststring)
    .data                                    0x20000000   Section      145  main.o(.data)
    .data                                    0x20000094   Section        4  stm32f4xx_it.o(.data)
    .data                                    0x20000098   Section        4  time.o(.data)
    .data                                    0x2000009c   Section       43  uart.o(.data)
    .data                                    0x200000c7   Section       16  stm32f4xx_rcc.o(.data)
    APBAHBPrescTable                         0x200000c7   Data          16  stm32f4xx_rcc.o(.data)
    .data                                    0x200000d8   Section       20  system_stm32f4xx.o(.data)
    .data                                    0x200000ec   Section        1  ec20.o(.data)
    cnt                                      0x200000ec   Data           1  ec20.o(.data)
    .data                                    0x200000f0   Section        6  mqtt_ec.o(.data)
    .data                                    0x200000f6   Section        1  mymodbus.o(.data)
    cnt                                      0x200000f6   Data           1  mymodbus.o(.data)
    .bss                                     0x200000f8   Section      459  main.o(.bss)
    .bss                                     0x200002c3   Section     2100  uart.o(.bss)
    .bss                                     0x20000af7   Section      500  mqtt_ec.o(.bss)
    .bss                                     0x20000cec   Section       84  mymodbus.o(.bss)
    wd                                       0x20000cec   Data          84  mymodbus.o(.bss)
    STACK                                    0x20000d40   Section     1024  startup_stm32f40_41xxx.o(STACK)

    Global Symbols

    Symbol Name                              Value     Ov Type        Size  Object(Section)

    BuildAttributes$$THM_ISAv4$E$P$D$K$B$S$7EM$VFPi3$EXTD16$VFPS$VFMA$PE$A:L22UL41UL21$X:L11$S22US41US21$IEEE1$IW$USESV6$~STKCKD$USESV7$~SHL$OSPACE$ROPI$EBA8$MICROLIB$REQ8$PRES8$EABIv2 0x00000000   Number         0  anon$$obj.o ABSOLUTE
    __ARM_use_no_argv                        0x00000000   Number         0  main.o ABSOLUTE
    _printf_a                                0x00000000   Number         0  stubs.o ABSOLUTE
    _printf_c                                0x00000000   Number         0  stubs.o ABSOLUTE
    _printf_charcount                        0x00000000   Number         0  stubs.o ABSOLUTE
    _printf_d                                0x00000000   Number         0  stubs.o ABSOLUTE
    _printf_e                                0x00000000   Number         0  stubs.o ABSOLUTE
    _printf_f                                0x00000000   Number         0  stubs.o ABSOLUTE
    _printf_flags                            0x00000000   Number         0  stubs.o ABSOLUTE
    _printf_fp_dec                           0x00000000   Number         0  stubs.o ABSOLUTE
    _printf_fp_hex                           0x00000000   Number         0  stubs.o ABSOLUTE
    _printf_g                                0x00000000   Number         0  stubs.o ABSOLUTE
    _printf_i                                0x00000000   Number         0  stubs.o ABSOLUTE
    _printf_int_dec                          0x00000000   Number         0  stubs.o ABSOLUTE
    _printf_l                                0x00000000   Number         0  stubs.o ABSOLUTE
    _printf_lc                               0x00000000   Number         0  stubs.o ABSOLUTE
    _printf_ll                               0x00000000   Number         0  stubs.o ABSOLUTE
    _printf_lld                              0x00000000   Number         0  stubs.o ABSOLUTE
    _printf_lli                              0x00000000   Number         0  stubs.o ABSOLUTE
    _printf_llo                              0x00000000   Number         0  stubs.o ABSOLUTE
    _printf_llu                              0x00000000   Number         0  stubs.o ABSOLUTE
    _printf_llx                              0x00000000   Number         0  stubs.o ABSOLUTE
    _printf_longlong_dec                     0x00000000   Number         0  stubs.o ABSOLUTE
    _printf_longlong_hex                     0x00000000   Number         0  stubs.o ABSOLUTE
    _printf_longlong_oct                     0x00000000   Number         0  stubs.o ABSOLUTE
    _printf_ls                               0x00000000   Number         0  stubs.o ABSOLUTE
    _printf_mbtowc                           0x00000000   Number         0  stubs.o ABSOLUTE
    _printf_n                                0x00000000   Number         0  stubs.o ABSOLUTE
    _printf_o                                0x00000000   Number         0  stubs.o ABSOLUTE
    _printf_p                                0x00000000   Number         0  stubs.o ABSOLUTE
    _printf_percent                          0x00000000   Number         0  stubs.o ABSOLUTE
    _printf_pre_padding                      0x00000000   Number         0  stubs.o ABSOLUTE
    _printf_return_value                     0x00000000   Number         0  stubs.o ABSOLUTE
    _printf_s                                0x00000000   Number         0  stubs.o ABSOLUTE
    _printf_sizespec                         0x00000000   Number         0  stubs.o ABSOLUTE
    _printf_str                              0x00000000   Number         0  stubs.o ABSOLUTE
    _printf_truncate_signed                  0x00000000   Number         0  stubs.o ABSOLUTE
    _printf_truncate_unsigned                0x00000000   Number         0  stubs.o ABSOLUTE
    _printf_u                                0x00000000   Number         0  stubs.o ABSOLUTE
    _printf_wc                               0x00000000   Number         0  stubs.o ABSOLUTE
    _printf_wctomb                           0x00000000   Number         0  stubs.o ABSOLUTE
    _printf_widthprec                        0x00000000   Number         0  stubs.o ABSOLUTE
    _printf_x                                0x00000000   Number         0  stubs.o ABSOLUTE
    __cpp_initialize__aeabi_                  - Undefined Weak Reference
    __cxa_finalize                            - Undefined Weak Reference
    __decompress                              - Undefined Weak Reference
    _clock_init                               - Undefined Weak Reference
    _microlib_exit                            - Undefined Weak Reference
    __Vectors_Size                           0x00000188   Number         0  startup_stm32f40_41xxx.o ABSOLUTE
    __Vectors                                0x08040000   Data           4  startup_stm32f40_41xxx.o(RESET)
    __Vectors_End                            0x08040188   Data           0  startup_stm32f40_41xxx.o(RESET)
    __main                                   0x08040189   Thumb Code     0  entry.o(.ARM.Collect$$$$00000000)
    _main_stk                                0x08040189   Thumb Code     0  entry2.o(.ARM.Collect$$$$00000001)
    _main_scatterload                        0x0804018d   Thumb Code     0  entry5.o(.ARM.Collect$$$$00000004)
    __main_after_scatterload                 0x08040191   Thumb Code     0  entry5.o(.ARM.Collect$$$$00000004)
    _main_clock                              0x08040191   Thumb Code     0  entry7b.o(.ARM.Collect$$$$00000008)
    _main_cpp_init                           0x08040191   Thumb Code     0  entry8b.o(.ARM.Collect$$$$0000000A)
    _main_init                               0x08040191   Thumb Code     0  entry9a.o(.ARM.Collect$$$$0000000B)
    __rt_final_cpp                           0x08040199   Thumb Code     0  entry10a.o(.ARM.Collect$$$$0000000D)
    __rt_final_exit                          0x08040199   Thumb Code     0  entry11a.o(.ARM.Collect$$$$0000000F)
    Reset_Handler                            0x0804019d   Thumb Code     8  startup_stm32f40_41xxx.o(.text)
    ADC_IRQHandler                           0x080401b7   Thumb Code     0  startup_stm32f40_41xxx.o(.text)
    CAN1_RX0_IRQHandler                      0x080401b7   Thumb Code     0  startup_stm32f40_41xxx.o(.text)
    CAN1_RX1_IRQHandler                      0x080401b7   Thumb Code     0  startup_stm32f40_41xxx.o(.text)
    CAN1_SCE_IRQHandler                      0x080401b7   Thumb Code     0  startup_stm32f40_41xxx.o(.text)
    CAN1_TX_IRQHandler                       0x080401b7   Thumb Code     0  startup_stm32f40_41xxx.o(.text)
    CAN2_RX0_IRQHandler                      0x080401b7   Thumb Code     0  startup_stm32f40_41xxx.o(.text)
    CAN2_RX1_IRQHandler                      0x080401b7   Thumb Code     0  startup_stm32f40_41xxx.o(.text)
    CAN2_SCE_IRQHandler                      0x080401b7   Thumb Code     0  startup_stm32f40_41xxx.o(.text)
    CAN2_TX_IRQHandler                       0x080401b7   Thumb Code     0  startup_stm32f40_41xxx.o(.text)
    CRYP_IRQHandler                          0x080401b7   Thumb Code     0  startup_stm32f40_41xxx.o(.text)
    DCMI_IRQHandler                          0x080401b7   Thumb Code     0  startup_stm32f40_41xxx.o(.text)
    DMA1_Stream0_IRQHandler                  0x080401b7   Thumb Code     0  startup_stm32f40_41xxx.o(.text)
    DMA1_Stream1_IRQHandler                  0x080401b7   Thumb Code     0  startup_stm32f40_41xxx.o(.text)
    DMA1_Stream2_IRQHandler                  0x080401b7   Thumb Code     0  startup_stm32f40_41xxx.o(.text)
    DMA1_Stream3_IRQHandler                  0x080401b7   Thumb Code     0  startup_stm32f40_41xxx.o(.text)
    DMA1_Stream4_IRQHandler                  0x080401b7   Thumb Code     0  startup_stm32f40_41xxx.o(.text)
    DMA1_Stream5_IRQHandler                  0x080401b7   Thumb Code     0  startup_stm32f40_41xxx.o(.text)
    DMA1_Stream6_IRQHandler                  0x080401b7   Thumb Code     0  startup_stm32f40_41xxx.o(.text)
    DMA1_Stream7_IRQHandler                  0x080401b7   Thumb Code     0  startup_stm32f40_41xxx.o(.text)
    DMA2_Stream0_IRQHandler                  0x080401b7   Thumb Code     0  startup_stm32f40_41xxx.o(.text)
    DMA2_Stream1_IRQHandler                  0x080401b7   Thumb Code     0  startup_stm32f40_41xxx.o(.text)
    DMA2_Stream2_IRQHandler                  0x080401b7   Thumb Code     0  startup_stm32f40_41xxx.o(.text)
    DMA2_Stream3_IRQHandler                  0x080401b7   Thumb Code     0  startup_stm32f40_41xxx.o(.text)
    DMA2_Stream4_IRQHandler                  0x080401b7   Thumb Code     0  startup_stm32f40_41xxx.o(.text)
    DMA2_Stream5_IRQHandler                  0x080401b7   Thumb Code     0  startup_stm32f40_41xxx.o(.text)
    DMA2_Stream6_IRQHandler                  0x080401b7   Thumb Code     0  startup_stm32f40_41xxx.o(.text)
    DMA2_Stream7_IRQHandler                  0x080401b7   Thumb Code     0  startup_stm32f40_41xxx.o(.text)
    ETH_IRQHandler                           0x080401b7   Thumb Code     0  startup_stm32f40_41xxx.o(.text)
    ETH_WKUP_IRQHandler                      0x080401b7   Thumb Code     0  startup_stm32f40_41xxx.o(.text)
    EXTI0_IRQHandler                         0x080401b7   Thumb Code     0  startup_stm32f40_41xxx.o(.text)
    EXTI15_10_IRQHandler                     0x080401b7   Thumb Code     0  startup_stm32f40_41xxx.o(.text)
    EXTI1_IRQHandler                         0x080401b7   Thumb Code     0  startup_stm32f40_41xxx.o(.text)
    EXTI2_IRQHandler                         0x080401b7   Thumb Code     0  startup_stm32f40_41xxx.o(.text)
    EXTI3_IRQHandler                         0x080401b7   Thumb Code     0  startup_stm32f40_41xxx.o(.text)
    EXTI4_IRQHandler                         0x080401b7   Thumb Code     0  startup_stm32f40_41xxx.o(.text)
    EXTI9_5_IRQHandler                       0x080401b7   Thumb Code     0  startup_stm32f40_41xxx.o(.text)
    FLASH_IRQHandler                         0x080401b7   Thumb Code     0  startup_stm32f40_41xxx.o(.text)
    FPU_IRQHandler                           0x080401b7   Thumb Code     0  startup_stm32f40_41xxx.o(.text)
    FSMC_IRQHandler                          0x080401b7   Thumb Code     0  startup_stm32f40_41xxx.o(.text)
    HASH_RNG_IRQHandler                      0x080401b7   Thumb Code     0  startup_stm32f40_41xxx.o(.text)
    I2C1_ER_IRQHandler                       0x080401b7   Thumb Code     0  startup_stm32f40_41xxx.o(.text)
    I2C1_EV_IRQHandler                       0x080401b7   Thumb Code     0  startup_stm32f40_41xxx.o(.text)
    I2C2_ER_IRQHandler                       0x080401b7   Thumb Code     0  startup_stm32f40_41xxx.o(.text)
    I2C2_EV_IRQHandler                       0x080401b7   Thumb Code     0  startup_stm32f40_41xxx.o(.text)
    I2C3_ER_IRQHandler                       0x080401b7   Thumb Code     0  startup_stm32f40_41xxx.o(.text)
    I2C3_EV_IRQHandler                       0x080401b7   Thumb Code     0  startup_stm32f40_41xxx.o(.text)
    OTG_FS_IRQHandler                        0x080401b7   Thumb Code     0  startup_stm32f40_41xxx.o(.text)
    OTG_FS_WKUP_IRQHandler                   0x080401b7   Thumb Code     0  startup_stm32f40_41xxx.o(.text)
    OTG_HS_EP1_IN_IRQHandler                 0x080401b7   Thumb Code     0  startup_stm32f40_41xxx.o(.text)
    OTG_HS_EP1_OUT_IRQHandler                0x080401b7   Thumb Code     0  startup_stm32f40_41xxx.o(.text)
    OTG_HS_IRQHandler                        0x080401b7   Thumb Code     0  startup_stm32f40_41xxx.o(.text)
    OTG_HS_WKUP_IRQHandler                   0x080401b7   Thumb Code     0  startup_stm32f40_41xxx.o(.text)
    PVD_IRQHandler                           0x080401b7   Thumb Code     0  startup_stm32f40_41xxx.o(.text)
    RCC_IRQHandler                           0x080401b7   Thumb Code     0  startup_stm32f40_41xxx.o(.text)
    RTC_Alarm_IRQHandler                     0x080401b7   Thumb Code     0  startup_stm32f40_41xxx.o(.text)
    RTC_WKUP_IRQHandler                      0x080401b7   Thumb Code     0  startup_stm32f40_41xxx.o(.text)
    SDIO_IRQHandler                          0x080401b7   Thumb Code     0  startup_stm32f40_41xxx.o(.text)
    SPI1_IRQHandler                          0x080401b7   Thumb Code     0  startup_stm32f40_41xxx.o(.text)
    SPI2_IRQHandler                          0x080401b7   Thumb Code     0  startup_stm32f40_41xxx.o(.text)
    SPI3_IRQHandler                          0x080401b7   Thumb Code     0  startup_stm32f40_41xxx.o(.text)
    TAMP_STAMP_IRQHandler                    0x080401b7   Thumb Code     0  startup_stm32f40_41xxx.o(.text)
    TIM1_BRK_TIM9_IRQHandler                 0x080401b7   Thumb Code     0  startup_stm32f40_41xxx.o(.text)
    TIM1_CC_IRQHandler                       0x080401b7   Thumb Code     0  startup_stm32f40_41xxx.o(.text)
    TIM1_TRG_COM_TIM11_IRQHandler            0x080401b7   Thumb Code     0  startup_stm32f40_41xxx.o(.text)
    TIM1_UP_TIM10_IRQHandler                 0x080401b7   Thumb Code     0  startup_stm32f40_41xxx.o(.text)
    TIM2_IRQHandler                          0x080401b7   Thumb Code     0  startup_stm32f40_41xxx.o(.text)
    TIM4_IRQHandler                          0x080401b7   Thumb Code     0  startup_stm32f40_41xxx.o(.text)
    TIM5_IRQHandler                          0x080401b7   Thumb Code     0  startup_stm32f40_41xxx.o(.text)
    TIM6_DAC_IRQHandler                      0x080401b7   Thumb Code     0  startup_stm32f40_41xxx.o(.text)
    TIM7_IRQHandler                          0x080401b7   Thumb Code     0  startup_stm32f40_41xxx.o(.text)
    TIM8_BRK_TIM12_IRQHandler                0x080401b7   Thumb Code     0  startup_stm32f40_41xxx.o(.text)
    TIM8_CC_IRQHandler                       0x080401b7   Thumb Code     0  startup_stm32f40_41xxx.o(.text)
    TIM8_TRG_COM_TIM14_IRQHandler            0x080401b7   Thumb Code     0  startup_stm32f40_41xxx.o(.text)
    TIM8_UP_TIM13_IRQHandler                 0x080401b7   Thumb Code     0  startup_stm32f40_41xxx.o(.text)
    UART5_IRQHandler                         0x080401b7   Thumb Code     0  startup_stm32f40_41xxx.o(.text)
    USART6_IRQHandler                        0x080401b7   Thumb Code     0  startup_stm32f40_41xxx.o(.text)
    WWDG_IRQHandler                          0x080401b7   Thumb Code     0  startup_stm32f40_41xxx.o(.text)
    mktime                                   0x080401c1   Thumb Code   150  mktime.o(.text)
    __aeabi_memset                           0x08040269   Thumb Code    14  memseta.o(.text)
    __aeabi_memset4                          0x08040269   Thumb Code     0  memseta.o(.text)
    __aeabi_memset8                          0x08040269   Thumb Code     0  memseta.o(.text)
    __aeabi_memclr                           0x08040277   Thumb Code     4  memseta.o(.text)
    __aeabi_memclr4                          0x08040277   Thumb Code     0  memseta.o(.text)
    __aeabi_memclr8                          0x08040277   Thumb Code     0  memseta.o(.text)
    _memset$wrapper                          0x0804027b   Thumb Code    18  memseta.o(.text)
    strlen                                   0x0804028d   Thumb Code    14  strlen.o(.text)
    __aeabi_f2d                              0x0804029b   Thumb Code    38  f2d.o(.text)
    __aeabi_uidiv                            0x080402c1   Thumb Code     0  uidiv.o(.text)
    __aeabi_uidivmod                         0x080402c1   Thumb Code    44  uidiv.o(.text)
    __aeabi_uldivmod                         0x080402ed   Thumb Code    98  uldiv.o(.text)
    _localtime                               0x08040351   Thumb Code   134  localtime_i.o(.text)
    __I$use$fp                               0x080403dd   Thumb Code     0  iusefp.o(.text)
    __aeabi_dadd                             0x080403dd   Thumb Code   322  dadd.o(.text)
    __aeabi_dsub                             0x0804051f   Thumb Code     6  dadd.o(.text)
    __aeabi_drsub                            0x08040525   Thumb Code     6  dadd.o(.text)
    __aeabi_dmul                             0x0804052b   Thumb Code   228  dmul.o(.text)
    __aeabi_ddiv                             0x0804060f   Thumb Code   222  ddiv.o(.text)
    __aeabi_d2ulz                            0x080406ed   Thumb Code    48  dfixul.o(.text)
    __aeabi_cdrcmple                         0x0804071d   Thumb Code    48  cdrcmple.o(.text)
    __scatterload                            0x0804074d   Thumb Code    28  init.o(.text)
    __scatterload_rt2                        0x0804074d   Thumb Code     0  init.o(.text)
    __aeabi_llsl                             0x08040771   Thumb Code    30  llshl.o(.text)
    _ll_shift_l                              0x08040771   Thumb Code     0  llshl.o(.text)
    __aeabi_llsr                             0x0804078f   Thumb Code    32  llushr.o(.text)
    _ll_ushift_r                             0x0804078f   Thumb Code     0  llushr.o(.text)
    __aeabi_lasr                             0x080407af   Thumb Code    36  llsshr.o(.text)
    _ll_sshift_r                             0x080407af   Thumb Code     0  llsshr.o(.text)
    _double_round                            0x080407d3   Thumb Code    30  depilogue.o(.text)
    _double_epilogue                         0x080407f1   Thumb Code   156  depilogue.o(.text)
    AT_CEREG                                 0x0804088d   Thumb Code    86  ec20.o(i.AT_CEREG)
    AT_CGSN                                  0x08040901   Thumb Code   110  ec20.o(i.AT_CGSN)
    AT_CIMI                                  0x0804098d   Thumb Code    72  ec20.o(i.AT_CIMI)
    AT_CSQ                                   0x080409f1   Thumb Code   136  ec20.o(i.AT_CSQ)
    AT_QIACT                                 0x08040a9d   Thumb Code    72  ec20.o(i.AT_QIACT)
    AT_QICLOSE                               0x08040b05   Thumb Code    70  ec20.o(i.AT_QICLOSE)
    AT_QICSGP                                0x08040b71   Thumb Code    72  ec20.o(i.AT_QICSGP)
    AT_QIOPEN                                0x08040bd9   Thumb Code   144  ec20.o(i.AT_QIOPEN)
    BusFault_Handler                         0x08040ca5   Thumb Code     4  stm32f4xx_it.o(i.BusFault_Handler)
    Cal_Checksum_u8                          0x08040ca9   Thumb Code    40  mymodbus.o(i.Cal_Checksum_u8)
    DataHand                                 0x08040cd1   Thumb Code   100  mymodbus.o(i.DataHand)
    DebugMon_Handler                         0x08040d3d   Thumb Code     2  stm32f4xx_it.o(i.DebugMon_Handler)
    FindString                               0x08040d3f   Thumb Code    74  ec20.o(i.FindString)
    GPIO_Init                                0x08040d89   Thumb Code   144  stm32f4xx_gpio.o(i.GPIO_Init)
    GPIO_PinAFConfig                         0x08040e19   Thumb Code    70  stm32f4xx_gpio.o(i.GPIO_PinAFConfig)
    GPIO_ResetBits                           0x08040e5f   Thumb Code     4  stm32f4xx_gpio.o(i.GPIO_ResetBits)
    GPIO_SetBits                             0x08040e63   Thumb Code     4  stm32f4xx_gpio.o(i.GPIO_SetBits)
    GPIO_ToggleBits                          0x08040e67   Thumb Code     8  stm32f4xx_gpio.o(i.GPIO_ToggleBits)
    GetData                                  0x08040e6f   Thumb Code    22  mymodbus.o(i.GetData)
    HardFault_Handler                        0x08040e85   Thumb Code     4  stm32f4xx_it.o(i.HardFault_Handler)
    IWDG_Feed                                0x08040e89   Thumb Code     8  iwdg.o(i.IWDG_Feed)
    IWDG_ReloadCounter                       0x08040e91   Thumb Code    10  stm32f4xx_iwdg.o(i.IWDG_ReloadCounter)
    JEC_IO_Init                              0x08040ea1   Thumb Code     8  init.o(i.JEC_IO_Init)
    MemManage_Handler                        0x08040ea9   Thumb Code     4  stm32f4xx_it.o(i.MemManage_Handler)
    NMI_Handler                              0x08040ead   Thumb Code     2  stm32f4xx_it.o(i.NMI_Handler)
    NVIC_Init                                0x08040eb1   Thumb Code   106  misc.o(i.NVIC_Init)
    PendSV_Handler                           0x08040f51   Thumb Code     2  stm32f4xx_it.o(i.PendSV_Handler)
    RCC_AHB1PeriphClockCmd                   0x08040f55   Thumb Code    26  stm32f4xx_rcc.o(i.RCC_AHB1PeriphClockCmd)
    RCC_APB1PeriphClockCmd                   0x08040f75   Thumb Code    26  stm32f4xx_rcc.o(i.RCC_APB1PeriphClockCmd)
    RCC_APB2PeriphClockCmd                   0x08040f95   Thumb Code    26  stm32f4xx_rcc.o(i.RCC_APB2PeriphClockCmd)
    RCC_GetClocksFreq                        0x08040fb5   Thumb Code   214  stm32f4xx_rcc.o(i.RCC_GetClocksFreq)
    SVC_Handler                              0x0804109d   Thumb Code     2  stm32f4xx_it.o(i.SVC_Handler)
    SysTick_Handler                          0x0804118d   Thumb Code   174  stm32f4xx_it.o(i.SysTick_Handler)
    SystemInit                               0x0804125d   Thumb Code    86  system_stm32f4xx.o(i.SystemInit)
    TIM3_IRQHandler                          0x080412c9   Thumb Code    96  stm32f4xx_it.o(i.TIM3_IRQHandler)
    TIM_ClearITPendingBit                    0x08041339   Thumb Code     6  stm32f4xx_tim.o(i.TIM_ClearITPendingBit)
    TIM_Cmd                                  0x0804133f   Thumb Code    24  stm32f4xx_tim.o(i.TIM_Cmd)
    TIM_GetITStatus                          0x08041357   Thumb Code    34  stm32f4xx_tim.o(i.TIM_GetITStatus)
    TIM_ITConfig                             0x08041379   Thumb Code    18  stm32f4xx_tim.o(i.TIM_ITConfig)
    TIM_TimeBaseInit                         0x0804138d   Thumb Code   104  stm32f4xx_tim.o(i.TIM_TimeBaseInit)
    UART4_IRQHandler                         0x08041411   Thumb Code    84  stm32f4xx_it.o(i.UART4_IRQHandler)
    USART1SendChar                           0x08041479   Thumb Code    20  uart.o(i.USART1SendChar)
    USART1SendString                         0x08041491   Thumb Code    38  uart.o(i.USART1SendString)
    USART1_IRQHandler                        0x080414bd   Thumb Code    82  stm32f4xx_it.o(i.USART1_IRQHandler)
    USART2SendChar                           0x08041525   Thumb Code    22  uart.o(i.USART2SendChar)
    USART2SendString                         0x08041541   Thumb Code    38  uart.o(i.USART2SendString)
    USART2_IRQHandler                        0x0804156d   Thumb Code    70  stm32f4xx_it.o(i.USART2_IRQHandler)
    USART3SendChar                           0x080415c1   Thumb Code    22  uart.o(i.USART3SendChar)
    USART3SendString                         0x080415dd   Thumb Code    38  uart.o(i.USART3SendString)
    USART3_IRQHandler                        0x08041609   Thumb Code    78  stm32f4xx_it.o(i.USART3_IRQHandler)
    USART_Cmd                                0x08041669   Thumb Code    24  stm32f4xx_usart.o(i.USART_Cmd)
    USART_GetITStatus                        0x08041681   Thumb Code    84  stm32f4xx_usart.o(i.USART_GetITStatus)
    USART_ITConfig                           0x080416d5   Thumb Code    74  stm32f4xx_usart.o(i.USART_ITConfig)
    USART_Init                               0x08041721   Thumb Code   204  stm32f4xx_usart.o(i.USART_Init)
    UsageFault_Handler                       0x080417f5   Thumb Code     4  stm32f4xx_it.o(i.UsageFault_Handler)
    __0sprintf                               0x080417f9   Thumb Code    34  printfa.o(i.__0sprintf)
    __1sprintf                               0x080417f9   Thumb Code     0  printfa.o(i.__0sprintf)
    __2sprintf                               0x080417f9   Thumb Code     0  printfa.o(i.__0sprintf)
    __c89sprintf                             0x080417f9   Thumb Code     0  printfa.o(i.__0sprintf)
    sprintf                                  0x080417f9   Thumb Code     0  printfa.o(i.__0sprintf)
    __scatterload_copy                       0x08041821   Thumb Code    14  handlers.o(i.__scatterload_copy)
    __scatterload_null                       0x0804182f   Thumb Code     2  handlers.o(i.__scatterload_null)
    __scatterload_zeroinit                   0x08041831   Thumb Code    14  handlers.o(i.__scatterload_zeroinit)
    bsp_Usart3_RecTime_Add                   0x080420fd   Thumb Code    26  uart.o(i.bsp_Usart3_RecTime_Add)
    bsp_Usart3_Rec_New                       0x08042121   Thumb Code    34  uart.o(i.bsp_Usart3_Rec_New)
    bsp_uart_close_port                      0x0804214d   Thumb Code   134  bsp_uart.o(i.bsp_uart_close_port)
    bsp_uart_open_port                       0x080421d9   Thumb Code   240  bsp_uart.o(i.bsp_uart_open_port)
    connect                                  0x080423e1   Thumb Code    48  ec20.o(i.connect)
    date_preocess                            0x08042411   Thumb Code   264  mymodbus.o(i.date_preocess)
    date_query                               0x0804253d   Thumb Code    22  mymodbus.o(i.date_query)
    deinit_timer3                            0x08042561   Thumb Code    30  time.o(i.deinit_timer3)
    delay_ms                                 0x08042585   Thumb Code    32  time.o(i.delay_ms)
    disconnect                               0x080425a5   Thumb Code    44  mqtt_ec.o(i.disconnect)
    display_ledinit                          0x080425d9   Thumb Code   172  init.o(i.display_ledinit)
    gprs_dev_init                            0x0804268d   Thumb Code   198  gprs_dev.o(i.gprs_dev_init)
    gprs_dev_restart                         0x0804275d   Thumb Code   126  gprs_dev.o(i.gprs_dev_restart)
    init_timer3                              0x080427e1   Thumb Code    86  time.o(i.init_timer3)
    led_start                                0x0804283d   Thumb Code   188  init.o(i.led_start)
    main                                     0x08042901   Thumb Code   734  main.o(i.main)
    model_gettime                            0x08042ca9   Thumb Code   392  ec20.o(i.model_gettime)
    mqtt_connect                             0x08042e95   Thumb Code   222  mqtt_ec.o(i.mqtt_connect)
    mqtt_wr                                  0x08042f95   Thumb Code   264  mqtt_ec.o(i.mqtt_wr)
    publish                                  0x080430cd   Thumb Code   232  mqtt_ec.o(i.publish)
    standard_to_stamp                        0x080431d1   Thumb Code    60  time.o(i.standard_to_stamp)
    subscribe                                0x0804320d   Thumb Code   344  mqtt_ec.o(i.subscribe)
    unsubscribe                              0x0804339d   Thumb Code   148  mqtt_ec.o(i.unsubscribe)
    write                                    0x0804343d   Thumb Code   162  mqtt_ec.o(i.write)
    writeString                              0x080434df   Thumb Code    56  mqtt_ec.o(i.writeString)
    Region$$Table$$Base                      0x080436b8   Number         0  anon$$obj.o(Region$$Table)
    Region$$Table$$Limit                     0x080436d8   Number         0  anon$$obj.o(Region$$Table)
    g_user_voc                               0x20000000   Data           4  main.o(.data)
    g_user_temp                              0x20000004   Data           4  main.o(.data)
    g_user_hum                               0x20000008   Data           4  main.o(.data)
    TIMEP                                    0x2000000c   Data           4  main.o(.data)
    EC                                       0x20000010   Data           2  main.o(.data)
    DT                                       0x20000012   Data           5  main.o(.data)
    ip1                                      0x20000017   Data          14  main.o(.data)
    port1                                    0x20000028   Data           4  main.o(.data)
    BV                                       0x2000002c   Data           4  main.o(.data)
    RSSI                                     0x20000030   Data           1  main.o(.data)
    flag_5_min                               0x20000031   Data           1  main.o(.data)
    NRB_flag                                 0x20000032   Data           2  main.o(.data)
    NBsend_flag                              0x20000034   Data           2  main.o(.data)
    Startsend_flag                           0x20000036   Data           2  main.o(.data)
    year                                     0x20000038   Data           2  main.o(.data)
    mon                                      0x2000003a   Data           2  main.o(.data)
    day                                      0x2000003c   Data           2  main.o(.data)
    second                                   0x2000003e   Data           2  main.o(.data)
    min                                      0x20000040   Data           2  main.o(.data)
    hour                                     0x20000042   Data           2  main.o(.data)
    consttimeflag                            0x20000044   Data           2  main.o(.data)
    mqtt_dateLen                             0x20000048   Data           4  main.o(.data)
    SenddateLen                              0x2000004c   Data           4  main.o(.data)
    socket                                   0x20000050   Data           4  main.o(.data)
    ftpIp                                    0x20000054   Data          15  main.o(.data)
    ftpPort                                  0x20000064   Data           2  main.o(.data)
    ftpUser                                  0x20000066   Data           8  main.o(.data)
    ftpPass                                  0x2000006e   Data          11  main.o(.data)
    ftpDirectory                             0x20000079   Data          13  main.o(.data)
    ftpFilename                              0x20000086   Data          11  main.o(.data)
    SysTickCount                             0x20000094   Data           4  stm32f4xx_it.o(.data)
    __time_20ms                              0x20000098   Data           1  time.o(.data)
    _time_1s                                 0x20000099   Data           1  time.o(.data)
    _time_20s                                0x2000009a   Data           2  time.o(.data)
    Msg1RxCount                              0x2000009c   Data           4  uart.o(.data)
    Msg1RxLen                                0x200000a0   Data           1  uart.o(.data)
    Msg1RxFrameOK                            0x200000a1   Data           1  uart.o(.data)
    Msg2RxCount                              0x200000a4   Data           4  uart.o(.data)
    Msg2RxLen                                0x200000a8   Data           4  uart.o(.data)
    Msg2RxFrameOK                            0x200000ac   Data           1  uart.o(.data)
    Msg3RxCount                              0x200000b0   Data           4  uart.o(.data)
    Msg3RxLen                                0x200000b4   Data           4  uart.o(.data)
    Msg3RxFrameOK                            0x200000b8   Data           1  uart.o(.data)
    Msg4RxCount                              0x200000bc   Data           4  uart.o(.data)
    Msg4RxLen                                0x200000c0   Data           4  uart.o(.data)
    Msg4RxFrameOK                            0x200000c4   Data           1  uart.o(.data)
    u3iSendCnt                               0x200000c5   Data           1  uart.o(.data)
    u3cSendLock                              0x200000c6   Data           1  uart.o(.data)
    SystemCoreClock                          0x200000d8   Data           4  system_stm32f4xx.o(.data)
    AHBPrescTable                            0x200000dc   Data          16  system_stm32f4xx.o(.data)
    _state                                   0x200000f0   Data           4  mqtt_ec.o(.data)
    nextMsgId                                0x200000f4   Data           2  mqtt_ec.o(.data)
    id                                       0x200000f8   Data          24  main.o(.bss)
    IMEI                                     0x20000110   Data          16  main.o(.bss)
    IMSI                                     0x20000120   Data          16  main.o(.bss)
    LO                                       0x20000130   Data          11  main.o(.bss)
    LA                                       0x2000013b   Data          10  main.o(.bss)
    TIME                                     0x20000145   Data           9  main.o(.bss)
    mqtt_date                                0x2000014e   Data         100  main.o(.bss)
    Senddate                                 0x200001b2   Data         250  main.o(.bss)
    subTopic                                 0x200002ac   Data          23  main.o(.bss)
    Msg1TxBuf                                0x200002c3   Data         200  uart.o(.bss)
    Msg1RxBuf                                0x2000038b   Data         200  uart.o(.bss)
    Msg1RxUse                                0x20000453   Data         200  uart.o(.bss)
    Msg2TxBuf                                0x2000051b   Data         120  uart.o(.bss)
    Msg2RxBuf                                0x20000593   Data         180  uart.o(.bss)
    Msg3TxBuf                                0x20000647   Data         200  uart.o(.bss)
    Msg3RxBuf                                0x2000070f   Data         200  uart.o(.bss)
    Msg3RxUse                                0x200007d7   Data         200  uart.o(.bss)
    Msg4TxBuf                                0x2000089f   Data         200  uart.o(.bss)
    Msg4RxBuf                                0x20000967   Data         200  uart.o(.bss)
    Msg4RxUse                                0x20000a2f   Data         200  uart.o(.bss)
    buffer                                   0x20000af7   Data         500  mqtt_ec.o(.bss)
    __initial_sp                             0x20001140   Data           0  startup_stm32f40_41xxx.o(STACK)



==============================================================================

Memory Map of the image

  Image Entry point : 0x08040189

  Load Region LR_IROM1 (Base: 0x08040000, Size: 0x000037d0, Max: 0x00040000, ABSOLUTE)

    Execution Region ER_IROM1 (Exec base: 0x08040000, Load base: 0x08040000, Size: 0x000036d8, Max: 0x00040000, ABSOLUTE)

    Exec Addr    Load Addr    Size         Type   Attr      Idx    E Section Name        Object

    0x08040000   0x08040000   0x00000188   Data   RO            3    RESET               startup_stm32f40_41xxx.o
    0x08040188   0x08040188   0x00000000   Code   RO         2631  * .ARM.Collect$$$$00000000  mc_w.l(entry.o)
    0x08040188   0x08040188   0x00000004   Code   RO         2904    .ARM.Collect$$$$00000001  mc_w.l(entry2.o)
    0x0804018c   0x0804018c   0x00000004   Code   RO         2907    .ARM.Collect$$$$00000004  mc_w.l(entry5.o)
    0x08040190   0x08040190   0x00000000   Code   RO         2909    .ARM.Collect$$$$00000008  mc_w.l(entry7b.o)
    0x08040190   0x08040190   0x00000000   Code   RO         2911    .ARM.Collect$$$$0000000A  mc_w.l(entry8b.o)
    0x08040190   0x08040190   0x00000008   Code   RO         2912    .ARM.Collect$$$$0000000B  mc_w.l(entry9a.o)
    0x08040198   0x08040198   0x00000000   Code   RO         2914    .ARM.Collect$$$$0000000D  mc_w.l(entry10a.o)
    0x08040198   0x08040198   0x00000000   Code   RO         2916    .ARM.Collect$$$$0000000F  mc_w.l(entry11a.o)
    0x08040198   0x08040198   0x00000004   Code   RO         2905    .ARM.Collect$$$$00002712  mc_w.l(entry2.o)
    0x0804019c   0x0804019c   0x00000024   Code   RO            4    .text               startup_stm32f40_41xxx.o
    0x080401c0   0x080401c0   0x000000a8   Code   RO         2634    .text               mc_w.l(mktime.o)
    0x08040268   0x08040268   0x00000024   Code   RO         2637    .text               mc_w.l(memseta.o)
    0x0804028c   0x0804028c   0x0000000e   Code   RO         2639    .text               mc_w.l(strlen.o)
    0x0804029a   0x0804029a   0x00000026   Code   RO         2902    .text               mf_w.l(f2d.o)
    0x080402c0   0x080402c0   0x0000002c   Code   RO         2921    .text               mc_w.l(uidiv.o)
    0x080402ec   0x080402ec   0x00000062   Code   RO         2923    .text               mc_w.l(uldiv.o)
    0x0804034e   0x0804034e   0x00000002   PAD
    0x08040350   0x08040350   0x0000008c   Code   RO         2928    .text               mc_w.l(localtime_i.o)
    0x080403dc   0x080403dc   0x00000000   Code   RO         2931    .text               mc_w.l(iusefp.o)
    0x080403dc   0x080403dc   0x0000014e   Code   RO         2932    .text               mf_w.l(dadd.o)
    0x0804052a   0x0804052a   0x000000e4   Code   RO         2934    .text               mf_w.l(dmul.o)
    0x0804060e   0x0804060e   0x000000de   Code   RO         2936    .text               mf_w.l(ddiv.o)
    0x080406ec   0x080406ec   0x00000030   Code   RO         2938    .text               mf_w.l(dfixul.o)
    0x0804071c   0x0804071c   0x00000030   Code   RO         2940    .text               mf_w.l(cdrcmple.o)
    0x0804074c   0x0804074c   0x00000024   Code   RO         2942    .text               mc_w.l(init.o)
    0x08040770   0x08040770   0x0000001e   Code   RO         2945    .text               mc_w.l(llshl.o)
    0x0804078e   0x0804078e   0x00000020   Code   RO         2947    .text               mc_w.l(llushr.o)
    0x080407ae   0x080407ae   0x00000024   Code   RO         2949    .text               mc_w.l(llsshr.o)
    0x080407d2   0x080407d2   0x000000ba   Code   RO         2952    .text               mf_w.l(depilogue.o)
    0x0804088c   0x0804088c   0x00000074   Code   RO         2290    i.AT_CEREG          ec20.o
    0x08040900   0x08040900   0x0000008c   Code   RO         2291    i.AT_CGSN           ec20.o
    0x0804098c   0x0804098c   0x00000064   Code   RO         2292    i.AT_CIMI           ec20.o
    0x080409f0   0x080409f0   0x000000ac   Code   RO         2294    i.AT_CSQ            ec20.o
    0x08040a9c   0x08040a9c   0x00000068   Code   RO         2295    i.AT_QIACT          ec20.o
    0x08040b04   0x08040b04   0x0000006c   Code   RO         2296    i.AT_QICLOSE        ec20.o
    0x08040b70   0x08040b70   0x00000068   Code   RO         2297    i.AT_QICSGP         ec20.o
    0x08040bd8   0x08040bd8   0x000000cc   Code   RO         2298    i.AT_QIOPEN         ec20.o
    0x08040ca4   0x08040ca4   0x00000004   Code   RO          201    i.BusFault_Handler  stm32f4xx_it.o
    0x08040ca8   0x08040ca8   0x00000028   Code   RO         2565    i.Cal_Checksum_u8   mymodbus.o
    0x08040cd0   0x08040cd0   0x0000006c   Code   RO         2566    i.DataHand          mymodbus.o
    0x08040d3c   0x08040d3c   0x00000002   Code   RO          202    i.DebugMon_Handler  stm32f4xx_it.o
    0x08040d3e   0x08040d3e   0x0000004a   Code   RO         2300    i.FindString        ec20.o
    0x08040d88   0x08040d88   0x00000090   Code   RO          692    i.GPIO_Init         stm32f4xx_gpio.o
    0x08040e18   0x08040e18   0x00000046   Code   RO          693    i.GPIO_PinAFConfig  stm32f4xx_gpio.o
    0x08040e5e   0x08040e5e   0x00000004   Code   RO          699    i.GPIO_ResetBits    stm32f4xx_gpio.o
    0x08040e62   0x08040e62   0x00000004   Code   RO          700    i.GPIO_SetBits      stm32f4xx_gpio.o
    0x08040e66   0x08040e66   0x00000008   Code   RO          702    i.GPIO_ToggleBits   stm32f4xx_gpio.o
    0x08040e6e   0x08040e6e   0x00000016   Code   RO         2567    i.GetData           mymodbus.o
    0x08040e84   0x08040e84   0x00000004   Code   RO          203    i.HardFault_Handler  stm32f4xx_it.o
    0x08040e88   0x08040e88   0x00000008   Code   RO         2607    i.IWDG_Feed         iwdg.o
    0x08040e90   0x08040e90   0x00000010   Code   RO         2129    i.IWDG_ReloadCounter  stm32f4xx_iwdg.o
    0x08040ea0   0x08040ea0   0x00000008   Code   RO          314    i.JEC_IO_Init       init.o
    0x08040ea8   0x08040ea8   0x00000004   Code   RO          204    i.MemManage_Handler  stm32f4xx_it.o
    0x08040eac   0x08040eac   0x00000002   Code   RO          205    i.NMI_Handler       stm32f4xx_it.o
    0x08040eae   0x08040eae   0x00000002   PAD
    0x08040eb0   0x08040eb0   0x00000078   Code   RO          516    i.NVIC_Init         misc.o
    0x08040f28   0x08040f28   0x00000028   Code   RO           12    i.NVIC_SetPriority  main.o
    0x08040f50   0x08040f50   0x00000002   Code   RO          206    i.PendSV_Handler    stm32f4xx_it.o
    0x08040f52   0x08040f52   0x00000002   PAD
    0x08040f54   0x08040f54   0x00000020   Code   RO          789    i.RCC_AHB1PeriphClockCmd  stm32f4xx_rcc.o
    0x08040f74   0x08040f74   0x00000020   Code   RO          798    i.RCC_APB1PeriphClockCmd  stm32f4xx_rcc.o
    0x08040f94   0x08040f94   0x00000020   Code   RO          801    i.RCC_APB2PeriphClockCmd  stm32f4xx_rcc.o
    0x08040fb4   0x08040fb4   0x000000e8   Code   RO          810    i.RCC_GetClocksFreq  stm32f4xx_rcc.o
    0x0804109c   0x0804109c   0x00000002   Code   RO          207    i.SVC_Handler       stm32f4xx_it.o
    0x0804109e   0x0804109e   0x00000002   PAD
    0x080410a0   0x080410a0   0x000000ec   Code   RO         2177    i.SetSysClock       system_stm32f4xx.o
    0x0804118c   0x0804118c   0x000000d0   Code   RO          208    i.SysTick_Handler   stm32f4xx_it.o
    0x0804125c   0x0804125c   0x0000006c   Code   RO         2179    i.SystemInit        system_stm32f4xx.o
    0x080412c8   0x080412c8   0x00000070   Code   RO          209    i.TIM3_IRQHandler   stm32f4xx_it.o
    0x08041338   0x08041338   0x00000006   Code   RO         1134    i.TIM_ClearITPendingBit  stm32f4xx_tim.o
    0x0804133e   0x0804133e   0x00000018   Code   RO         1139    i.TIM_Cmd           stm32f4xx_tim.o
    0x08041356   0x08041356   0x00000022   Code   RO         1160    i.TIM_GetITStatus   stm32f4xx_tim.o
    0x08041378   0x08041378   0x00000012   Code   RO         1164    i.TIM_ITConfig      stm32f4xx_tim.o
    0x0804138a   0x0804138a   0x00000002   PAD
    0x0804138c   0x0804138c   0x00000084   Code   RO         1211    i.TIM_TimeBaseInit  stm32f4xx_tim.o
    0x08041410   0x08041410   0x00000068   Code   RO          210    i.UART4_IRQHandler  stm32f4xx_it.o
    0x08041478   0x08041478   0x00000018   Code   RO          413    i.USART1SendChar    uart.o
    0x08041490   0x08041490   0x0000002c   Code   RO          414    i.USART1SendString  uart.o
    0x080414bc   0x080414bc   0x00000068   Code   RO          211    i.USART1_IRQHandler  stm32f4xx_it.o
    0x08041524   0x08041524   0x0000001c   Code   RO          415    i.USART2SendChar    uart.o
    0x08041540   0x08041540   0x0000002c   Code   RO          416    i.USART2SendString  uart.o
    0x0804156c   0x0804156c   0x00000054   Code   RO          212    i.USART2_IRQHandler  stm32f4xx_it.o
    0x080415c0   0x080415c0   0x0000001c   Code   RO          417    i.USART3SendChar    uart.o
    0x080415dc   0x080415dc   0x0000002c   Code   RO          418    i.USART3SendString  uart.o
    0x08041608   0x08041608   0x00000060   Code   RO          213    i.USART3_IRQHandler  stm32f4xx_it.o
    0x08041668   0x08041668   0x00000018   Code   RO         1689    i.USART_Cmd         stm32f4xx_usart.o
    0x08041680   0x08041680   0x00000054   Code   RO         1693    i.USART_GetITStatus  stm32f4xx_usart.o
    0x080416d4   0x080416d4   0x0000004a   Code   RO         1695    i.USART_ITConfig    stm32f4xx_usart.o
    0x0804171e   0x0804171e   0x00000002   PAD
    0x08041720   0x08041720   0x000000d4   Code   RO         1696    i.USART_Init        stm32f4xx_usart.o
    0x080417f4   0x080417f4   0x00000004   Code   RO          214    i.UsageFault_Handler  stm32f4xx_it.o
    0x080417f8   0x080417f8   0x00000028   Code   RO         2876    i.__0sprintf        mc_w.l(printfa.o)
    0x08041820   0x08041820   0x0000000e   Code   RO         2956    i.__scatterload_copy  mc_w.l(handlers.o)
    0x0804182e   0x0804182e   0x00000002   Code   RO         2957    i.__scatterload_null  mc_w.l(handlers.o)
    0x08041830   0x08041830   0x0000000e   Code   RO         2958    i.__scatterload_zeroinit  mc_w.l(handlers.o)
    0x0804183e   0x0804183e   0x00000002   PAD
    0x08041840   0x08041840   0x00000184   Code   RO         2881    i._fp_digits        mc_w.l(printfa.o)
    0x080419c4   0x080419c4   0x000006dc   Code   RO         2882    i._printf_core      mc_w.l(printfa.o)
    0x080420a0   0x080420a0   0x00000024   Code   RO         2883    i._printf_post_padding  mc_w.l(printfa.o)
    0x080420c4   0x080420c4   0x0000002e   Code   RO         2884    i._printf_pre_padding  mc_w.l(printfa.o)
    0x080420f2   0x080420f2   0x0000000a   Code   RO         2886    i._sputc            mc_w.l(printfa.o)
    0x080420fc   0x080420fc   0x00000024   Code   RO          419    i.bsp_Usart3_RecTime_Add  uart.o
    0x08042120   0x08042120   0x0000002c   Code   RO          420    i.bsp_Usart3_Rec_New  uart.o
    0x0804214c   0x0804214c   0x0000008c   Code   RO         2246    i.bsp_uart_close_port  bsp_uart.o
    0x080421d8   0x080421d8   0x000000f4   Code   RO         2247    i.bsp_uart_open_port  bsp_uart.o
    0x080422cc   0x080422cc   0x00000114   Code   RO         2248    i.bsp_uart_pin_enable  bsp_uart.o
    0x080423e0   0x080423e0   0x00000030   Code   RO         2302    i.connect           ec20.o
    0x08042410   0x08042410   0x0000012c   Code   RO         2568    i.date_preocess     mymodbus.o
    0x0804253c   0x0804253c   0x00000024   Code   RO         2569    i.date_query        mymodbus.o
    0x08042560   0x08042560   0x00000024   Code   RO          356    i.deinit_timer3     time.o
    0x08042584   0x08042584   0x00000020   Code   RO          357    i.delay_ms          time.o
    0x080425a4   0x080425a4   0x00000034   Code   RO         2444    i.disconnect        mqtt_ec.o
    0x080425d8   0x080425d8   0x000000b4   Code   RO          316    i.display_ledinit   init.o
    0x0804268c   0x0804268c   0x000000d0   Code   RO         2397    i.gprs_dev_init     gprs_dev.o
    0x0804275c   0x0804275c   0x00000084   Code   RO         2400    i.gprs_dev_restart  gprs_dev.o
    0x080427e0   0x080427e0   0x0000005c   Code   RO          358    i.init_timer3       time.o
    0x0804283c   0x0804283c   0x000000c4   Code   RO          317    i.led_start         init.o
    0x08042900   0x08042900   0x000003a8   Code   RO           13    i.main              main.o
    0x08042ca8   0x08042ca8   0x000001ec   Code   RO         2304    i.model_gettime     ec20.o
    0x08042e94   0x08042e94   0x00000100   Code   RO         2445    i.mqtt_connect      mqtt_ec.o
    0x08042f94   0x08042f94   0x00000138   Code   RO         2446    i.mqtt_wr           mqtt_ec.o
    0x080430cc   0x080430cc   0x00000104   Code   RO         2447    i.publish           mqtt_ec.o
    0x080431d0   0x080431d0   0x0000003c   Code   RO          359    i.standard_to_stamp  time.o
    0x0804320c   0x0804320c   0x00000190   Code   RO         2448    i.subscribe         mqtt_ec.o
    0x0804339c   0x0804339c   0x000000a0   Code   RO         2449    i.unsubscribe       mqtt_ec.o
    0x0804343c   0x0804343c   0x000000a2   Code   RO         2450    i.write             mqtt_ec.o
    0x080434de   0x080434de   0x00000038   Code   RO         2451    i.writeString       mqtt_ec.o
    0x08043516   0x08043516   0x00000002   PAD
    0x08043518   0x08043518   0x00000108   Data   RO         2250    .constdata          bsp_uart.o
    0x08043620   0x08043620   0x0000000c   Data   RO         2635    .constdata          mc_w.l(mktime.o)
    0x0804362c   0x0804362c   0x0000000c   Data   RO         2929    .constdata          mc_w.l(localtime_i.o)
    0x08043638   0x08043638   0x0000007d   Data   RO           15    .conststring        main.o
    0x080436b5   0x080436b5   0x00000003   PAD
    0x080436b8   0x080436b8   0x00000020   Data   RO         2954    Region$$Table       anon$$obj.o


    Execution Region RW_IRAM1 (Exec base: 0x20000000, Load base: 0x080436d8, Size: 0x00001140, Max: 0x00020000, ABSOLUTE)

    Exec Addr    Load Addr    Size         Type   Attr      Idx    E Section Name        Object

    0x20000000   0x080436d8   0x00000091   Data   RW           16    .data               main.o
    0x20000091   0x08043769   0x00000003   PAD
    0x20000094   0x0804376c   0x00000004   Data   RW          215    .data               stm32f4xx_it.o
    0x20000098   0x08043770   0x00000004   Data   RW          361    .data               time.o
    0x2000009c   0x08043774   0x0000002b   Data   RW          426    .data               uart.o
    0x200000c7   0x0804379f   0x00000010   Data   RW          842    .data               stm32f4xx_rcc.o
    0x200000d7   0x080437af   0x00000001   PAD
    0x200000d8   0x080437b0   0x00000014   Data   RW         2180    .data               system_stm32f4xx.o
    0x200000ec   0x080437c4   0x00000001   Data   RW         2305    .data               ec20.o
    0x200000ed   0x080437c5   0x00000003   PAD
    0x200000f0   0x080437c8   0x00000006   Data   RW         2453    .data               mqtt_ec.o
    0x200000f6   0x080437ce   0x00000001   Data   RW         2571    .data               mymodbus.o
    0x200000f7   0x080437cf   0x00000001   PAD
    0x200000f8        -       0x000001cb   Zero   RW           14    .bss                main.o
    0x200002c3        -       0x00000834   Zero   RW          425    .bss                uart.o
    0x20000af7        -       0x000001f4   Zero   RW         2452    .bss                mqtt_ec.o
    0x20000ceb   0x080437cf   0x00000001   PAD
    0x20000cec        -       0x00000054   Zero   RW         2570    .bss                mymodbus.o
    0x20000d40        -       0x00000400   Zero   RW            1    STACK               startup_stm32f40_41xxx.o


==============================================================================

Image component sizes


      Code (inc. data)   RO Data    RW Data    ZI Data      Debug   Object Name

       660         16        264          0          0       3171   bsp_uart.o
      1662        386          0          1          0       6707   ec20.o
       340         16          0          0          0       1099   gprs_dev.o
       384         16          0          0          0       1548   init.o
         8          0          0          0          0        432   iwdg.o
       976        210        125        145        459     312026   main.o
       120         14          0          0          0        984   misc.o
      1658        186          0          6        500       7866   mqtt_ec.o
       506         58          0          1         84       3428   mymodbus.o
        36          8        392          0       1024        860   startup_stm32f40_41xxx.o
       230          0          0          0          0       3357   stm32f4xx_gpio.o
       732        124          0          4          0       6766   stm32f4xx_it.o
        16          6          0          0          0        477   stm32f4xx_iwdg.o
       328         36          0         16          0       4531   stm32f4xx_rcc.o
       214         28          0          0          0       3586   stm32f4xx_tim.o
       394          8          0          0          0       3626   stm32f4xx_usart.o
       344         40          0         20          0       1813   system_stm32f4xx.o
       220         12          0          4          0       4091   time.o
       292         54          0         43       2100       5821   uart.o

    ----------------------------------------------------------------------
      9132       1218        816        248       4168     372189   Object Totals
         0          0         32          0          0          0   (incl. Generated)
        12          0          3          8          1          0   (incl. Padding)

    ----------------------------------------------------------------------

      Code (inc. data)   RO Data    RW Data    ZI Data      Debug   Library Member Name

         0          0          0          0          0          0   entry.o
         0          0          0          0          0          0   entry10a.o
         0          0          0          0          0          0   entry11a.o
         8          4          0          0          0          0   entry2.o
         4          0          0          0          0          0   entry5.o
         0          0          0          0          0          0   entry7b.o
         0          0          0          0          0          0   entry8b.o
         8          4          0          0          0          0   entry9a.o
        30          0          0          0          0          0   handlers.o
        36          8          0          0          0         68   init.o
         0          0          0          0          0          0   iusefp.o
        30          0          0          0          0         68   llshl.o
        36          0          0          0          0         68   llsshr.o
        32          0          0          0          0         68   llushr.o
       140          6         12          0          0         76   localtime_i.o
        36          0          0          0          0        108   memseta.o
       168         18         12          0          0         80   mktime.o
      2276         86          0          0          0        520   printfa.o
        14          0          0          0          0         68   strlen.o
        44          0          0          0          0         80   uidiv.o
        98          0          0          0          0         92   uldiv.o
        48          0          0          0          0         68   cdrcmple.o
       334          0          0          0          0        148   dadd.o
       222          0          0          0          0        100   ddiv.o
       186          0          0          0          0        176   depilogue.o
        48          0          0          0          0         68   dfixul.o
       228          0          0          0          0         96   dmul.o
        38          0          0          0          0         68   f2d.o

    ----------------------------------------------------------------------
      4068        126         24          0          0       2020   Library Totals
         4          0          0          0          0          0   (incl. Padding)

    ----------------------------------------------------------------------

      Code (inc. data)   RO Data    RW Data    ZI Data      Debug   Library Name

      2960        126         24          0          0       1296   mc_w.l
      1104          0          0          0          0        724   mf_w.l

    ----------------------------------------------------------------------
      4068        126         24          0          0       2020   Library Totals

    ----------------------------------------------------------------------

==============================================================================


      Code (inc. data)   RO Data    RW Data    ZI Data      Debug   

     13200       1344        840        248       4168     365673   Grand Totals
     13200       1344        840        248       4168     365673   ELF Image Totals
     13200       1344        840        248          0          0   ROM Totals

==============================================================================

    Total RO  Size (Code + RO Data)                14040 (  13.71kB)
    Total RW  Size (RW Data + ZI Data)              4416 (   4.31kB)
    Total ROM Size (Code + RO Data + RW Data)      14288 (  13.95kB)

==============================================================================

