Component: ARM Compiler 5.06 update 6 (build 750) Tool: armlink [4d35ed]

==============================================================================

Section Cross References

    stm32f4xx_it.o(i.SysTick_Handler) refers to stm32f4xx_gpio.o(i.GPIO_ResetBits) for GPIO_ResetBits
    stm32f4xx_it.o(i.SysTick_Handler) refers to stm32f4xx_gpio.o(i.GPIO_SetBits) for GPIO_SetBits
    stm32f4xx_it.o(i.SysTick_Handler) refers to stm32f4xx_it.o(.data) for SysTickCount
    stm32f4xx_it.o(i.SysTick_Handler) refers to main.o(.data) for second
    stm32f4xx_it.o(i.TIM3_IRQHandler) refers to stm32f4xx_tim.o(i.TIM_GetITStatus) for TIM_GetITStatus
    stm32f4xx_it.o(i.TIM3_IRQHandler) refers to uart.o(i.bsp_Usart3_RecTime_Add) for bsp_Usart3_RecTime_Add
    stm32f4xx_it.o(i.TIM3_IRQHandler) refers to stm32f4xx_tim.o(i.TIM_ClearITPendingBit) for TIM_ClearITPendingBit
    stm32f4xx_it.o(i.TIM3_IRQHandler) refers to time.o(.data) for __time_20ms
    stm32f4xx_it.o(i.UART4_IRQHandler) refers to uart.o(.bss) for Msg4RxBuf
    stm32f4xx_it.o(i.UART4_IRQHandler) refers to uart.o(.data) for Msg4RxCount
    stm32f4xx_it.o(i.USART1_IRQHandler) refers to uart.o(.bss) for Msg1RxBuf
    stm32f4xx_it.o(i.USART1_IRQHandler) refers to uart.o(.data) for Msg1RxCount
    stm32f4xx_it.o(i.USART2_IRQHandler) refers to stm32f4xx_usart.o(i.USART_GetITStatus) for USART_GetITStatus
    stm32f4xx_it.o(i.USART2_IRQHandler) refers to stm32f4xx_usart.o(i.USART_ITConfig) for USART_ITConfig
    stm32f4xx_it.o(i.USART2_IRQHandler) refers to uart.o(.data) for Msg2RxCount
    stm32f4xx_it.o(i.USART2_IRQHandler) refers to uart.o(.bss) for Msg2RxBuf
    stm32f4xx_it.o(i.USART3_IRQHandler) refers to stm32f4xx_usart.o(i.USART_GetITStatus) for USART_GetITStatus
    stm32f4xx_it.o(i.USART3_IRQHandler) refers to stm32f4xx_usart.o(i.USART_ITConfig) for USART_ITConfig
    stm32f4xx_it.o(i.USART3_IRQHandler) refers to uart.o(.data) for Msg3RxCount
    stm32f4xx_it.o(i.USART3_IRQHandler) refers to uart.o(.bss) for Msg3RxBuf
    main.o(i.main) refers to system_stm32f4xx.o(i.SystemInit) for SystemInit
    main.o(i.main) refers to main.o(i.NVIC_SetPriority) for NVIC_SetPriority
    main.o(i.main) refers to time.o(i.init_timer3) for init_timer3
    main.o(i.main) refers to bsp_uart.o(i.bsp_uart_open_port) for bsp_uart_open_port
    main.o(i.main) refers to gprs_dev.o(i.gprs_dev_init) for gprs_dev_init
    main.o(i.main) refers to gprs_dev.o(i.gprs_dev_restart) for gprs_dev_restart
    main.o(i.main) refers to time.o(i.delay_ms) for delay_ms
    main.o(i.main) refers to uart.o(i.USART1SendString) for USART1SendString
    main.o(i.main) refers to ec20.o(i.connect) for connect
    main.o(i.main) refers to printfa.o(i.__0sprintf) for __2sprintf
    main.o(i.main) refers to uart.o(i.USART2SendString) for USART2SendString
    main.o(i.main) refers to time.o(i.standard_to_stamp) for standard_to_stamp
    main.o(i.main) refers to f2d.o(.text) for __aeabi_f2d
    main.o(i.main) refers to ec20.o(i.AT_QIOPEN) for AT_QIOPEN
    main.o(i.main) refers to mqtt_ec.o(i.mqtt_connect) for mqtt_connect
    main.o(i.main) refers to mqtt_ec.o(i.publish) for publish
    main.o(i.main) refers to mqtt_ec.o(i.disconnect) for disconnect
    main.o(i.main) refers to ec20.o(i.AT_QICLOSE) for AT_QICLOSE
    main.o(i.main) refers to mymodbus.o(i.GetData) for GetData
    main.o(i.main) refers to system_stm32f4xx.o(.data) for SystemCoreClock
    main.o(i.main) refers to uart.o(.bss) for Msg1TxBuf
    main.o(i.main) refers to main.o(.data) for RSSI
    main.o(i.main) refers to time.o(.data) for _time_20s
    main.o(i.main) refers to uart.o(.data) for Msg2RxCount
    main.o(i.main) refers to main.o(.bss) for LA
    main.o(i.main) refers to main.o(.conststring) for .conststring
    startup_stm32f40_41xxx.o(RESET) refers to startup_stm32f40_41xxx.o(STACK) for __initial_sp
    startup_stm32f40_41xxx.o(RESET) refers to startup_stm32f40_41xxx.o(.text) for Reset_Handler
    startup_stm32f40_41xxx.o(RESET) refers to stm32f4xx_it.o(i.NMI_Handler) for NMI_Handler
    startup_stm32f40_41xxx.o(RESET) refers to stm32f4xx_it.o(i.HardFault_Handler) for HardFault_Handler
    startup_stm32f40_41xxx.o(RESET) refers to stm32f4xx_it.o(i.MemManage_Handler) for MemManage_Handler
    startup_stm32f40_41xxx.o(RESET) refers to stm32f4xx_it.o(i.BusFault_Handler) for BusFault_Handler
    startup_stm32f40_41xxx.o(RESET) refers to stm32f4xx_it.o(i.UsageFault_Handler) for UsageFault_Handler
    startup_stm32f40_41xxx.o(RESET) refers to stm32f4xx_it.o(i.SVC_Handler) for SVC_Handler
    startup_stm32f40_41xxx.o(RESET) refers to stm32f4xx_it.o(i.DebugMon_Handler) for DebugMon_Handler
    startup_stm32f40_41xxx.o(RESET) refers to stm32f4xx_it.o(i.PendSV_Handler) for PendSV_Handler
    startup_stm32f40_41xxx.o(RESET) refers to stm32f4xx_it.o(i.SysTick_Handler) for SysTick_Handler
    startup_stm32f40_41xxx.o(RESET) refers to stm32f4xx_it.o(i.TIM3_IRQHandler) for TIM3_IRQHandler
[...]
    entry2.o(__vectab_stack_and_reset_area) refers to entry.o(.ARM.Collect$$$$00000000) for __main
    entry5.o(.ARM.Collect$$$$00000004) refers to init.o(.text) for __scatterload
    entry9a.o(.ARM.Collect$$$$0000000B) refers to main.o(i.main) for main
    entry9b.o(.ARM.Collect$$$$0000000C) refers to main.o(i.main) for main
    fputc.o(i.fputc) refers (Special) to iusesemip.o(.text) for __I$use$semihosting$fputc
    fputc.o(i.fputc) refers (Special) to semi.o(.text) for __semihosting_library_function
    uldiv.o(.text) refers to llushr.o(.text) for __aeabi_llsr
    uldiv.o(.text) refers to llshl.o(.text) for __aeabi_llsl
    localtime_w.o(.text) refers to localtime_i.o(.text) for _localtime
    localtime_w.o(.text) refers to localtime_w.o(.bss) for .bss
    localtime_i.o(.text) refers to localtime_i.o(.constdata) for .constdata
    dadd.o(.text) refers to llshl.o(.text) for __aeabi_llsl
    dadd.o(.text) refers to llsshr.o(.text) for __aeabi_lasr
    dadd.o(.text) refers to depilogue.o(.text) for _double_epilogue
    dmul.o(.text) refers to depilogue.o(.text) for _double_epilogue
    ddiv.o(.text) refers to depilogue.o(.text) for _double_round
    dfixul.o(.text) refers to llushr.o(.text) for __aeabi_llsr
    dfixul.o(.text) refers to llshl.o(.text) for __aeabi_llsl
    init.o(.text) refers to entry5.o(.ARM.Collect$$$$00000004) for __main_after_scatterload
    depilogue.o(.text) refers to llshl.o(.text) for __aeabi_llsl
    depilogue.o(.text) refers to llushr.o(.text) for __aeabi_llsr


==============================================================================

Removing Unused input sections from the image.

    Removing stm32f4xx_it.o(.rev16_text), (4 bytes).
    Removing stm32f4xx_it.o(.revsh_text), (4 bytes).
    Removing main.o(.rev16_text), (4 bytes).
    Removing main.o(.revsh_text), (4 bytes).
    Removing startup_stm32f40_41xxx.o(HEAP), (512 bytes).
    Removing init.o(.rev16_text), (4 bytes).
    Removing init.o(.revsh_text), (4 bytes).
    Removing init.o(i.JEC_IO_Init), (256 bytes).
    Removing init.o(i.JEC_USART_Init), (536 bytes).
    Removing uart.o(.rev16_text), (4 bytes).
    Removing uart.o(.revsh_text), (4 bytes).
    Removing uart.o(i.UART4SendChar), (28 bytes).
    Removing uart.o(i.UART4SendString), (44 bytes).
    Removing uart.o(i.uart5SendChar), (24 bytes).
    Removing uart.o(i.uart5SendChars), (24 bytes).
    Removing uart.o(i.uart6SendChar), (28 bytes).
    Removing uart.o(i.uart6SendChars), (24 bytes).
    Removing time.o(.rev16_text), (4 bytes).
    Removing time.o(.revsh_text), (4 bytes).
    Removing time.o(.constdata), (12 bytes).
    Removing misc.o(.rev16_text), (4 bytes).
    Removing misc.o(.revsh_text), (4 bytes).
    Removing misc.o(i.NVIC_PriorityGroupConfig), (20 bytes).
    Removing misc.o(i.NVIC_SetVectorTable), (20 bytes).
    Removing misc.o(i.NVIC_SystemLPConfig), (32 bytes).
    Removing misc.o(i.SysTick_CLKSourceConfig), (40 bytes).
    Removing stm32f4xx_fsmc.o(.rev16_text), (4 bytes).
    Removing stm32f4xx_fsmc.o(.revsh_text), (4 bytes).
    Removing stm32f4xx_fsmc.o(i.FSMC_ClearFlag), (64 bytes).
    Removing stm32f4xx_fsmc.o(i.FSMC_ClearITPendingBit), (72 bytes).
    Removing stm32f4xx_fsmc.o(i.FSMC_GetECC), (28 bytes).
    Removing stm32f4xx_fsmc.o(i.FSMC_GetFlagStatus), (56 bytes).
    Removing stm32f4xx_fsmc.o(i.FSMC_GetITStatus), (68 bytes).
    Removing stm32f4xx_fsmc.o(i.FSMC_ITConfig), (128 bytes).
    Removing stm32f4xx_fsmc.o(i.FSMC_NANDCmd), (92 bytes).
    Removing stm32f4xx_fsmc.o(i.FSMC_NANDDeInit), (68 bytes).
    Removing stm32f4xx_fsmc.o(i.FSMC_NANDECCCmd), (92 bytes).
    Removing stm32f4xx_fsmc.o(i.FSMC_NANDInit), (136 bytes).
    Removing stm32f4xx_fsmc.o(i.FSMC_NANDStructInit), (54 bytes).
    Removing stm32f4xx_fsmc.o(i.FSMC_NORSRAMCmd), (52 bytes).
    Removing stm32f4xx_fsmc.o(i.FSMC_NORSRAMDeInit), (54 bytes).
    Removing stm32f4xx_fsmc.o(i.FSMC_NORSRAMInit), (230 bytes).
    Removing stm32f4xx_fsmc.o(i.FSMC_NORSRAMStructInit), (52 bytes).
    Removing stm32f4xx_fsmc.o(i.FSMC_PCCARDCmd), (48 bytes).
    Removing stm32f4xx_fsmc.o(i.FSMC_PCCARDDeInit), (40 bytes).
    Removing stm32f4xx_fsmc.o(i.FSMC_PCCARDInit), (132 bytes).
    Removing stm32f4xx_fsmc.o(i.FSMC_PCCARDStructInit), (60 bytes).
    Removing stm32f4xx_fsmc.o(.constdata), (28 bytes).
    Removing stm32f4xx_gpio.o(.rev16_text), (4 bytes).
    Removing stm32f4xx_gpio.o(.revsh_text), (4 bytes).
    Removing stm32f4xx_gpio.o(i.GPIO_DeInit), (312 bytes).
    Removing stm32f4xx_gpio.o(i.GPIO_PinLockConfig), (34 bytes).
    Removing stm32f4xx_gpio.o(i.GPIO_ReadInputData), (8 bytes).
    Removing stm32f4xx_gpio.o(i.GPIO_ReadInputDataBit), (18 bytes).
    Removing stm32f4xx_gpio.o(i.GPIO_ReadOutputData), (8 bytes).
    Removing stm32f4xx_gpio.o(i.GPIO_ReadOutputDataBit), (18 bytes).
    Removing stm32f4xx_gpio.o(i.GPIO_StructInit), (18 bytes).
    Removing stm32f4xx_gpio.o(i.GPIO_ToggleBits), (8 bytes).
    Removing stm32f4xx_gpio.o(i.GPIO_Write), (4 bytes).
    Removing stm32f4xx_gpio.o(i.GPIO_WriteBit), (10 bytes).
    Removing stm32f4xx_rcc.o(.rev16_text), (4 bytes).
    Removing stm32f4xx_rcc.o(.revsh_text), (4 bytes).
    Removing stm32f4xx_rcc.o(i.RCC_AHB1PeriphClockLPModeCmd), (32 bytes).
    Removing stm32f4xx_rcc.o(i.RCC_AHB1PeriphResetCmd), (32 bytes).
    Removing stm32f4xx_rcc.o(i.RCC_AHB2PeriphClockCmd), (32 bytes).
    Removing stm32f4xx_rcc.o(i.RCC_AHB2PeriphClockLPModeCmd), (32 bytes).
    Removing stm32f4xx_rcc.o(i.RCC_AHB2PeriphResetCmd), (32 bytes).
    Removing stm32f4xx_rcc.o(i.RCC_AHB3PeriphClockCmd), (32 bytes).
    Removing stm32f4xx_rcc.o(i.RCC_AHB3PeriphClockLPModeCmd), (32 bytes).
    Removing stm32f4xx_rcc.o(i.RCC_AHB3PeriphResetCmd), (32 bytes).
    Removing stm32f4xx_rcc.o(i.RCC_APB1PeriphClockLPModeCmd), (32 bytes).
    Removing stm32f4xx_rcc.o(i.RCC_APB1PeriphResetCmd), (32 bytes).
    Removing stm32f4xx_rcc.o(i.RCC_APB2PeriphClockLPModeCmd), (32 bytes).
    Removing stm32f4xx_rcc.o(i.RCC_APB2PeriphResetCmd), (32 bytes).
    Removing stm32f4xx_rcc.o(i.RCC_AdjustHSICalibrationValue), (24 bytes).
    Removing stm32f4xx_rcc.o(i.RCC_BackupResetCmd), (12 bytes).
    Removing stm32f4xx_rcc.o(i.RCC_ClearFlag), (20 bytes).
    Removing stm32f4xx_rcc.o(i.RCC_ClearITPendingBit), (12 bytes).
    Removing stm32f4xx_rcc.o(i.RCC_ClockSecuritySystemCmd), (12 bytes).
    Removing stm32f4xx_rcc.o(i.RCC_DeInit), (100 bytes).
    Removing stm32f4xx_rcc.o(i.RCC_GetFlagStatus), (64 bytes).
    Removing stm32f4xx_rcc.o(i.RCC_GetITStatus), (24 bytes).
    Removing stm32f4xx_rcc.o(i.RCC_GetSYSCLKSource), (16 bytes).
    Removing stm32f4xx_rcc.o(i.RCC_HCLKConfig), (24 bytes).
    Removing stm32f4xx_rcc.o(i.RCC_HSEConfig), (16 bytes).
    Removing stm32f4xx_rcc.o(i.RCC_HSICmd), (12 bytes).
    Removing stm32f4xx_rcc.o(i.RCC_I2SCLKConfig), (12 bytes).
    Removing stm32f4xx_rcc.o(i.RCC_ITConfig), (32 bytes).
    Removing stm32f4xx_rcc.o(i.RCC_LSEConfig), (44 bytes).
    Removing stm32f4xx_rcc.o(i.RCC_LSEModeConfig), (36 bytes).
    Removing stm32f4xx_rcc.o(i.RCC_LSICmd), (12 bytes).
    Removing stm32f4xx_rcc.o(i.RCC_LTDCCLKDivConfig), (24 bytes).
    Removing stm32f4xx_rcc.o(i.RCC_MCO1Config), (28 bytes).
    Removing stm32f4xx_rcc.o(i.RCC_MCO2Config), (28 bytes).
    Removing stm32f4xx_rcc.o(i.RCC_PCLK1Config), (24 bytes).
    Removing stm32f4xx_rcc.o(i.RCC_PCLK2Config), (24 bytes).
    Removing stm32f4xx_rcc.o(i.RCC_PLLCmd), (12 bytes).
    Removing stm32f4xx_rcc.o(i.RCC_PLLConfig), (36 bytes).
    Removing stm32f4xx_rcc.o(i.RCC_PLLI2SCmd), (12 bytes).
    Removing stm32f4xx_rcc.o(i.RCC_PLLI2SConfig), (16 bytes).
    Removing stm32f4xx_rcc.o(i.RCC_PLLSAICmd), (12 bytes).
    Removing stm32f4xx_rcc.o(i.RCC_PLLSAIConfig), (24 bytes).
    Removing stm32f4xx_rcc.o(i.RCC_RTCCLKCmd), (12 bytes).
    Removing stm32f4xx_rcc.o(i.RCC_RTCCLKConfig), (60 bytes).
    Removing stm32f4xx_rcc.o(i.RCC_SAIBlockACLKConfig), (24 bytes).
    Removing stm32f4xx_rcc.o(i.RCC_SAIBlockBCLKConfig), (24 bytes).
    Removing stm32f4xx_rcc.o(i.RCC_SAIPLLI2SClkDivConfig), (28 bytes).
    Removing stm32f4xx_rcc.o(i.RCC_SAIPLLSAIClkDivConfig), (28 bytes).
    Removing stm32f4xx_rcc.o(i.RCC_SYSCLKConfig), (24 bytes).
    Removing stm32f4xx_rcc.o(i.RCC_TIMCLKPresConfig), (12 bytes).
    Removing stm32f4xx_rcc.o(i.RCC_WaitForHSEStartUp), (52 bytes).
    Removing stm32f4xx_tim.o(.rev16_text), (4 bytes).
    Removing stm32f4xx_tim.o(.revsh_text), (4 bytes).
    Removing stm32f4xx_tim.o(i.TI1_Config), (58 bytes).
    Removing stm32f4xx_tim.o(i.TI2_Config), (80 bytes).
    Removing stm32f4xx_tim.o(i.TI3_Config), (72 bytes).
    Removing stm32f4xx_tim.o(i.TI4_Config), (80 bytes).
    Removing stm32f4xx_tim.o(i.TIM_ARRPreloadConfig), (24 bytes).
    Removing stm32f4xx_tim.o(i.TIM_BDTRConfig), (32 bytes).
    Removing stm32f4xx_tim.o(i.TIM_BDTRStructInit), (18 bytes).
    Removing stm32f4xx_tim.o(i.TIM_CCPreloadControl), (24 bytes).
    Removing stm32f4xx_tim.o(i.TIM_CCxCmd), (30 bytes).
    Removing stm32f4xx_tim.o(i.TIM_CCxNCmd), (30 bytes).
    Removing stm32f4xx_tim.o(i.TIM_ClearFlag), (6 bytes).
    Removing stm32f4xx_tim.o(i.TIM_ClearOC1Ref), (18 bytes).
    Removing stm32f4xx_tim.o(i.TIM_ClearOC2Ref), (24 bytes).
    Removing stm32f4xx_tim.o(i.TIM_ClearOC3Ref), (18 bytes).
    Removing stm32f4xx_tim.o(i.TIM_ClearOC4Ref), (24 bytes).
    Removing stm32f4xx_tim.o(i.TIM_CounterModeConfig), (18 bytes).
    Removing stm32f4xx_tim.o(i.TIM_CtrlPWMOutputs), (30 bytes).
    Removing stm32f4xx_tim.o(i.TIM_DMACmd), (18 bytes).
    Removing stm32f4xx_tim.o(i.TIM_DMAConfig), (10 bytes).
    Removing stm32f4xx_tim.o(i.TIM_DeInit), (400 bytes).
    Removing stm32f4xx_tim.o(i.TIM_ETRClockMode1Config), (54 bytes).
    Removing stm32f4xx_tim.o(i.TIM_ETRClockMode2Config), (32 bytes).
    Removing stm32f4xx_tim.o(i.TIM_ETRConfig), (28 bytes).
    Removing stm32f4xx_tim.o(i.TIM_EncoderInterfaceConfig), (66 bytes).
    Removing stm32f4xx_tim.o(i.TIM_ForcedOC1Config), (18 bytes).
    Removing stm32f4xx_tim.o(i.TIM_ForcedOC2Config), (26 bytes).
    Removing stm32f4xx_tim.o(i.TIM_ForcedOC3Config), (18 bytes).
    Removing stm32f4xx_tim.o(i.TIM_ForcedOC4Config), (26 bytes).
    Removing stm32f4xx_tim.o(i.TIM_GenerateEvent), (4 bytes).
    Removing stm32f4xx_tim.o(i.TIM_GetCapture1), (6 bytes).
    Removing stm32f4xx_tim.o(i.TIM_GetCapture2), (6 bytes).
    Removing stm32f4xx_tim.o(i.TIM_GetCapture3), (6 bytes).
    Removing stm32f4xx_tim.o(i.TIM_GetCapture4), (6 bytes).
    Removing stm32f4xx_tim.o(i.TIM_GetCounter), (6 bytes).
    Removing stm32f4xx_tim.o(i.TIM_GetFlagStatus), (18 bytes).
    Removing stm32f4xx_tim.o(i.TIM_GetPrescaler), (6 bytes).
    Removing stm32f4xx_tim.o(i.TIM_ICInit), (110 bytes).
    Removing stm32f4xx_tim.o(i.TIM_ICStructInit), (18 bytes).
    Removing stm32f4xx_tim.o(i.TIM_ITRxExternalClockConfig), (24 bytes).
    Removing stm32f4xx_tim.o(i.TIM_InternalClockConfig), (12 bytes).
    Removing stm32f4xx_tim.o(i.TIM_OC1FastConfig), (18 bytes).
    Removing stm32f4xx_tim.o(i.TIM_OC1Init), (124 bytes).
    Removing stm32f4xx_tim.o(i.TIM_OC1NPolarityConfig), (18 bytes).
    Removing stm32f4xx_tim.o(i.TIM_OC1PolarityConfig), (18 bytes).
    Removing stm32f4xx_tim.o(i.TIM_OC1PreloadConfig), (18 bytes).
    Removing stm32f4xx_tim.o(i.TIM_OC2FastConfig), (26 bytes).
    Removing stm32f4xx_tim.o(i.TIM_OC2Init), (164 bytes).
    Removing stm32f4xx_tim.o(i.TIM_OC2NPolarityConfig), (26 bytes).
    Removing stm32f4xx_tim.o(i.TIM_OC2PolarityConfig), (26 bytes).
    Removing stm32f4xx_tim.o(i.TIM_OC2PreloadConfig), (26 bytes).
    Removing stm32f4xx_tim.o(i.TIM_OC3FastConfig), (18 bytes).
    Removing stm32f4xx_tim.o(i.TIM_OC3Init), (160 bytes).
    Removing stm32f4xx_tim.o(i.TIM_OC3NPolarityConfig), (26 bytes).
    Removing stm32f4xx_tim.o(i.TIM_OC3PolarityConfig), (26 bytes).
    Removing stm32f4xx_tim.o(i.TIM_OC3PreloadConfig), (18 bytes).
    Removing stm32f4xx_tim.o(i.TIM_OC4FastConfig), (26 bytes).
    Removing stm32f4xx_tim.o(i.TIM_OC4Init), (120 bytes).
    Removing stm32f4xx_tim.o(i.TIM_OC4PolarityConfig), (26 bytes).
    Removing stm32f4xx_tim.o(i.TIM_OC4PreloadConfig), (26 bytes).
    Removing stm32f4xx_tim.o(i.TIM_OCStructInit), (20 bytes).
    Removing stm32f4xx_tim.o(i.TIM_PWMIConfig), (124 bytes).
    Removing stm32f4xx_tim.o(i.TIM_PrescalerConfig), (6 bytes).
    Removing stm32f4xx_tim.o(i.TIM_RemapConfig), (6 bytes).
    Removing stm32f4xx_tim.o(i.TIM_SelectCCDMA), (24 bytes).
    Removing stm32f4xx_tim.o(i.TIM_SelectCOM), (24 bytes).
    Removing stm32f4xx_tim.o(i.TIM_SelectHallSensor), (24 bytes).
    Removing stm32f4xx_tim.o(i.TIM_SelectInputTrigger), (18 bytes).
    Removing stm32f4xx_tim.o(i.TIM_SelectMasterSlaveMode), (18 bytes).
    Removing stm32f4xx_tim.o(i.TIM_SelectOCxM), (86 bytes).
    Removing stm32f4xx_tim.o(i.TIM_SelectOnePulseMode), (18 bytes).
    Removing stm32f4xx_tim.o(i.TIM_SelectOutputTrigger), (18 bytes).
    Removing stm32f4xx_tim.o(i.TIM_SelectSlaveMode), (18 bytes).
    Removing stm32f4xx_tim.o(i.TIM_SetAutoreload), (4 bytes).
    Removing stm32f4xx_tim.o(i.TIM_SetClockDivision), (18 bytes).
    Removing stm32f4xx_tim.o(i.TIM_SetCompare1), (4 bytes).
    Removing stm32f4xx_tim.o(i.TIM_SetCompare2), (4 bytes).
    Removing stm32f4xx_tim.o(i.TIM_SetCompare3), (4 bytes).
    Removing stm32f4xx_tim.o(i.TIM_SetCompare4), (4 bytes).
    Removing stm32f4xx_tim.o(i.TIM_SetCounter), (4 bytes).
    Removing stm32f4xx_tim.o(i.TIM_SetIC1Prescaler), (18 bytes).
    Removing stm32f4xx_tim.o(i.TIM_SetIC2Prescaler), (26 bytes).
    Removing stm32f4xx_tim.o(i.TIM_SetIC3Prescaler), (18 bytes).
    Removing stm32f4xx_tim.o(i.TIM_SetIC4Prescaler), (26 bytes).
    Removing stm32f4xx_tim.o(i.TIM_TIxExternalClockConfig), (62 bytes).
    Removing stm32f4xx_tim.o(i.TIM_TimeBaseStructInit), (18 bytes).
    Removing stm32f4xx_tim.o(i.TIM_UpdateDisableConfig), (24 bytes).
    Removing stm32f4xx_tim.o(i.TIM_UpdateRequestConfig), (24 bytes).
    Removing stm32f4xx_usart.o(.rev16_text), (4 bytes).
    Removing stm32f4xx_usart.o(.revsh_text), (4 bytes).
    Removing stm32f4xx_usart.o(i.USART_ClearFlag), (18 bytes).
    Removing stm32f4xx_usart.o(i.USART_ClearITPendingBit), (30 bytes).
    Removing stm32f4xx_usart.o(i.USART_ClockInit), (32 bytes).
    Removing stm32f4xx_usart.o(i.USART_ClockStructInit), (12 bytes).
    Removing stm32f4xx_usart.o(i.USART_DMACmd), (18 bytes).
    Removing stm32f4xx_usart.o(i.USART_DeInit), (240 bytes).
    Removing stm32f4xx_usart.o(i.USART_GetFlagStatus), (26 bytes).
    Removing stm32f4xx_usart.o(i.USART_HalfDuplexCmd), (24 bytes).
    Removing stm32f4xx_usart.o(i.USART_IrDACmd), (24 bytes).
    Removing stm32f4xx_usart.o(i.USART_IrDAConfig), (18 bytes).
    Removing stm32f4xx_usart.o(i.USART_LINBreakDetectLengthConfig), (18 bytes).
    Removing stm32f4xx_usart.o(i.USART_LINCmd), (24 bytes).
    Removing stm32f4xx_usart.o(i.USART_OneBitMethodCmd), (24 bytes).
    Removing stm32f4xx_usart.o(i.USART_OverSampling8Cmd), (22 bytes).
    Removing stm32f4xx_usart.o(i.USART_ReceiveData), (10 bytes).
    Removing stm32f4xx_usart.o(i.USART_ReceiverWakeUpCmd), (24 bytes).
    Removing stm32f4xx_usart.o(i.USART_SendBreak), (10 bytes).
    Removing stm32f4xx_usart.o(i.USART_SendData), (8 bytes).
    Removing stm32f4xx_usart.o(i.USART_SetAddress), (18 bytes).
    Removing stm32f4xx_usart.o(i.USART_SetGuardTime), (16 bytes).
    Removing stm32f4xx_usart.o(i.USART_SetPrescaler), (16 bytes).
    Removing stm32f4xx_usart.o(i.USART_SmartCardCmd), (24 bytes).
    Removing stm32f4xx_usart.o(i.USART_SmartCardNACKCmd), (24 bytes).
    Removing stm32f4xx_usart.o(i.USART_StructInit), (24 bytes).
    Removing stm32f4xx_usart.o(i.USART_WakeUpConfig), (18 bytes).
    Removing stm32f4xx_flash.o(.rev16_text), (4 bytes).
    Removing stm32f4xx_flash.o(.revsh_text), (4 bytes).
    Removing stm32f4xx_flash.o(i.FLASH_ClearFlag), (12 bytes).
    Removing stm32f4xx_flash.o(i.FLASH_DataCacheCmd), (36 bytes).
    Removing stm32f4xx_flash.o(i.FLASH_DataCacheReset), (20 bytes).
    Removing stm32f4xx_flash.o(i.FLASH_EraseAllBank1Sectors), (108 bytes).
    Removing stm32f4xx_flash.o(i.FLASH_EraseAllBank2Sectors), (108 bytes).
    Removing stm32f4xx_flash.o(i.FLASH_EraseAllSectors), (108 bytes).
    Removing stm32f4xx_flash.o(i.FLASH_EraseSector), (136 bytes).
    Removing stm32f4xx_flash.o(i.FLASH_GetFlagStatus), (24 bytes).
    Removing stm32f4xx_flash.o(i.FLASH_GetStatus), (84 bytes).
    Removing stm32f4xx_flash.o(i.FLASH_ITConfig), (32 bytes).
    Removing stm32f4xx_flash.o(i.FLASH_InstructionCacheCmd), (36 bytes).
    Removing stm32f4xx_flash.o(i.FLASH_InstructionCacheReset), (20 bytes).
    Removing stm32f4xx_flash.o(i.FLASH_Lock), (20 bytes).
    Removing stm32f4xx_flash.o(i.FLASH_OB_BORConfig), (28 bytes).
    Removing stm32f4xx_flash.o(i.FLASH_OB_BootConfig), (28 bytes).
    Removing stm32f4xx_flash.o(i.FLASH_OB_GetBOR), (16 bytes).
    Removing stm32f4xx_flash.o(i.FLASH_OB_GetPCROP), (12 bytes).
    Removing stm32f4xx_flash.o(i.FLASH_OB_GetPCROP1), (12 bytes).
    Removing stm32f4xx_flash.o(i.FLASH_OB_GetRDP), (24 bytes).
    Removing stm32f4xx_flash.o(i.FLASH_OB_GetUser), (16 bytes).
    Removing stm32f4xx_flash.o(i.FLASH_OB_GetWRP), (12 bytes).
    Removing stm32f4xx_flash.o(i.FLASH_OB_GetWRP1), (12 bytes).
    Removing stm32f4xx_flash.o(i.FLASH_OB_Launch), (32 bytes).
    Removing stm32f4xx_flash.o(i.FLASH_OB_Lock), (20 bytes).
    Removing stm32f4xx_flash.o(i.FLASH_OB_PCROP1Config), (52 bytes).
    Removing stm32f4xx_flash.o(i.FLASH_OB_PCROPConfig), (52 bytes).
    Removing stm32f4xx_flash.o(i.FLASH_OB_PCROPSelectionConfig), (24 bytes).
    Removing stm32f4xx_flash.o(i.FLASH_OB_RDPConfig), (28 bytes).
    Removing stm32f4xx_flash.o(i.FLASH_OB_Unlock), (36 bytes).
    Removing stm32f4xx_flash.o(i.FLASH_OB_UserConfig), (48 bytes).
    Removing stm32f4xx_flash.o(i.FLASH_OB_WRP1Config), (52 bytes).
    Removing stm32f4xx_flash.o(i.FLASH_OB_WRPConfig), (52 bytes).
    Removing stm32f4xx_flash.o(i.FLASH_PrefetchBufferCmd), (36 bytes).
    Removing stm32f4xx_flash.o(i.FLASH_ProgramByte), (76 bytes).
    Removing stm32f4xx_flash.o(i.FLASH_ProgramDoubleWord), (84 bytes).
    Removing stm32f4xx_flash.o(i.FLASH_ProgramHalfWord), (80 bytes).
    Removing stm32f4xx_flash.o(i.FLASH_ProgramWord), (80 bytes).
    Removing stm32f4xx_flash.o(i.FLASH_SetLatency), (12 bytes).
    Removing stm32f4xx_flash.o(i.FLASH_Unlock), (36 bytes).
    Removing stm32f4xx_flash.o(i.FLASH_WaitForLastOperation), (34 bytes).
    Removing system_stm32f4xx.o(.rev16_text), (4 bytes).
    Removing system_stm32f4xx.o(.revsh_text), (4 bytes).
    Removing system_stm32f4xx.o(i.SystemCoreClockUpdate), (192 bytes).
    Removing bsp_uart.o(.rev16_text), (4 bytes).
    Removing bsp_uart.o(.revsh_text), (4 bytes).
    Removing bsp_uart.o(i.bsp_uart_ITConfig), (48 bytes).
    Removing bsp_uart.o(i.bsp_uart_close_port), (140 bytes).
    Removing bsp_uart.o(i.bsp_uart_reconfig), (76 bytes).
    Removing ec20.o(i.AT_CLOSE), (188 bytes).
    Removing ec20.o(i.AT_START), (140 bytes).
    Removing ec20.o(i.NB_senddate), (128 bytes).
    Removing gprs_dev.o(.rev16_text), (4 bytes).
    Removing gprs_dev.o(.revsh_text), (4 bytes).
    Removing gprs_dev.o(i.gprs_dev_gotosleep), (20 bytes).
    Removing gprs_dev.o(i.gprs_dev_pwrdown), (16 bytes).
    Removing gprs_dev.o(i.gprs_dev_pwrup), (40 bytes).
    Removing gprs_dev.o(i.gprs_dev_wakeup), (20 bytes).
    Removing stmflash.o(.rev16_text), (4 bytes).
    Removing stmflash.o(.revsh_text), (4 bytes).
    Removing stmflash.o(i.STMFLASH_GetFlashSector), (160 bytes).
    Removing stmflash.o(i.STMFLASH_Read), (32 bytes).
    Removing stmflash.o(i.STMFLASH_ReadWord), (6 bytes).
    Removing stmflash.o(i.STMFLASH_Write), (152 bytes).
    Removing sys.o(.rev16_text), (4 bytes).
    Removing sys.o(.revsh_text), (4 bytes).
    Removing sys.o(.emb_text), (16 bytes).

295 unused section(s) (total 11998 bytes) removed from the image.

==============================================================================

Image Symbol Table

    Local Symbols

    Symbol Name                              Value     Ov Type        Size  Object(Section)

    ../clib/microlib/division.c              0x00000000   Number         0  uldiv.o ABSOLUTE
    ../clib/microlib/division.c              0x00000000   Number         0  uidiv.o ABSOLUTE
    ../clib/microlib/init/entry.s            0x00000000   Number         0  entry10b.o ABSOLUTE
    ../clib/microlib/init/entry.s            0x00000000   Number         0  entry8a.o ABSOLUTE
    ../clib/microlib/init/entry.s            0x00000000   Number         0  entry7b.o ABSOLUTE
    ../clib/microlib/init/entry.s            0x00000000   Number         0  entry8b.o ABSOLUTE
    ../clib/microlib/init/entry.s            0x00000000   Number         0  entry.o ABSOLUTE
    ../clib/microlib/init/entry.s            0x00000000   Number         0  entry9a.o ABSOLUTE
    ../clib/microlib/init/entry.s            0x00000000   Number         0  entry7a.o ABSOLUTE
    ../clib/microlib/init/entry.s            0x00000000   Number         0  entry11b.o ABSOLUTE
    ../clib/microlib/init/entry.s            0x00000000   Number         0  entry9b.o ABSOLUTE
    ../clib/microlib/init/entry.s            0x00000000   Number         0  entry11a.o ABSOLUTE
    ../clib/microlib/init/entry.s            0x00000000   Number         0  entry5.o ABSOLUTE
    ../clib/microlib/init/entry.s            0x00000000   Number         0  entry10a.o ABSOLUTE
    ../clib/microlib/init/entry.s            0x00000000   Number         0  entry2.o ABSOLUTE
    ../clib/microlib/longlong.c              0x00000000   Number         0  llushr.o ABSOLUTE
    ../clib/microlib/longlong.c              0x00000000   Number         0  llshl.o ABSOLUTE
    ../clib/microlib/longlong.c              0x00000000   Number         0  llsshr.o ABSOLUTE
    ../clib/microlib/printf/printf.c         0x00000000   Number         0  printf2.o ABSOLUTE
    ../clib/microlib/printf/printf.c         0x00000000   Number         0  printf4.o ABSOLUTE
    ../clib/microlib/printf/printf.c         0x00000000   Number         0  printf5.o ABSOLUTE
    ../clib/microlib/printf/printf.c         0x00000000   Number         0  printf6.o ABSOLUTE
    ../clib/microlib/printf/printf.c         0x00000000   Number         0  printf7.o ABSOLUTE
    ../clib/microlib/printf/printf.c         0x00000000   Number         0  printf8.o ABSOLUTE
    ../clib/microlib/printf/printf.c         0x00000000   Number         0  printfa.o ABSOLUTE
    ../clib/microlib/printf/printf.c         0x00000000   Number         0  printf3.o ABSOLUTE
    ../clib/microlib/printf/printf.c         0x00000000   Number         0  printf1.o ABSOLUTE
    ../clib/microlib/printf/printf.c         0x00000000   Number         0  printf0.o ABSOLUTE
    ../clib/microlib/printf/printf.c         0x00000000   Number         0  printfb.o ABSOLUTE
    ../clib/microlib/printf/stubs.s          0x00000000   Number         0  stubs.o ABSOLUTE
    ../clib/microlib/stdio/fputc.c           0x00000000   Number         0  fputc.o ABSOLUTE
    ../clib/microlib/stdio/semi.s            0x00000000   Number         0  semi.o ABSOLUTE
    ../clib/microlib/stdio/streams.c         0x00000000   Number         0  stdout.o ABSOLUTE
    ../clib/microlib/string/memset.c         0x00000000   Number         0  memseta.o ABSOLUTE
    ../clib/microlib/string/strlen.c         0x00000000   Number         0  strlen.o ABSOLUTE
    ../clib/microlib/stubs.s                 0x00000000   Number         0  iusesemip.o ABSOLUTE
    ../clib/microlib/stubs.s                 0x00000000   Number         0  iusefp.o ABSOLUTE
    ../clib/microlib/time/localtime.c        0x00000000   Number         0  localtime_i.o ABSOLUTE
    ../clib/microlib/time/localtime.c        0x00000000   Number         0  localtime_w.o ABSOLUTE
    ../clib/microlib/time/mktime.c           0x00000000   Number         0  mktime.o ABSOLUTE
    ../fplib/microlib/f2d.c                  0x00000000   Number         0  f2d.o ABSOLUTE
    ../fplib/microlib/fpadd.c                0x00000000   Number         0  dadd.o ABSOLUTE
    ../fplib/microlib/fpdiv.c                0x00000000   Number         0  ddiv.o ABSOLUTE
    ../fplib/microlib/fpepilogue.c           0x00000000   Number         0  depilogue.o ABSOLUTE
    ../fplib/microlib/fpfix.c                0x00000000   Number         0  dfixul.o ABSOLUTE
    ../fplib/microlib/fpmul.c                0x00000000   Number         0  dmul.o ABSOLUTE
    STM32F4_FWLIB\\src\\misc.c               0x00000000   Number         0  misc.o ABSOLUTE
    STM32F4_FWLIB\\src\\stm32f4xx_flash.c    0x00000000   Number         0  stm32f4xx_flash.o ABSOLUTE
    STM32F4_FWLIB\\src\\stm32f4xx_fsmc.c     0x00000000   Number         0  stm32f4xx_fsmc.o ABSOLUTE
    STM32F4_FWLIB\\src\\stm32f4xx_gpio.c     0x00000000   Number         0  stm32f4xx_gpio.o ABSOLUTE
    STM32F4_FWLIB\\src\\stm32f4xx_rcc.c      0x00000000   Number         0  stm32f4xx_rcc.o ABSOLUTE
    STM32F4_FWLIB\\src\\stm32f4xx_tim.c      0x00000000   Number         0  stm32f4xx_tim.o ABSOLUTE
    STM32F4_FWLIB\\src\\stm32f4xx_usart.c    0x00000000   Number         0  stm32f4xx_usart.o ABSOLUTE
    STM32F4_FWLIB\src\misc.c                 0x00000000   Number         0  misc.o ABSOLUTE
    STM32F4_FWLIB\src\stm32f4xx_flash.c      0x00000000   Number         0  stm32f4xx_flash.o ABSOLUTE
    STM32F4_FWLIB\src\stm32f4xx_fsmc.c       0x00000000   Number         0  stm32f4xx_fsmc.o ABSOLUTE
    STM32F4_FWLIB\src\stm32f4xx_gpio.c       0x00000000   Number         0  stm32f4xx_gpio.o ABSOLUTE
    STM32F4_FWLIB\src\stm32f4xx_rcc.c        0x00000000   Number         0  stm32f4xx_rcc.o ABSOLUTE
    STM32F4_FWLIB\src\stm32f4xx_tim.c        0x00000000   Number         0  stm32f4xx_tim.o ABSOLUTE
    STM32F4_FWLIB\src\stm32f4xx_usart.c      0x00000000   Number         0  stm32f4xx_usart.o ABSOLUTE
    Startup_config\\system_stm32f4xx.c       0x00000000   Number         0  system_stm32f4xx.o ABSOLUTE
    Startup_config\startup_stm32f40_41xxx.s  0x00000000   Number         0  startup_stm32f40_41xxx.o ABSOLUTE
    Startup_config\system_stm32f4xx.c        0x00000000   Number         0  system_stm32f4xx.o ABSOLUTE
    add\\bsp_uart.c                          0x00000000   Number         0  bsp_uart.o ABSOLUTE
    add\\gprs_dev.c                          0x00000000   Number         0  gprs_dev.o ABSOLUTE
    add\\stmflash.c                          0x00000000   Number         0  stmflash.o ABSOLUTE
    add\\sys.c                               0x00000000   Number         0  sys.o ABSOLUTE
    add\bsp_uart.c                           0x00000000   Number         0  bsp_uart.o ABSOLUTE
    add\ec20.c                               0x00000000   Number         0  ec20.o ABSOLUTE
    add\gprs_dev.c                           0x00000000   Number         0  gprs_dev.o ABSOLUTE
    add\mqtt_ec.c                            0x00000000   Number         0  mqtt_ec.o ABSOLUTE
    add\stmflash.c                           0x00000000   Number         0  stmflash.o ABSOLUTE
    add\sys.c                                0x00000000   Number         0  sys.o ABSOLUTE
    cdrcmple.s                               0x00000000   Number         0  cdrcmple.o ABSOLUTE
    dc.s                                     0x00000000   Number         0  dc.o ABSOLUTE
    handlers.s                               0x00000000   Number         0  handlers.o ABSOLUTE
    init.c                                   0x00000000   Number         0  init.o ABSOLUTE
    init.c                                   0x00000000   Number         0  init.o ABSOLUTE
    init.s                                   0x00000000   Number         0  init.o ABSOLUTE
    main.c                                   0x00000000   Number         0  main.o ABSOLUTE
    main.c                                   0x00000000   Number         0  main.o ABSOLUTE
    mymodbus.c                               0x00000000   Number         0  mymodbus.o ABSOLUTE
    stm32f4xx_it.c                           0x00000000   Number         0  stm32f4xx_it.o ABSOLUTE
    stm32f4xx_it.c                           0x00000000   Number         0  stm32f4xx_it.o ABSOLUTE
    time.c                                   0x00000000   Number         0  time.o ABSOLUTE
    time.c                                   0x00000000   Number         0  time.o ABSOLUTE
    uart.c                                   0x00000000   Number         0  uart.o ABSOLUTE
    uart.c                                   0x00000000   Number         0  uart.o ABSOLUTE
    RESET                                    0x08000000   Section      392  startup_stm32f40_41xxx.o(RESET)
    .ARM.Collect$$$$00000000                 0x08000188   Section        0  entry.o(.ARM.Collect$$$$00000000)
    .ARM.Collect$$$$00000001                 0x08000188   Section        4  entry2.o(.ARM.Collect$$$$00000001)
    .ARM.Collect$$$$00000004                 0x0800018c   Section        4  entry5.o(.ARM.Collect$$$$00000004)
    .ARM.Collect$$$$00000008                 0x08000190   Section        0  entry7b.o(.ARM.Collect$$$$00000008)
    .ARM.Collect$$$$0000000A                 0x08000190   Section        0  entry8b.o(.ARM.Collect$$$$0000000A)
    .ARM.Collect$$$$0000000B                 0x08000190   Section        8  entry9a.o(.ARM.Collect$$$$0000000B)
    .ARM.Collect$$$$0000000D                 0x08000198   Section        0  entry10a.o(.ARM.Collect$$$$0000000D)
    .ARM.Collect$$$$0000000F                 0x08000198   Section        0  entry11a.o(.ARM.Collect$$$$0000000F)
    .ARM.Collect$$$$00002712                 0x08000198   Section        4  entry2.o(.ARM.Collect$$$$00002712)
    __lit__00000000                          0x08000198   Data           4  entry2.o(.ARM.Collect$$$$00002712)
    .text                                    0x0800019c   Section       36  startup_stm32f40_41xxx.o(.text)
    $v0                                      0x0800019c   Number         0  startup_stm32f40_41xxx.o(.text)
    .text                                    0x080001c0   Section        0  mktime.o(.text)
    .text                                    0x08000268   Section        0  memseta.o(.text)
    .text                                    0x0800028c   Section        0  strlen.o(.text)
    .text                                    0x0800029a   Section        0  f2d.o(.text)
    .text                                    0x080002c0   Section        0  uidiv.o(.text)
    .text                                    0x080002ec   Section        0  uldiv.o(.text)
    .text                                    0x08000350   Section        0  localtime_i.o(.text)
    .text                                    0x080003dc   Section        0  dadd.o(.text)
    .text                                    0x080003dc   Section        0  iusefp.o(.text)
    .text                                    0x0800052a   Section        0  dmul.o(.text)
    .text                                    0x0800060e   Section        0  ddiv.o(.text)
    .text                                    0x080006ec   Section        0  dfixul.o(.text)
    .text                                    0x0800071c   Section       48  cdrcmple.o(.text)
    .text                                    0x0800074c   Section       36  init.o(.text)
    .text                                    0x08000770   Section        0  llshl.o(.text)
    .text                                    0x0800078e   Section        0  llushr.o(.text)
    .text                                    0x080007ae   Section        0  llsshr.o(.text)
    .text                                    0x080007d2   Section        0  depilogue.o(.text)
    i.AT_CGSN                                0x0800088c   Section        0  ec20.o(i.AT_CGSN)
    i.AT_CIMI                                0x08000918   Section        0  ec20.o(i.AT_CIMI)
    i.AT_CSQ                                 0x0800097c   Section        0  ec20.o(i.AT_CSQ)
    i.AT_QIACT                               0x08000a24   Section        0  ec20.o(i.AT_QIACT)
    i.AT_QICLOSE                             0x08000a8c   Section        0  ec20.o(i.AT_QICLOSE)
    i.AT_QICSGP                              0x08000af8   Section        0  ec20.o(i.AT_QICSGP)
    i.AT_QIOPEN                              0x08000b60   Section        0  ec20.o(i.AT_QIOPEN)
    i.BusFault_Handler                       0x08000c28   Section        0  stm32f4xx_it.o(i.BusFault_Handler)
    i.Cal_Checksum_u8                        0x08000c2c   Section        0  mymodbus.o(i.Cal_Checksum_u8)
    i.DataHand                               0x08000c54   Section        0  mymodbus.o(i.DataHand)
    i.DebugMon_Handler                       0x08000cc0   Section        0  stm32f4xx_it.o(i.DebugMon_Handler)
    i.GPIO_Init                              0x08000cc2   Section        0  stm32f4xx_gpio.o(i.GPIO_Init)
    i.GPIO_PinAFConfig                       0x08000d52   Section        0  stm32f4xx_gpio.o(i.GPIO_PinAFConfig)
    i.GPIO_ResetBits                         0x08000d98   Section        0  stm32f4xx_gpio.o(i.GPIO_ResetBits)
    i.GPIO_SetBits                           0x08000d9c   Section        0  stm32f4xx_gpio.o(i.GPIO_SetBits)
    i.GetData                                0x08000da0   Section        0  mymodbus.o(i.GetData)
    i.HardFault_Handler                      0x08000db6   Section        0  stm32f4xx_it.o(i.HardFault_Handler)
    i.MemManage_Handler                      0x08000dba   Section        0  stm32f4xx_it.o(i.MemManage_Handler)
    i.NMI_Handler                            0x08000dbe   Section        0  stm32f4xx_it.o(i.NMI_Handler)
    i.NVIC_Init                              0x08000dc0   Section        0  misc.o(i.NVIC_Init)
    i.NVIC_SetPriority                       0x08000e38   Section        0  main.o(i.NVIC_SetPriority)
    NVIC_SetPriority                         0x08000e39   Thumb Code    32  main.o(i.NVIC_SetPriority)
    i.PendSV_Handler                         0x08000e60   Section        0  stm32f4xx_it.o(i.PendSV_Handler)
    i.RCC_AHB1PeriphClockCmd                 0x08000e64   Section        0  stm32f4xx_rcc.o(i.RCC_AHB1PeriphClockCmd)
    i.RCC_APB1PeriphClockCmd                 0x08000e84   Section        0  stm32f4xx_rcc.o(i.RCC_APB1PeriphClockCmd)
    i.RCC_APB2PeriphClockCmd                 0x08000ea4   Section        0  stm32f4xx_rcc.o(i.RCC_APB2PeriphClockCmd)
    i.RCC_GetClocksFreq                      0x08000ec4   Section        0  stm32f4xx_rcc.o(i.RCC_GetClocksFreq)
    i.SVC_Handler                            0x08000fac   Section        0  stm32f4xx_it.o(i.SVC_Handler)
    i.SetSysClock                            0x08000fb0   Section        0  system_stm32f4xx.o(i.SetSysClock)
    SetSysClock                              0x08000fb1   Thumb Code   218  system_stm32f4xx.o(i.SetSysClock)
    i.SysTick_Handler                        0x0800109c   Section        0  stm32f4xx_it.o(i.SysTick_Handler)
    i.SystemInit                             0x08001160   Section        0  system_stm32f4xx.o(i.SystemInit)
    i.TIM3_IRQHandler                        0x080011c8   Section        0  stm32f4xx_it.o(i.TIM3_IRQHandler)
    i.TIM_ClearITPendingBit                  0x08001238   Section        0  stm32f4xx_tim.o(i.TIM_ClearITPendingBit)
    i.TIM_Cmd                                0x0800123e   Section        0  stm32f4xx_tim.o(i.TIM_Cmd)
    i.TIM_GetITStatus                        0x08001256   Section        0  stm32f4xx_tim.o(i.TIM_GetITStatus)
    i.TIM_ITConfig                           0x08001278   Section        0  stm32f4xx_tim.o(i.TIM_ITConfig)
    i.TIM_TimeBaseInit                       0x0800128c   Section        0  stm32f4xx_tim.o(i.TIM_TimeBaseInit)
    i.UART4_IRQHandler                       0x08001310   Section        0  stm32f4xx_it.o(i.UART4_IRQHandler)
    i.USART1SendChar                         0x08001378   Section        0  uart.o(i.USART1SendChar)
    i.USART1SendString                       0x08001390   Section        0  uart.o(i.USART1SendString)
    i.USART1_IRQHandler                      0x080013bc   Section        0  stm32f4xx_it.o(i.USART1_IRQHandler)
    i.USART2SendChar                         0x08001424   Section        0  uart.o(i.USART2SendChar)
    i.USART2SendString                       0x08001440   Section        0  uart.o(i.USART2SendString)
    i.USART2_IRQHandler                      0x0800146c   Section        0  stm32f4xx_it.o(i.USART2_IRQHandler)
    i.USART3SendChar                         0x080014c0   Section        0  uart.o(i.USART3SendChar)
    i.USART3SendString                       0x080014dc   Section        0  uart.o(i.USART3SendString)
    i.USART3_IRQHandler                      0x08001508   Section        0  stm32f4xx_it.o(i.USART3_IRQHandler)
    i.USART_Cmd                              0x08001568   Section        0  stm32f4xx_usart.o(i.USART_Cmd)
    i.USART_GetITStatus                      0x08001580   Section        0  stm32f4xx_usart.o(i.USART_GetITStatus)
    i.USART_ITConfig                         0x080015d4   Section        0  stm32f4xx_usart.o(i.USART_ITConfig)
    i.USART_Init                             0x08001620   Section        0  stm32f4xx_usart.o(i.USART_Init)
    i.UsageFault_Handler                     0x080016f4   Section        0  stm32f4xx_it.o(i.UsageFault_Handler)
    i.__0sprintf                             0x080016f8   Section        0  printfa.o(i.__0sprintf)
    i.__scatterload_copy                     0x08001720   Section       14  handlers.o(i.__scatterload_copy)
    i.__scatterload_null                     0x0800172e   Section        2  handlers.o(i.__scatterload_null)
    i.__scatterload_zeroinit                 0x08001730   Section       14  handlers.o(i.__scatterload_zeroinit)
    i._fp_digits                             0x08001740   Section        0  printfa.o(i._fp_digits)
    _fp_digits                               0x08001741   Thumb Code   366  printfa.o(i._fp_digits)
    i._printf_core                           0x080018c4   Section        0  printfa.o(i._printf_core)
    _printf_core                             0x080018c5   Thumb Code  1744  printfa.o(i._printf_core)
    i._printf_post_padding                   0x08001fa0   Section        0  printfa.o(i._printf_post_padding)
    _printf_post_padding                     0x08001fa1   Thumb Code    36  printfa.o(i._printf_post_padding)
    i._printf_pre_padding                    0x08001fc4   Section        0  printfa.o(i._printf_pre_padding)
    _printf_pre_padding                      0x08001fc5   Thumb Code    46  printfa.o(i._printf_pre_padding)
    i._sputc                                 0x08001ff2   Section        0  printfa.o(i._sputc)
    _sputc                                   0x08001ff3   Thumb Code    10  printfa.o(i._sputc)
    i.bsp_Usart3_RecTime_Add                 0x08001ffc   Section        0  uart.o(i.bsp_Usart3_RecTime_Add)
    i.bsp_Usart3_Rec_New                     0x08002020   Section        0  uart.o(i.bsp_Usart3_Rec_New)
    i.bsp_uart_open_port                     0x0800204c   Section        0  bsp_uart.o(i.bsp_uart_open_port)
    i.bsp_uart_pin_enable                    0x08002140   Section        0  bsp_uart.o(i.bsp_uart_pin_enable)
    bsp_uart_pin_enable                      0x08002141   Thumb Code   270  bsp_uart.o(i.bsp_uart_pin_enable)
    i.connect                                0x08002254   Section        0  ec20.o(i.connect)
    i.date_preocess                          0x08002284   Section        0  mymodbus.o(i.date_preocess)
    i.date_query                             0x080023b0   Section        0  mymodbus.o(i.date_query)
    i.delay_ms                               0x080023d4   Section        0  time.o(i.delay_ms)
    i.disconnect                             0x080023f4   Section        0  mqtt_ec.o(i.disconnect)
    i.gprs_dev_init                          0x08002428   Section        0  gprs_dev.o(i.gprs_dev_init)
    i.gprs_dev_restart                       0x080024f8   Section        0  gprs_dev.o(i.gprs_dev_restart)
    i.init_timer3                            0x08002574   Section        0  time.o(i.init_timer3)
    i.main                                   0x080025d0   Section        0  main.o(i.main)
    i.mqtt_connect                           0x08002a3c   Section        0  mqtt_ec.o(i.mqtt_connect)
    i.mqtt_wr                                0x08002b3c   Section        0  mqtt_ec.o(i.mqtt_wr)
    i.publish                                0x08002c5c   Section        0  mqtt_ec.o(i.publish)
    i.standard_to_stamp                      0x08002d44   Section        0  time.o(i.standard_to_stamp)
    i.write                                  0x08002d80   Section        0  mqtt_ec.o(i.write)
    i.writeString                            0x08002e22   Section        0  mqtt_ec.o(i.writeString)
    .constdata                               0x08002e5c   Section      264  bsp_uart.o(.constdata)
    bsp_uart_phy_item_table                  0x08002e5c   Data         264  bsp_uart.o(.constdata)
    .constdata                               0x08002f64   Section       12  mktime.o(.constdata)
    monlen                                   0x08002f64   Data          12  mktime.o(.constdata)
    .constdata                               0x08002f70   Section       12  localtime_i.o(.constdata)
    monlen                                   0x08002f70   Data          12  localtime_i.o(.constdata)
    .conststring                             0x08002f7c   Section      125  main.o(.conststring)
    .data                                    0x20000000   Section        4  stm32f4xx_it.o(.data)
    .data                                    0x20000004   Section       84  main.o(.data)
    .data                                    0x20000058   Section       43  uart.o(.data)
    .data                                    0x20000084   Section        4  time.o(.data)
    .data                                    0x20000088   Section        1  mymodbus.o(.data)
    cnt                                      0x20000088   Data           1  mymodbus.o(.data)
    .data                                    0x20000089   Section       16  stm32f4xx_rcc.o(.data)
    APBAHBPrescTable                         0x20000089   Data          16  stm32f4xx_rcc.o(.data)
    .data                                    0x2000009c   Section       20  system_stm32f4xx.o(.data)
    .data                                    0x200000b0   Section        1  ec20.o(.data)
    cnt                                      0x200000b0   Data           1  ec20.o(.data)
    .data                                    0x200000b4   Section        4  mqtt_ec.o(.data)
    .bss                                     0x200000b8   Section      686  main.o(.bss)
    .bss                                     0x20000366   Section     2620  uart.o(.bss)
    .bss                                     0x20000da4   Section       84  mymodbus.o(.bss)
    wd                                       0x20000da4   Data          84  mymodbus.o(.bss)
    .bss                                     0x20000df8   Section      500  mqtt_ec.o(.bss)
    STACK                                    0x20000ff0   Section     1024  startup_stm32f40_41xxx.o(STACK)

    Global Symbols

    Symbol Name                              Value     Ov Type        Size  Object(Section)

    BuildAttributes$$THM_ISAv4$E$P$D$K$B$S$7EM$VFPi3$EXTD16$VFPS$VFMA$PE$A:L22UL41UL21$X:L11$S22US41US21$IEEE1$IW$USESV6$~STKCKD$USESV7$~SHL$OSPACE$ROPI$EBA8$MICROLIB$REQ8$PRES8$EABIv2 0x00000000   Number         0  anon$$obj.o ABSOLUTE
    __ARM_use_no_argv                        0x00000000   Number         0  main.o ABSOLUTE
    _printf_a                                0x00000000   Number         0  stubs.o ABSOLUTE
    _printf_c                                0x00000000   Number         0  stubs.o ABSOLUTE
    _printf_charcount                        0x00000000   Number         0  stubs.o ABSOLUTE
    _printf_d                                0x00000000   Number         0  stubs.o ABSOLUTE
    _printf_e                                0x00000000   Number         0  stubs.o ABSOLUTE
    _printf_f                                0x00000000   Number         0  stubs.o ABSOLUTE
    _printf_flags                            0x00000000   Number         0  stubs.o ABSOLUTE
    _printf_fp_dec                           0x00000000   Number         0  stubs.o ABSOLUTE
    _printf_fp_hex                           0x00000000   Number         0  stubs.o ABSOLUTE
    _printf_g                                0x00000000   Number         0  stubs.o ABSOLUTE
    _printf_i                                0x00000000   Number         0  stubs.o ABSOLUTE
    _printf_int_dec                          0x00000000   Number         0  stubs.o ABSOLUTE
    _printf_l                                0x00000000   Number         0  stubs.o ABSOLUTE
    _printf_lc                               0x00000000   Number         0  stubs.o ABSOLUTE
    _printf_ll                               0x00000000   Number         0  stubs.o ABSOLUTE
    _printf_lld                              0x00000000   Number         0  stubs.o ABSOLUTE
    _printf_lli                              0x00000000   Number         0  stubs.o ABSOLUTE
    _printf_llo                              0x00000000   Number         0  stubs.o ABSOLUTE
    _printf_llu                              0x00000000   Number         0  stubs.o ABSOLUTE
    _printf_llx                              0x00000000   Number         0  stubs.o ABSOLUTE
    _printf_longlong_dec                     0x00000000   Number         0  stubs.o ABSOLUTE
    _printf_longlong_hex                     0x00000000   Number         0  stubs.o ABSOLUTE
    _printf_longlong_oct                     0x00000000   Number         0  stubs.o ABSOLUTE
    _printf_ls                               0x00000000   Number         0  stubs.o ABSOLUTE
    _printf_mbtowc                           0x00000000   Number         0  stubs.o ABSOLUTE
    _printf_n                                0x00000000   Number         0  stubs.o ABSOLUTE
    _printf_o                                0x00000000   Number         0  stubs.o ABSOLUTE
    _printf_p                                0x00000000   Number         0  stubs.o ABSOLUTE
    _printf_percent                          0x00000000   Number         0  stubs.o ABSOLUTE
    _printf_pre_padding                      0x00000000   Number         0  stubs.o ABSOLUTE
    _printf_return_value                     0x00000000   Number         0  stubs.o ABSOLUTE
    _printf_s                                0x00000000   Number         0  stubs.o ABSOLUTE
    _printf_sizespec                         0x00000000   Number         0  stubs.o ABSOLUTE
    _printf_str                              0x00000000   Number         0  stubs.o ABSOLUTE
    _printf_truncate_signed                  0x00000000   Number         0  stubs.o ABSOLUTE
    _printf_truncate_unsigned                0x00000000   Number         0  stubs.o ABSOLUTE
    _printf_u                                0x00000000   Number         0  stubs.o ABSOLUTE
    _printf_wc                               0x00000000   Number         0  stubs.o ABSOLUTE
    _printf_wctomb                           0x00000000   Number         0  stubs.o ABSOLUTE
    _printf_widthprec                        0x00000000   Number         0  stubs.o ABSOLUTE
    _printf_x                                0x00000000   Number         0  stubs.o ABSOLUTE
    __cpp_initialize__aeabi_                  - Undefined Weak Reference
    __cxa_finalize                            - Undefined Weak Reference
    __decompress                              - Undefined Weak Reference
    _clock_init                               - Undefined Weak Reference
    _microlib_exit                            - Undefined Weak Reference
    __Vectors_Size                           0x00000188   Number         0  startup_stm32f40_41xxx.o ABSOLUTE
    __Vectors                                0x08000000   Data           4  startup_stm32f40_41xxx.o(RESET)
    __Vectors_End                            0x08000188   Data           0  startup_stm32f40_41xxx.o(RESET)
    __main                                   0x08000189   Thumb Code     0  entry.o(.ARM.Collect$$$$00000000)
    _main_stk                                0x08000189   Thumb Code     0  entry2.o(.ARM.Collect$$$$00000001)
    _main_scatterload                        0x0800018d   Thumb Code     0  entry5.o(.ARM.Collect$$$$00000004)
    __main_after_scatterload                 0x08000191   Thumb Code     0  entry5.o(.ARM.Collect$$$$00000004)
    _main_clock                              0x08000191   Thumb Code     0  entry7b.o(.ARM.Collect$$$$00000008)
    _main_cpp_init                           0x08000191   Thumb Code     0  entry8b.o(.ARM.Collect$$$$0000000A)
    _main_init                               0x08000191   Thumb Code     0  entry9a.o(.ARM.Collect$$$$0000000B)
    __rt_final_cpp                           0x08000199   Thumb Code     0  entry10a.o(.ARM.Collect$$$$0000000D)
    __rt_final_exit                          0x08000199   Thumb Code     0  entry11a.o(.ARM.Collect$$$$0000000F)
    Reset_Handler                            0x0800019d   Thumb Code     8  startup_stm32f40_41xxx.o(.text)
    ADC_IRQHandler                           0x080001b7   Thumb Code     0  startup_stm32f40_41xxx.o(.text)
    CAN1_RX0_IRQHandler                      0x080001b7   Thumb Code     0  startup_stm32f40_41xxx.o(.text)
    CAN1_RX1_IRQHandler                      0x080001b7   Thumb Code     0  startup_stm32f40_41xxx.o(.text)
    CAN1_SCE_IRQHandler                      0x080001b7   Thumb Code     0  startup_stm32f40_41xxx.o(.text)
    CAN1_TX_IRQHandler                       0x080001b7   Thumb Code     0  startup_stm32f40_41xxx.o(.text)
    CAN2_RX0_IRQHandler                      0x080001b7   Thumb Code     0  startup_stm32f40_41xxx.o(.text)
    CAN2_RX1_IRQHandler                      0x080001b7   Thumb Code     0  startup_stm32f40_41xxx.o(.text)
    CAN2_SCE_IRQHandler                      0x080001b7   Thumb Code     0  startup_stm32f40_41xxx.o(.text)
    CAN2_TX_IRQHandler                       0x080001b7   Thumb Code     0  startup_stm32f40_41xxx.o(.text)
    CRYP_IRQHandler                          0x080001b7   Thumb Code     0  startup_stm32f40_41xxx.o(.text)
    DCMI_IRQHandler                          0x080001b7   Thumb Code     0  startup_stm32f40_41xxx.o(.text)
    DMA1_Stream0_IRQHandler                  0x080001b7   Thumb Code     0  startup_stm32f40_41xxx.o(.text)
    DMA1_Stream1_IRQHandler                  0x080001b7   Thumb Code     0  startup_stm32f40_41xxx.o(.text)
    DMA1_Stream2_IRQHandler                  0x080001b7   Thumb Code     0  startup_stm32f40_41xxx.o(.text)
    DMA1_Stream3_IRQHandler                  0x080001b7   Thumb Code     0  startup_stm32f40_41xxx.o(.text)
    DMA1_Stream4_IRQHandler                  0x080001b7   Thumb Code     0  startup_stm32f40_41xxx.o(.text)
    DMA1_Stream5_IRQHandler                  0x080001b7   Thumb Code     0  startup_stm32f40_41xxx.o(.text)
    DMA1_Stream6_IRQHandler                  0x080001b7   Thumb Code     0  startup_stm32f40_41xxx.o(.text)
    DMA1_Stream7_IRQHandler                  0x080001b7   Thumb Code     0  startup_stm32f40_41xxx.o(.text)
    DMA2_Stream0_IRQHandler                  0x080001b7   Thumb Code     0  startup_stm32f40_41xxx.o(.text)
    DMA2_Stream1_IRQHandler                  0x080001b7   Thumb Code     0  startup_stm32f40_41xxx.o(.text)
    DMA2_Stream2_IRQHandler                  0x080001b7   Thumb Code     0  startup_stm32f40_41xxx.o(.text)
    DMA2_Stream3_IRQHandler                  0x080001b7   Thumb Code     0  startup_stm32f40_41xxx.o(.text)
    DMA2_Stream4_IRQHandler                  0x080001b7   Thumb Code     0  startup_stm32f40_41xxx.o(.text)
    DMA2_Stream5_IRQHandler                  0x080001b7   Thumb Code     0  startup_stm32f40_41xxx.o(.text)
    DMA2_Stream6_IRQHandler                  0x080001b7   Thumb Code     0  startup_stm32f40_41xxx.o(.text)
    DMA2_Stream7_IRQHandler                  0x080001b7   Thumb Code     0  startup_stm32f40_41xxx.o(.text)
    ETH_IRQHandler                           0x080001b7   Thumb Code     0  startup_stm32f40_41xxx.o(.text)
    ETH_WKUP_IRQHandler                      0x080001b7   Thumb Code     0  startup_stm32f40_41xxx.o(.text)
    EXTI0_IRQHandler                         0x080001b7   Thumb Code     0  startup_stm32f40_41xxx.o(.text)
    EXTI15_10_IRQHandler                     0x080001b7   Thumb Code     0  startup_stm32f40_41xxx.o(.text)
    EXTI1_IRQHandler                         0x080001b7   Thumb Code     0  startup_stm32f40_41xxx.o(.text)
    EXTI2_IRQHandler                         0x080001b7   Thumb Code     0  startup_stm32f40_41xxx.o(.text)
    EXTI3_IRQHandler                         0x080001b7   Thumb Code     0  startup_stm32f40_41xxx.o(.text)
    EXTI4_IRQHandler                         0x080001b7   Thumb Code     0  startup_stm32f40_41xxx.o(.text)
    EXTI9_5_IRQHandler                       0x080001b7   Thumb Code     0  startup_stm32f40_41xxx.o(.text)
    FLASH_IRQHandler                         0x080001b7   Thumb Code     0  startup_stm32f40_41xxx.o(.text)
    FPU_IRQHandler                           0x080001b7   Thumb Code     0  startup_stm32f40_41xxx.o(.text)
    FSMC_IRQHandler                          0x080001b7   Thumb Code     0  startup_stm32f40_41xxx.o(.text)
    HASH_RNG_IRQHandler                      0x080001b7   Thumb Code     0  startup_stm32f40_41xxx.o(.text)
    I2C1_ER_IRQHandler                       0x080001b7   Thumb Code     0  startup_stm32f40_41xxx.o(.text)
    I2C1_EV_IRQHandler                       0x080001b7   Thumb Code     0  startup_stm32f40_41xxx.o(.text)
    I2C2_ER_IRQHandler                       0x080001b7   Thumb Code     0  startup_stm32f40_41xxx.o(.text)
    I2C2_EV_IRQHandler                       0x080001b7   Thumb Code     0  startup_stm32f40_41xxx.o(.text)
    I2C3_ER_IRQHandler                       0x080001b7   Thumb Code     0  startup_stm32f40_41xxx.o(.text)
    I2C3_EV_IRQHandler                       0x080001b7   Thumb Code     0  startup_stm32f40_41xxx.o(.text)
    OTG_FS_IRQHandler                        0x080001b7   Thumb Code     0  startup_stm32f40_41xxx.o(.text)
    OTG_FS_WKUP_IRQHandler                   0x080001b7   Thumb Code     0  startup_stm32f40_41xxx.o(.text)
    OTG_HS_EP1_IN_IRQHandler                 0x080001b7   Thumb Code     0  startup_stm32f40_41xxx.o(.text)
    OTG_HS_EP1_OUT_IRQHandler                0x080001b7   Thumb Code     0  startup_stm32f40_41xxx.o(.text)
    OTG_HS_IRQHandler                        0x080001b7   Thumb Code     0  startup_stm32f40_41xxx.o(.text)
    OTG_HS_WKUP_IRQHandler                   0x080001b7   Thumb Code     0  startup_stm32f40_41xxx.o(.text)
    PVD_IRQHandler                           0x080001b7   Thumb Code     0  startup_stm32f40_41xxx.o(.text)
    RCC_IRQHandler                           0x080001b7   Thumb Code     0  startup_stm32f40_41xxx.o(.text)
    RTC_Alarm_IRQHandler                     0x080001b7   Thumb Code     0  startup_stm32f40_41xxx.o(.text)
    RTC_WKUP_IRQHandler                      0x080001b7   Thumb Code     0  startup_stm32f40_41xxx.o(.text)
    SDIO_IRQHandler                          0x080001b7   Thumb Code     0  startup_stm32f40_41xxx.o(.text)
    SPI1_IRQHandler                          0x080001b7   Thumb Code     0  startup_stm32f40_41xxx.o(.text)
    SPI2_IRQHandler                          0x080001b7   Thumb Code     0  startup_stm32f40_41xxx.o(.text)
    SPI3_IRQHandler                          0x080001b7   Thumb Code     0  startup_stm32f40_41xxx.o(.text)
    TAMP_STAMP_IRQHandler                    0x080001b7   Thumb Code     0  startup_stm32f40_41xxx.o(.text)
    TIM1_BRK_TIM9_IRQHandler                 0x080001b7   Thumb Code     0  startup_stm32f40_41xxx.o(.text)
    TIM1_CC_IRQHandler                       0x080001b7   Thumb Code     0  startup_stm32f40_41xxx.o(.text)
    TIM1_TRG_COM_TIM11_IRQHandler            0x080001b7   Thumb Code     0  startup_stm32f40_41xxx.o(.text)
    TIM1_UP_TIM10_IRQHandler                 0x080001b7   Thumb Code     0  startup_stm32f40_41xxx.o(.text)
    TIM2_IRQHandler                          0x080001b7   Thumb Code     0  startup_stm32f40_41xxx.o(.text)
    TIM4_IRQHandler                          0x080001b7   Thumb Code     0  startup_stm32f40_41xxx.o(.text)
    TIM5_IRQHandler                          0x080001b7   Thumb Code     0  startup_stm32f40_41xxx.o(.text)
    TIM6_DAC_IRQHandler                      0x080001b7   Thumb Code     0  startup_stm32f40_41xxx.o(.text)
    TIM7_IRQHandler                          0x080001b7   Thumb Code     0  startup_stm32f40_41xxx.o(.text)
    TIM8_BRK_TIM12_IRQHandler                0x080001b7   Thumb Code     0  startup_stm32f40_41xxx.o(.text)
    TIM8_CC_IRQHandler                       0x080001b7   Thumb Code     0  startup_stm32f40_41xxx.o(.text)
    TIM8_TRG_COM_TIM14_IRQHandler            0x080001b7   Thumb Code     0  startup_stm32f40_41xxx.o(.text)
    TIM8_UP_TIM13_IRQHandler                 0x080001b7   Thumb Code     0  startup_stm32f40_41xxx.o(.text)
    UART5_IRQHandler                         0x080001b7   Thumb Code     0  startup_stm32f40_41xxx.o(.text)
    USART6_IRQHandler                        0x080001b7   Thumb Code     0  startup_stm32f40_41xxx.o(.text)
    WWDG_IRQHandler                          0x080001b7   Thumb Code     0  startup_stm32f40_41xxx.o(.text)
    mktime                                   0x080001c1   Thumb Code   150  mktime.o(.text)
    __aeabi_memset                           0x08000269   Thumb Code    14  memseta.o(.text)
    __aeabi_memset4                          0x08000269   Thumb Code     0  memseta.o(.text)
    __aeabi_memset8                          0x08000269   Thumb Code     0  memseta.o(.text)
    __aeabi_memclr                           0x08000277   Thumb Code     4  memseta.o(.text)
    __aeabi_memclr4                          0x08000277   Thumb Code     0  memseta.o(.text)
    __aeabi_memclr8                          0x08000277   Thumb Code     0  memseta.o(.text)
    _memset$wrapper                          0x0800027b   Thumb Code    18  memseta.o(.text)
    strlen                                   0x0800028d   Thumb Code    14  strlen.o(.text)
    __aeabi_f2d                              0x0800029b   Thumb Code    38  f2d.o(.text)
    __aeabi_uidiv                            0x080002c1   Thumb Code     0  uidiv.o(.text)
    __aeabi_uidivmod                         0x080002c1   Thumb Code    44  uidiv.o(.text)
    __aeabi_uldivmod                         0x080002ed   Thumb Code    98  uldiv.o(.text)
    _localtime                               0x08000351   Thumb Code   134  localtime_i.o(.text)
    __I$use$fp                               0x080003dd   Thumb Code     0  iusefp.o(.text)
    __aeabi_dadd                             0x080003dd   Thumb Code   322  dadd.o(.text)
    __aeabi_dsub                             0x0800051f   Thumb Code     6  dadd.o(.text)
    __aeabi_drsub                            0x08000525   Thumb Code     6  dadd.o(.text)
    __aeabi_dmul                             0x0800052b   Thumb Code   228  dmul.o(.text)
    __aeabi_ddiv                             0x0800060f   Thumb Code   222  ddiv.o(.text)
    __aeabi_d2ulz                            0x080006ed   Thumb Code    48  dfixul.o(.text)
    __aeabi_cdrcmple                         0x0800071d   Thumb Code    48  cdrcmple.o(.text)
    __scatterload                            0x0800074d   Thumb Code    28  init.o(.text)
    __scatterload_rt2                        0x0800074d   Thumb Code     0  init.o(.text)
    __aeabi_llsl                             0x08000771   Thumb Code    30  llshl.o(.text)
    _ll_shift_l                              0x08000771   Thumb Code     0  llshl.o(.text)
    __aeabi_llsr                             0x0800078f   Thumb Code    32  llushr.o(.text)
    _ll_ushift_r                             0x0800078f   Thumb Code     0  llushr.o(.text)
    __aeabi_lasr                             0x080007af   Thumb Code    36  llsshr.o(.text)
    _ll_sshift_r                             0x080007af   Thumb Code     0  llsshr.o(.text)
    _double_round                            0x080007d3   Thumb Code    30  depilogue.o(.text)
    _double_epilogue                         0x080007f1   Thumb Code   156  depilogue.o(.text)
    AT_CGSN                                  0x0800088d   Thumb Code   110  ec20.o(i.AT_CGSN)
    AT_CIMI                                  0x08000919   Thumb Code    72  ec20.o(i.AT_CIMI)
    AT_CSQ                                   0x0800097d   Thumb Code   138  ec20.o(i.AT_CSQ)
    AT_QIACT                                 0x08000a25   Thumb Code    72  ec20.o(i.AT_QIACT)
    AT_QICLOSE                               0x08000a8d   Thumb Code    70  ec20.o(i.AT_QICLOSE)
    AT_QICSGP                                0x08000af9   Thumb Code    72  ec20.o(i.AT_QICSGP)
    AT_QIOPEN                                0x08000b61   Thumb Code   140  ec20.o(i.AT_QIOPEN)
    BusFault_Handler                         0x08000c29   Thumb Code     4  stm32f4xx_it.o(i.BusFault_Handler)
    Cal_Checksum_u8                          0x08000c2d   Thumb Code    40  mymodbus.o(i.Cal_Checksum_u8)
    DataHand                                 0x08000c55   Thumb Code   100  mymodbus.o(i.DataHand)
    DebugMon_Handler                         0x08000cc1   Thumb Code     2  stm32f4xx_it.o(i.DebugMon_Handler)
    GPIO_Init                                0x08000cc3   Thumb Code   144  stm32f4xx_gpio.o(i.GPIO_Init)
    GPIO_PinAFConfig                         0x08000d53   Thumb Code    70  stm32f4xx_gpio.o(i.GPIO_PinAFConfig)
    GPIO_ResetBits                           0x08000d99   Thumb Code     4  stm32f4xx_gpio.o(i.GPIO_ResetBits)
    GPIO_SetBits                             0x08000d9d   Thumb Code     4  stm32f4xx_gpio.o(i.GPIO_SetBits)
    GetData                                  0x08000da1   Thumb Code    22  mymodbus.o(i.GetData)
    HardFault_Handler                        0x08000db7   Thumb Code     4  stm32f4xx_it.o(i.HardFault_Handler)
    MemManage_Handler                        0x08000dbb   Thumb Code     4  stm32f4xx_it.o(i.MemManage_Handler)
    NMI_Handler                              0x08000dbf   Thumb Code     2  stm32f4xx_it.o(i.NMI_Handler)
    NVIC_Init                                0x08000dc1   Thumb Code   106  misc.o(i.NVIC_Init)
    PendSV_Handler                           0x08000e61   Thumb Code     2  stm32f4xx_it.o(i.PendSV_Handler)
    RCC_AHB1PeriphClockCmd                   0x08000e65   Thumb Code    26  stm32f4xx_rcc.o(i.RCC_AHB1PeriphClockCmd)
    RCC_APB1PeriphClockCmd                   0x08000e85   Thumb Code    26  stm32f4xx_rcc.o(i.RCC_APB1PeriphClockCmd)
    RCC_APB2PeriphClockCmd                   0x08000ea5   Thumb Code    26  stm32f4xx_rcc.o(i.RCC_APB2PeriphClockCmd)
    RCC_GetClocksFreq                        0x08000ec5   Thumb Code   214  stm32f4xx_rcc.o(i.RCC_GetClocksFreq)
    SVC_Handler                              0x08000fad   Thumb Code     2  stm32f4xx_it.o(i.SVC_Handler)
    SysTick_Handler                          0x0800109d   Thumb Code   166  stm32f4xx_it.o(i.SysTick_Handler)
    SystemInit                               0x08001161   Thumb Code    88  system_stm32f4xx.o(i.SystemInit)
    TIM3_IRQHandler                          0x080011c9   Thumb Code    96  stm32f4xx_it.o(i.TIM3_IRQHandler)
    TIM_ClearITPendingBit                    0x08001239   Thumb Code     6  stm32f4xx_tim.o(i.TIM_ClearITPendingBit)
    TIM_Cmd                                  0x0800123f   Thumb Code    24  stm32f4xx_tim.o(i.TIM_Cmd)
    TIM_GetITStatus                          0x08001257   Thumb Code    34  stm32f4xx_tim.o(i.TIM_GetITStatus)
    TIM_ITConfig                             0x08001279   Thumb Code    18  stm32f4xx_tim.o(i.TIM_ITConfig)
    TIM_TimeBaseInit                         0x0800128d   Thumb Code   104  stm32f4xx_tim.o(i.TIM_TimeBaseInit)
    UART4_IRQHandler                         0x08001311   Thumb Code    84  stm32f4xx_it.o(i.UART4_IRQHandler)
    USART1SendChar                           0x08001379   Thumb Code    20  uart.o(i.USART1SendChar)
    USART1SendString                         0x08001391   Thumb Code    38  uart.o(i.USART1SendString)
    USART1_IRQHandler                        0x080013bd   Thumb Code    82  stm32f4xx_it.o(i.USART1_IRQHandler)
    USART2SendChar                           0x08001425   Thumb Code    22  uart.o(i.USART2SendChar)
    USART2SendString                         0x08001441   Thumb Code    38  uart.o(i.USART2SendString)
    USART2_IRQHandler                        0x0800146d   Thumb Code    70  stm32f4xx_it.o(i.USART2_IRQHandler)
    USART3SendChar                           0x080014c1   Thumb Code    22  uart.o(i.USART3SendChar)
    USART3SendString                         0x080014dd   Thumb Code    38  uart.o(i.USART3SendString)
    USART3_IRQHandler                        0x08001509   Thumb Code    78  stm32f4xx_it.o(i.USART3_IRQHandler)
    USART_Cmd                                0x08001569   Thumb Code    24  stm32f4xx_usart.o(i.USART_Cmd)
    USART_GetITStatus                        0x08001581   Thumb Code    84  stm32f4xx_usart.o(i.USART_GetITStatus)
    USART_ITConfig                           0x080015d5   Thumb Code    74  stm32f4xx_usart.o(i.USART_ITConfig)
    USART_Init                               0x08001621   Thumb Code   204  stm32f4xx_usart.o(i.USART_Init)
    UsageFault_Handler                       0x080016f5   Thumb Code     4  stm32f4xx_it.o(i.UsageFault_Handler)
    __0sprintf                               0x080016f9   Thumb Code    34  printfa.o(i.__0sprintf)
    __1sprintf                               0x080016f9   Thumb Code     0  printfa.o(i.__0sprintf)
    __2sprintf                               0x080016f9   Thumb Code     0  printfa.o(i.__0sprintf)
    __c89sprintf                             0x080016f9   Thumb Code     0  printfa.o(i.__0sprintf)
    sprintf                                  0x080016f9   Thumb Code     0  printfa.o(i.__0sprintf)
    __scatterload_copy                       0x08001721   Thumb Code    14  handlers.o(i.__scatterload_copy)
    __scatterload_null                       0x0800172f   Thumb Code     2  handlers.o(i.__scatterload_null)
    __scatterload_zeroinit                   0x08001731   Thumb Code    14  handlers.o(i.__scatterload_zeroinit)
    bsp_Usart3_RecTime_Add                   0x08001ffd   Thumb Code    26  uart.o(i.bsp_Usart3_RecTime_Add)
    bsp_Usart3_Rec_New                       0x08002021   Thumb Code    34  uart.o(i.bsp_Usart3_Rec_New)
    bsp_uart_open_port                       0x0800204d   Thumb Code   240  bsp_uart.o(i.bsp_uart_open_port)
    connect                                  0x08002255   Thumb Code    48  ec20.o(i.connect)
    date_preocess                            0x08002285   Thumb Code   264  mymodbus.o(i.date_preocess)
    date_query                               0x080023b1   Thumb Code    22  mymodbus.o(i.date_query)
    delay_ms                                 0x080023d5   Thumb Code    32  time.o(i.delay_ms)
    disconnect                               0x080023f5   Thumb Code    44  mqtt_ec.o(i.disconnect)
    gprs_dev_init                            0x08002429   Thumb Code   198  gprs_dev.o(i.gprs_dev_init)
    gprs_dev_restart                         0x080024f9   Thumb Code   118  gprs_dev.o(i.gprs_dev_restart)
    init_timer3                              0x08002575   Thumb Code    86  time.o(i.init_timer3)
    main                                     0x080025d1   Thumb Code   920  main.o(i.main)
    mqtt_connect                             0x08002a3d   Thumb Code   222  mqtt_ec.o(i.mqtt_connect)
    mqtt_wr                                  0x08002b3d   Thumb Code   254  mqtt_ec.o(i.mqtt_wr)
    publish                                  0x08002c5d   Thumb Code   224  mqtt_ec.o(i.publish)
    standard_to_stamp                        0x08002d45   Thumb Code    60  time.o(i.standard_to_stamp)
    write                                    0x08002d81   Thumb Code   162  mqtt_ec.o(i.write)
    writeString                              0x08002e23   Thumb Code    56  mqtt_ec.o(i.writeString)
    Region$$Table$$Base                      0x08002ffc   Number         0  anon$$obj.o(Region$$Table)
    Region$$Table$$Limit                     0x0800301c   Number         0  anon$$obj.o(Region$$Table)
    SysTickCount                             0x20000000   Data           4  stm32f4xx_it.o(.data)
    g_user_voc                               0x20000004   Data           4  main.o(.data)
    g_user_temp                              0x20000008   Data           4  main.o(.data)
    g_user_hum                               0x2000000c   Data           4  main.o(.data)
    TIMEP                                    0x20000010   Data           4  main.o(.data)
    EC                                       0x20000014   Data           2  main.o(.data)
    DT                                       0x20000016   Data           5  main.o(.data)
    ip1                                      0x2000001b   Data          14  main.o(.data)
    port1                                    0x2000002c   Data           4  main.o(.data)
    BV                                       0x20000030   Data           4  main.o(.data)
    RSSI                                     0x20000034   Data           1  main.o(.data)
    flag_5_min                               0x20000035   Data           1  main.o(.data)
    NRB_flag                                 0x20000036   Data           2  main.o(.data)
    NBsend_flag                              0x20000038   Data           2  main.o(.data)
    AIread_flag                              0x2000003a   Data           2  main.o(.data)
    Startsend_flag                           0x2000003c   Data           2  main.o(.data)
    year                                     0x2000003e   Data           2  main.o(.data)
    mon                                      0x20000040   Data           2  main.o(.data)
    day                                      0x20000042   Data           2  main.o(.data)
    second                                   0x20000044   Data           2  main.o(.data)
    min                                      0x20000046   Data           2  main.o(.data)
    hour                                     0x20000048   Data           2  main.o(.data)
    consttimeflag                            0x2000004a   Data           2  main.o(.data)
    mqtt_dateLen                             0x2000004c   Data           4  main.o(.data)
    SenddateLen                              0x20000050   Data           4  main.o(.data)
    socket                                   0x20000054   Data           4  main.o(.data)
    Msg1RxCount                              0x20000058   Data           4  uart.o(.data)
    Msg1RxLen                                0x2000005c   Data           1  uart.o(.data)
    Msg1RxFrameOK                            0x2000005d   Data           1  uart.o(.data)
    Msg2RxCount                              0x20000060   Data           4  uart.o(.data)
    Msg2RxLen                                0x20000064   Data           4  uart.o(.data)
    Msg2RxFrameOK                            0x20000068   Data           1  uart.o(.data)
    Msg3RxCount                              0x2000006c   Data           4  uart.o(.data)
    Msg3RxLen                                0x20000070   Data           4  uart.o(.data)
    Msg3RxFrameOK                            0x20000074   Data           1  uart.o(.data)
    Msg4RxCount                              0x20000078   Data           4  uart.o(.data)
    Msg4RxLen                                0x2000007c   Data           4  uart.o(.data)
    Msg4RxFrameOK                            0x20000080   Data           1  uart.o(.data)
    u3iSendCnt                               0x20000081   Data           1  uart.o(.data)
    u3cSendLock                              0x20000082   Data           1  uart.o(.data)
    __time_20ms                              0x20000084   Data           1  time.o(.data)
    _time_1s                                 0x20000085   Data           1  time.o(.data)
    _time_20s                                0x20000086   Data           2  time.o(.data)
    SystemCoreClock                          0x2000009c   Data           4  system_stm32f4xx.o(.data)
    AHBPrescTable                            0x200000a0   Data          16  system_stm32f4xx.o(.data)
    _state                                   0x200000b4   Data           4  mqtt_ec.o(.data)
    buf                                      0x200000b8   Data         250  main.o(.bss)
    id                                       0x200001b2   Data          24  main.o(.bss)
    IMEI                                     0x200001ca   Data          16  main.o(.bss)
    IMSI                                     0x200001da   Data          16  main.o(.bss)
    LO                                       0x200001ea   Data          11  main.o(.bss)
    LA                                       0x200001f5   Data          10  main.o(.bss)
    TIME                                     0x200001ff   Data           9  main.o(.bss)
    mqtt_date                                0x20000208   Data         100  main.o(.bss)
    Senddate                                 0x2000026c   Data         250  main.o(.bss)
    Msg1TxBuf                                0x20000366   Data         200  uart.o(.bss)
    Msg1RxBuf                                0x2000042e   Data         200  uart.o(.bss)
    Msg1RxUse                                0x200004f6   Data         200  uart.o(.bss)
    Msg2TxBuf                                0x200005be   Data         500  uart.o(.bss)
    Msg2RxBuf                                0x200007b2   Data         120  uart.o(.bss)
    Msg2RxUse                                0x2000082a   Data         200  uart.o(.bss)
    Msg3TxBuf                                0x200008f2   Data         200  uart.o(.bss)
    Msg3RxBuf                                0x200009ba   Data         200  uart.o(.bss)
    Msg3RxUse                                0x20000a82   Data         200  uart.o(.bss)
    Msg4TxBuf                                0x20000b4a   Data         200  uart.o(.bss)
    Msg4RxBuf                                0x20000c12   Data         200  uart.o(.bss)
    Msg4RxUse                                0x20000cda   Data         200  uart.o(.bss)
    buffer                                   0x20000df8   Data         500  mqtt_ec.o(.bss)
    __initial_sp                             0x200013f0   Data           0  startup_stm32f40_41xxx.o(STACK)



==============================================================================

Memory Map of the image

  Image Entry point : 0x08000189

  Load Region LR_IROM1 (Base: 0x08000000, Size: 0x000030d4, Max: 0x00080000, ABSOLUTE)

    Execution Region ER_IROM1 (Exec base: 0x08000000, Load base: 0x08000000, Size: 0x0000301c, Max: 0x00080000, ABSOLUTE)

    Exec Addr    Load Addr    Size         Type   Attr      Idx    E Section Name        Object

    0x08000000   0x08000000   0x00000188   Data   RO          300    RESET               startup_stm32f40_41xxx.o
    0x08000188   0x08000188   0x00000000   Code   RO         2501  * .ARM.Collect$$$$00000000  mc_w.l(entry.o)
    0x08000188   0x08000188   0x00000004   Code   RO         2774    .ARM.Collect$$$$00000001  mc_w.l(entry2.o)
    0x0800018c   0x0800018c   0x00000004   Code   RO         2777    .ARM.Collect$$$$00000004  mc_w.l(entry5.o)
    0x08000190   0x08000190   0x00000000   Code   RO         2779    .ARM.Collect$$$$00000008  mc_w.l(entry7b.o)
    0x08000190   0x08000190   0x00000000   Code   RO         2781    .ARM.Collect$$$$0000000A  mc_w.l(entry8b.o)
    0x08000190   0x08000190   0x00000008   Code   RO         2782    .ARM.Collect$$$$0000000B  mc_w.l(entry9a.o)
    0x08000198   0x08000198   0x00000000   Code   RO         2784    .ARM.Collect$$$$0000000D  mc_w.l(entry10a.o)
    0x08000198   0x08000198   0x00000000   Code   RO         2786    .ARM.Collect$$$$0000000F  mc_w.l(entry11a.o)
    0x08000198   0x08000198   0x00000004   Code   RO         2775    .ARM.Collect$$$$00002712  mc_w.l(entry2.o)
    0x0800019c   0x0800019c   0x00000024   Code   RO          301    .text               startup_stm32f40_41xxx.o
    0x080001c0   0x080001c0   0x000000a8   Code   RO         2504    .text               mc_w.l(mktime.o)
    0x08000268   0x08000268   0x00000024   Code   RO         2507    .text               mc_w.l(memseta.o)
    0x0800028c   0x0800028c   0x0000000e   Code   RO         2509    .text               mc_w.l(strlen.o)
    0x0800029a   0x0800029a   0x00000026   Code   RO         2772    .text               mf_w.l(f2d.o)
    0x080002c0   0x080002c0   0x0000002c   Code   RO         2791    .text               mc_w.l(uidiv.o)
    0x080002ec   0x080002ec   0x00000062   Code   RO         2793    .text               mc_w.l(uldiv.o)
    0x0800034e   0x0800034e   0x00000002   PAD
    0x08000350   0x08000350   0x0000008c   Code   RO         2798    .text               mc_w.l(localtime_i.o)
    0x080003dc   0x080003dc   0x00000000   Code   RO         2801    .text               mc_w.l(iusefp.o)
    0x080003dc   0x080003dc   0x0000014e   Code   RO         2802    .text               mf_w.l(dadd.o)
    0x0800052a   0x0800052a   0x000000e4   Code   RO         2804    .text               mf_w.l(dmul.o)
    0x0800060e   0x0800060e   0x000000de   Code   RO         2806    .text               mf_w.l(ddiv.o)
    0x080006ec   0x080006ec   0x00000030   Code   RO         2808    .text               mf_w.l(dfixul.o)
    0x0800071c   0x0800071c   0x00000030   Code   RO         2810    .text               mf_w.l(cdrcmple.o)
    0x0800074c   0x0800074c   0x00000024   Code   RO         2812    .text               mc_w.l(init.o)
    0x08000770   0x08000770   0x0000001e   Code   RO         2815    .text               mc_w.l(llshl.o)
    0x0800078e   0x0800078e   0x00000020   Code   RO         2817    .text               mc_w.l(llushr.o)
    0x080007ae   0x080007ae   0x00000024   Code   RO         2819    .text               mc_w.l(llsshr.o)
    0x080007d2   0x080007d2   0x000000ba   Code   RO         2822    .text               mf_w.l(depilogue.o)
    0x0800088c   0x0800088c   0x0000008c   Code   RO         2242    i.AT_CGSN           ec20.o
    0x08000918   0x08000918   0x00000064   Code   RO         2243    i.AT_CIMI           ec20.o
    0x0800097c   0x0800097c   0x000000a8   Code   RO         2245    i.AT_CSQ            ec20.o
    0x08000a24   0x08000a24   0x00000068   Code   RO         2246    i.AT_QIACT          ec20.o
    0x08000a8c   0x08000a8c   0x0000006c   Code   RO         2247    i.AT_QICLOSE        ec20.o
    0x08000af8   0x08000af8   0x00000068   Code   RO         2248    i.AT_QICSGP         ec20.o
    0x08000b60   0x08000b60   0x000000c8   Code   RO         2249    i.AT_QIOPEN         ec20.o
    0x08000c28   0x08000c28   0x00000004   Code   RO            3    i.BusFault_Handler  stm32f4xx_it.o
    0x08000c2c   0x08000c2c   0x00000028   Code   RO          484    i.Cal_Checksum_u8   mymodbus.o
    0x08000c54   0x08000c54   0x0000006c   Code   RO          485    i.DataHand          mymodbus.o
    0x08000cc0   0x08000cc0   0x00000002   Code   RO            4    i.DebugMon_Handler  stm32f4xx_it.o
    0x08000cc2   0x08000cc2   0x00000090   Code   RO          702    i.GPIO_Init         stm32f4xx_gpio.o
    0x08000d52   0x08000d52   0x00000046   Code   RO          703    i.GPIO_PinAFConfig  stm32f4xx_gpio.o
    0x08000d98   0x08000d98   0x00000004   Code   RO          709    i.GPIO_ResetBits    stm32f4xx_gpio.o
    0x08000d9c   0x08000d9c   0x00000004   Code   RO          710    i.GPIO_SetBits      stm32f4xx_gpio.o
    0x08000da0   0x08000da0   0x00000016   Code   RO          486    i.GetData           mymodbus.o
    0x08000db6   0x08000db6   0x00000004   Code   RO            5    i.HardFault_Handler  stm32f4xx_it.o
    0x08000dba   0x08000dba   0x00000004   Code   RO            6    i.MemManage_Handler  stm32f4xx_it.o
    0x08000dbe   0x08000dbe   0x00000002   Code   RO            7    i.NMI_Handler       stm32f4xx_it.o
    0x08000dc0   0x08000dc0   0x00000078   Code   RO          526    i.NVIC_Init         misc.o
    0x08000e38   0x08000e38   0x00000028   Code   RO          229    i.NVIC_SetPriority  main.o
    0x08000e60   0x08000e60   0x00000002   Code   RO            8    i.PendSV_Handler    stm32f4xx_it.o
    0x08000e62   0x08000e62   0x00000002   PAD
    0x08000e64   0x08000e64   0x00000020   Code   RO          799    i.RCC_AHB1PeriphClockCmd  stm32f4xx_rcc.o
    0x08000e84   0x08000e84   0x00000020   Code   RO          808    i.RCC_APB1PeriphClockCmd  stm32f4xx_rcc.o
    0x08000ea4   0x08000ea4   0x00000020   Code   RO          811    i.RCC_APB2PeriphClockCmd  stm32f4xx_rcc.o
    0x08000ec4   0x08000ec4   0x000000e8   Code   RO          820    i.RCC_GetClocksFreq  stm32f4xx_rcc.o
    0x08000fac   0x08000fac   0x00000002   Code   RO            9    i.SVC_Handler       stm32f4xx_it.o
    0x08000fae   0x08000fae   0x00000002   PAD
    0x08000fb0   0x08000fb0   0x000000ec   Code   RO         2137    i.SetSysClock       system_stm32f4xx.o
    0x0800109c   0x0800109c   0x000000c4   Code   RO           10    i.SysTick_Handler   stm32f4xx_it.o
    0x08001160   0x08001160   0x00000068   Code   RO         2139    i.SystemInit        system_stm32f4xx.o
    0x080011c8   0x080011c8   0x00000070   Code   RO           11    i.TIM3_IRQHandler   stm32f4xx_it.o
    0x08001238   0x08001238   0x00000006   Code   RO         1144    i.TIM_ClearITPendingBit  stm32f4xx_tim.o
    0x0800123e   0x0800123e   0x00000018   Code   RO         1149    i.TIM_Cmd           stm32f4xx_tim.o
    0x08001256   0x08001256   0x00000022   Code   RO         1170    i.TIM_GetITStatus   stm32f4xx_tim.o
    0x08001278   0x08001278   0x00000012   Code   RO         1174    i.TIM_ITConfig      stm32f4xx_tim.o
    0x0800128a   0x0800128a   0x00000002   PAD
    0x0800128c   0x0800128c   0x00000084   Code   RO         1221    i.TIM_TimeBaseInit  stm32f4xx_tim.o
    0x08001310   0x08001310   0x00000068   Code   RO           12    i.UART4_IRQHandler  stm32f4xx_it.o
    0x08001378   0x08001378   0x00000018   Code   RO          335    i.USART1SendChar    uart.o
    0x08001390   0x08001390   0x0000002c   Code   RO          336    i.USART1SendString  uart.o
    0x080013bc   0x080013bc   0x00000068   Code   RO           13    i.USART1_IRQHandler  stm32f4xx_it.o
    0x08001424   0x08001424   0x0000001c   Code   RO          337    i.USART2SendChar    uart.o
    0x08001440   0x08001440   0x0000002c   Code   RO          338    i.USART2SendString  uart.o
    0x0800146c   0x0800146c   0x00000054   Code   RO           14    i.USART2_IRQHandler  stm32f4xx_it.o
    0x080014c0   0x080014c0   0x0000001c   Code   RO          339    i.USART3SendChar    uart.o
    0x080014dc   0x080014dc   0x0000002c   Code   RO          340    i.USART3SendString  uart.o
    0x08001508   0x08001508   0x00000060   Code   RO           15    i.USART3_IRQHandler  stm32f4xx_it.o
    0x08001568   0x08001568   0x00000018   Code   RO         1699    i.USART_Cmd         stm32f4xx_usart.o
    0x08001580   0x08001580   0x00000054   Code   RO         1703    i.USART_GetITStatus  stm32f4xx_usart.o
    0x080015d4   0x080015d4   0x0000004a   Code   RO         1705    i.USART_ITConfig    stm32f4xx_usart.o
    0x0800161e   0x0800161e   0x00000002   PAD
    0x08001620   0x08001620   0x000000d4   Code   RO         1706    i.USART_Init        stm32f4xx_usart.o
    0x080016f4   0x080016f4   0x00000004   Code   RO           16    i.UsageFault_Handler  stm32f4xx_it.o
    0x080016f8   0x080016f8   0x00000028   Code   RO         2746    i.__0sprintf        mc_w.l(printfa.o)
    0x08001720   0x08001720   0x0000000e   Code   RO         2826    i.__scatterload_copy  mc_w.l(handlers.o)
    0x0800172e   0x0800172e   0x00000002   Code   RO         2827    i.__scatterload_null  mc_w.l(handlers.o)
    0x08001730   0x08001730   0x0000000e   Code   RO         2828    i.__scatterload_zeroinit  mc_w.l(handlers.o)
    0x0800173e   0x0800173e   0x00000002   PAD
    0x08001740   0x08001740   0x00000184   Code   RO         2751    i._fp_digits        mc_w.l(printfa.o)
    0x080018c4   0x080018c4   0x000006dc   Code   RO         2752    i._printf_core      mc_w.l(printfa.o)
    0x08001fa0   0x08001fa0   0x00000024   Code   RO         2753    i._printf_post_padding  mc_w.l(printfa.o)
    0x08001fc4   0x08001fc4   0x0000002e   Code   RO         2754    i._printf_pre_padding  mc_w.l(printfa.o)
    0x08001ff2   0x08001ff2   0x0000000a   Code   RO         2756    i._sputc            mc_w.l(printfa.o)
    0x08001ffc   0x08001ffc   0x00000024   Code   RO          341    i.bsp_Usart3_RecTime_Add  uart.o
    0x08002020   0x08002020   0x0000002c   Code   RO          342    i.bsp_Usart3_Rec_New  uart.o
    0x0800204c   0x0800204c   0x000000f4   Code   RO         2198    i.bsp_uart_open_port  bsp_uart.o
    0x08002140   0x08002140   0x00000114   Code   RO         2199    i.bsp_uart_pin_enable  bsp_uart.o
    0x08002254   0x08002254   0x00000030   Code   RO         2252    i.connect           ec20.o
    0x08002284   0x08002284   0x0000012c   Code   RO          487    i.date_preocess     mymodbus.o
    0x080023b0   0x080023b0   0x00000024   Code   RO          488    i.date_query        mymodbus.o
    0x080023d4   0x080023d4   0x00000020   Code   RO          438    i.delay_ms          time.o
    0x080023f4   0x080023f4   0x00000034   Code   RO         2383    i.disconnect        mqtt_ec.o
    0x08002428   0x08002428   0x000000d0   Code   RO         2333    i.gprs_dev_init     gprs_dev.o
    0x080024f8   0x080024f8   0x0000007c   Code   RO         2336    i.gprs_dev_restart  gprs_dev.o
    0x08002574   0x08002574   0x0000005c   Code   RO          439    i.init_timer3       time.o
    0x080025d0   0x080025d0   0x0000046c   Code   RO          230    i.main              main.o
    0x08002a3c   0x08002a3c   0x00000100   Code   RO         2384    i.mqtt_connect      mqtt_ec.o
    0x08002b3c   0x08002b3c   0x00000120   Code   RO         2385    i.mqtt_wr           mqtt_ec.o
    0x08002c5c   0x08002c5c   0x000000e8   Code   RO         2386    i.publish           mqtt_ec.o
    0x08002d44   0x08002d44   0x0000003c   Code   RO          440    i.standard_to_stamp  time.o
    0x08002d80   0x08002d80   0x000000a2   Code   RO         2387    i.write             mqtt_ec.o
    0x08002e22   0x08002e22   0x00000038   Code   RO         2388    i.writeString       mqtt_ec.o
    0x08002e5a   0x08002e5a   0x00000002   PAD
    0x08002e5c   0x08002e5c   0x00000108   Data   RO         2201    .constdata          bsp_uart.o
    0x08002f64   0x08002f64   0x0000000c   Data   RO         2505    .constdata          mc_w.l(mktime.o)
    0x08002f70   0x08002f70   0x0000000c   Data   RO         2799    .constdata          mc_w.l(localtime_i.o)
    0x08002f7c   0x08002f7c   0x0000007d   Data   RO          232    .conststring        main.o
    0x08002ff9   0x08002ff9   0x00000003   PAD
    0x08002ffc   0x08002ffc   0x00000020   Data   RO         2824    Region$$Table       anon$$obj.o


    Execution Region RW_IRAM1 (Exec base: 0x20000000, Load base: 0x0800301c, Size: 0x000013f0, Max: 0x00020000, ABSOLUTE)

    Exec Addr    Load Addr    Size         Type   Attr      Idx    E Section Name        Object

    0x20000000   0x0800301c   0x00000004   Data   RW           17    .data               stm32f4xx_it.o
    0x20000004   0x08003020   0x00000054   Data   RW          233    .data               main.o
    0x20000058   0x08003074   0x0000002b   Data   RW          348    .data               uart.o
    0x20000083   0x0800309f   0x00000001   PAD
    0x20000084   0x080030a0   0x00000004   Data   RW          442    .data               time.o
    0x20000088   0x080030a4   0x00000001   Data   RW          490    .data               mymodbus.o
    0x20000089   0x080030a5   0x00000010   Data   RW          852    .data               stm32f4xx_rcc.o
    0x20000099   0x080030b5   0x00000003   PAD
    0x2000009c   0x080030b8   0x00000014   Data   RW         2140    .data               system_stm32f4xx.o
    0x200000b0   0x080030cc   0x00000001   Data   RW         2253    .data               ec20.o
    0x200000b1   0x080030cd   0x00000003   PAD
    0x200000b4   0x080030d0   0x00000004   Data   RW         2390    .data               mqtt_ec.o
    0x200000b8        -       0x000002ae   Zero   RW          231    .bss                main.o
    0x20000366        -       0x00000a3c   Zero   RW          347    .bss                uart.o
    0x20000da2   0x080030d4   0x00000002   PAD
    0x20000da4        -       0x00000054   Zero   RW          489    .bss                mymodbus.o
    0x20000df8        -       0x000001f4   Zero   RW         2389    .bss                mqtt_ec.o
    0x20000fec   0x080030d4   0x00000004   PAD
    0x20000ff0        -       0x00000400   Zero   RW          298    STACK               startup_stm32f40_41xxx.o


==============================================================================

Image component sizes


      Code (inc. data)   RO Data    RW Data    ZI Data      Debug   Object Name

       520         10        264          0          0       2509   bsp_uart.o
       972        250          0          1          0       4535   ec20.o
       332         16          0          0          0       1091   gprs_dev.o
      1172        220        125         84        686      29813   main.o
       120         14          0          0          0        960   misc.o
      1046         84          0          4        500       5842   mqtt_ec.o
       506         58          0          1         84       3296   mymodbus.o
        36          8        392          0       1024        816   startup_stm32f40_41xxx.o
       222          0          0          0          0       2751   stm32f4xx_gpio.o
       720        120          0          4          0     288311   stm32f4xx_it.o
       328         36          0         16          0       4459   stm32f4xx_rcc.o
       214         28          0          0          0       3514   stm32f4xx_tim.o
       394          8          0          0          0       3566   stm32f4xx_usart.o
       340         34          0         20          0       1737   system_stm32f4xx.o
       184          6          0          4          0       3531   time.o
       292         54          0         43       2620       5631   uart.o

    ----------------------------------------------------------------------
      7408        946        816        184       4920     362362   Object Totals
         0          0         32          0          0          0   (incl. Generated)
        10          0          3          7          6          0   (incl. Padding)

    ----------------------------------------------------------------------

      Code (inc. data)   RO Data    RW Data    ZI Data      Debug   Library Member Name

         0          0          0          0          0          0   entry.o
         0          0          0          0          0          0   entry10a.o
         0          0          0          0          0          0   entry11a.o
         8          4          0          0          0          0   entry2.o
         4          0          0          0          0          0   entry5.o
         0          0          0          0          0          0   entry7b.o
         0          0          0          0          0          0   entry8b.o
         8          4          0          0          0          0   entry9a.o
        30          0          0          0          0          0   handlers.o
        36          8          0          0          0         68   init.o
         0          0          0          0          0          0   iusefp.o
        30          0          0          0          0         68   llshl.o
        36          0          0          0          0         68   llsshr.o
        32          0          0          0          0         68   llushr.o
       140          6         12          0          0         76   localtime_i.o
        36          0          0          0          0        108   memseta.o
       168         18         12          0          0         80   mktime.o
      2276         86          0          0          0        520   printfa.o
        14          0          0          0          0         68   strlen.o
        44          0          0          0          0         80   uidiv.o
        98          0          0          0          0         92   uldiv.o
        48          0          0          0          0         68   cdrcmple.o
       334          0          0          0          0        148   dadd.o
       222          0          0          0          0        100   ddiv.o
       186          0          0          0          0        176   depilogue.o
        48          0          0          0          0         68   dfixul.o
       228          0          0          0          0         96   dmul.o
        38          0          0          0          0         68   f2d.o

    ----------------------------------------------------------------------
      4068        126         24          0          0       2020   Library Totals
         4          0          0          0          0          0   (incl. Padding)

    ----------------------------------------------------------------------

      Code (inc. data)   RO Data    RW Data    ZI Data      Debug   Library Name

      2960        126         24          0          0       1296   mc_w.l
      1104          0          0          0          0        724   mf_w.l

    ----------------------------------------------------------------------
      4068        126         24          0          0       2020   Library Totals

    ----------------------------------------------------------------------

==============================================================================


      Code (inc. data)   RO Data    RW Data    ZI Data      Debug   

     11476       1072        840        184       4920     357146   Grand Totals
     11476       1072        840        184       4920     357146   ELF Image Totals
     11476       1072        840        184          0          0   ROM Totals

==============================================================================

    Total RO  Size (Code + RO Data)                12316 (  12.03kB)
    Total RW  Size (RW Data + ZI Data)              5104 (   4.98kB)
    Total ROM Size (Code + RO Data + RW Data)      12500 (  12.21kB)

==============================================================================

