Component: ARM Compiler 5.06 update 6 (build 750) Tool: armlink [4d35ed]

==============================================================================

Section Cross References

    stm32f4xx_it.o(i.SysTick_Handler) refers to stm32f4xx_gpio.o(i.GPIO_ResetBits) for GPIO_ResetBits
    stm32f4xx_it.o(i.SysTick_Handler) refers to stm32f4xx_gpio.o(i.GPIO_SetBits) for GPIO_SetBits
    stm32f4xx_it.o(i.SysTick_Handler) refers to stm32f4xx_it.o(.data) for SysTickCount
    stm32f4xx_it.o(i.SysTick_Handler) refers to main.o(.data) for second
    stm32f4xx_it.o(i.TIM3_IRQHandler) refers to stm32f4xx_tim.o(i.TIM_GetITStatus) for TIM_GetITStatus
    stm32f4xx_it.o(i.TIM3_IRQHandler) refers to uart.o(i.bsp_Usart3_RecTime_Add) for bsp_Usart3_RecTime_Add
    stm32f4xx_it.o(i.TIM3_IRQHandler) refers to stm32f4xx_tim.o(i.TIM_ClearITPendingBit) for TIM_ClearITPendingBit
    stm32f4xx_it.o(i.TIM3_IRQHandler) refers to time.o(.data) for __time_20ms
    stm32f4xx_it.o(i.UART4_IRQHandler) refers to uart.o(.bss) for Msg4RxBuf
    stm32f4xx_it.o(i.UART4_IRQHandler) refers to uart.o(.data) for Msg4RxCount
    stm32f4xx_it.o(i.USART1_IRQHandler) refers to uart.o(.bss) for Msg1RxBuf
    stm32f4xx_it.o(i.USART1_IRQHandler) refers to uart.o(.data) for Msg1RxCount
    stm32f4xx_it.o(i.USART2_IRQHandler) refers to uart.o(.data) for Msg2RxCount
    stm32f4xx_it.o(i.USART2_IRQHandler) refers to uart.o(.bss) for Msg2RxBuf
    stm32f4xx_it.o(i.USART3_IRQHandler) refers to stm32f4xx_usart.o(i.USART_GetITStatus) for USART_GetITStatus
    stm32f4xx_it.o(i.USART3_IRQHandler) refers to stm32f4xx_usart.o(i.USART_ITConfig) for USART_ITConfig
    stm32f4xx_it.o(i.USART3_IRQHandler) refers to uart.o(.data) for Msg3RxCount
    stm32f4xx_it.o(i.USART3_IRQHandler) refers to uart.o(.bss) for Msg3RxBuf
    main.o(i.main) refers to _printf_pad.o(.text) for _printf_pre_padding
    main.o(i.main) refers to _printf_percent.o(.ARM.Collect$$_printf_percent$$00000000) for _printf_percent
    main.o(i.main) refers to _printf_d.o(.ARM.Collect$$_printf_percent$$00000009) for _printf_d
    main.o(i.main) refers to _printf_dec.o(.text) for _printf_int_dec
    main.o(i.main) refers to _printf_f.o(.ARM.Collect$$_printf_percent$$00000003) for _printf_f
    main.o(i.main) refers to _printf_s.o(.ARM.Collect$$_printf_percent$$00000014) for _printf_s
    main.o(i.main) refers to printf1.o(x$fpl$printf1) for _printf_fp_dec
    main.o(i.main) refers to _printf_str.o(.text) for _printf_str
    main.o(i.main) refers to rt_memcpy_w.o(.text) for __aeabi_memcpy4
    main.o(i.main) refers to strlen.o(.text) for strlen
    main.o(i.main) refers to system_stm32f4xx.o(i.SystemInit) for SystemInit
    main.o(i.main) refers to main.o(i.NVIC_SetPriority) for NVIC_SetPriority
    main.o(i.main) refers to time.o(i.init_timer3) for init_timer3
    main.o(i.main) refers to init.o(i.JEC_IO_Init) for JEC_IO_Init
    main.o(i.main) refers to init.o(i.JEC_USART_Init) for JEC_USART_Init
    main.o(i.main) refers to stm32f4xx_gpio.o(i.GPIO_SetBits) for GPIO_SetBits
    main.o(i.main) refers to main.o(i.delay_ms) for delay_ms
    main.o(i.main) refers to nb-iot.o(i.AT_CSQ) for AT_CSQ
    main.o(i.main) refers to nb-iot.o(i.AT_CGSN) for AT_CGSN
    main.o(i.main) refers to __2sprintf.o(.text) for __2sprintf
    main.o(i.main) refers to uart.o(i.USART1SendString) for USART1SendString
    main.o(i.main) refers to uart.o(i.USART2SendString) for USART2SendString
    main.o(i.main) refers to time.o(i.standard_to_stamp) for standard_to_stamp
    main.o(i.main) refers to f2d.o(x$fpl$f2d) for __aeabi_f2d
    main.o(i.main) refers to nb-iot.o(i.AT_CEREG) for AT_CEREG
    main.o(i.main) refers to nb-iot.o(i.build_socket) for build_socket
    main.o(i.main) refers to nb-iot.o(i.opentcp) for opentcp
    main.o(i.main) refers to mqttconnectclient.o(i.MQTTSerialize_connect) for MQTTSerialize_connect
    main.o(i.main) refers to nb-iot.o(i.NB_senddate) for NB_senddate
    main.o(i.main) refers to nb-iot.o(i.NB_recACKdate) for NB_recACKdate
    main.o(i.main) refers to main.o(.constdata) for .constdata
    main.o(i.main) refers to system_stm32f4xx.o(.data) for SystemCoreClock
    main.o(i.main) refers to main.o(.data) for consttimeflag
    main.o(i.main) refers to time.o(.data) for _time_20s
    main.o(i.main) refers to uart.o(.bss) for Msg1TxBuf
    main.o(i.main) refers to uart.o(.data) for Msg2RxCount
    main.o(i.main) refers to main.o(.bss) for LA
    main.o(i.main) refers to main.o(.conststring) for .conststring
    main.o(i.main) refers to mqttserializepublish.o(i.MQTTSerialize_publish) for MQTTSerialize_publish
    main.o(i.main) refers to mqttconnectclient.o(i.MQTTSerialize_disconnect) for MQTTSerialize_disconnect
    main.o(i.main) refers to nb-iot.o(i.NB_Closetcp) for NB_Closetcp
    main.o(i.main) refers to mymodbus.o(i.GetData) for GetData
    main.o(i.main) refers to stm32f4xx_gpio.o(i.GPIO_ResetBits) for GPIO_ResetBits
[...]
    .ARM.Collect$$libinit$$00000001          0x0800021a   Section        4  libinit2.o(.ARM.Collect$$libinit$$00000001)
    .ARM.Collect$$libinit$$00000004          0x0800021e   Section        0  libinit2.o(.ARM.Collect$$libinit$$00000004)
    .ARM.Collect$$libinit$$0000000A          0x0800021e   Section        0  libinit2.o(.ARM.Collect$$libinit$$0000000A)
    .ARM.Collect$$libinit$$0000000C          0x0800021e   Section        0  libinit2.o(.ARM.Collect$$libinit$$0000000C)
    .ARM.Collect$$libinit$$0000000E          0x0800021e   Section        0  libinit2.o(.ARM.Collect$$libinit$$0000000E)
    .ARM.Collect$$libinit$$0000000F          0x0800021e   Section        6  libinit2.o(.ARM.Collect$$libinit$$0000000F)
    .ARM.Collect$$libinit$$00000011          0x08000224   Section        0  libinit2.o(.ARM.Collect$$libinit$$00000011)
    .ARM.Collect$$libinit$$00000013          0x08000224   Section        0  libinit2.o(.ARM.Collect$$libinit$$00000013)
    .ARM.Collect$$libinit$$00000015          0x08000224   Section        0  libinit2.o(.ARM.Collect$$libinit$$00000015)
    .ARM.Collect$$libinit$$00000016          0x08000224   Section       10  libinit2.o(.ARM.Collect$$libinit$$00000016)
    .ARM.Collect$$libinit$$00000017          0x0800022e   Section        0  libinit2.o(.ARM.Collect$$libinit$$00000017)
    .ARM.Collect$$libinit$$00000019          0x0800022e   Section        0  libinit2.o(.ARM.Collect$$libinit$$00000019)
    .ARM.Collect$$libinit$$0000001B          0x0800022e   Section        0  libinit2.o(.ARM.Collect$$libinit$$0000001B)
    .ARM.Collect$$libinit$$0000001D          0x0800022e   Section        0  libinit2.o(.ARM.Collect$$libinit$$0000001D)
    .ARM.Collect$$libinit$$0000001F          0x0800022e   Section        0  libinit2.o(.ARM.Collect$$libinit$$0000001F)
    .ARM.Collect$$libinit$$00000021          0x0800022e   Section        0  libinit2.o(.ARM.Collect$$libinit$$00000021)
    .ARM.Collect$$libinit$$00000023          0x0800022e   Section        0  libinit2.o(.ARM.Collect$$libinit$$00000023)
    .ARM.Collect$$libinit$$00000025          0x0800022e   Section        0  libinit2.o(.ARM.Collect$$libinit$$00000025)
    .ARM.Collect$$libinit$$0000002C          0x0800022e   Section        0  libinit2.o(.ARM.Collect$$libinit$$0000002C)
    .ARM.Collect$$libinit$$0000002E          0x0800022e   Section        0  libinit2.o(.ARM.Collect$$libinit$$0000002E)
    .ARM.Collect$$libinit$$00000030          0x0800022e   Section        0  libinit2.o(.ARM.Collect$$libinit$$00000030)
    .ARM.Collect$$libinit$$00000032          0x0800022e   Section        0  libinit2.o(.ARM.Collect$$libinit$$00000032)
    .ARM.Collect$$libinit$$00000033          0x0800022e   Section        2  libinit2.o(.ARM.Collect$$libinit$$00000033)
    .ARM.Collect$$libshutdown$$00000000      0x08000230   Section        2  libshutdown.o(.ARM.Collect$$libshutdown$$00000000)
    .ARM.Collect$$libshutdown$$00000002      0x08000232   Section        0  libshutdown2.o(.ARM.Collect$$libshutdown$$00000002)
    .ARM.Collect$$libshutdown$$00000004      0x08000232   Section        0  libshutdown2.o(.ARM.Collect$$libshutdown$$00000004)
    .ARM.Collect$$libshutdown$$00000007      0x08000232   Section        0  libshutdown2.o(.ARM.Collect$$libshutdown$$00000007)
    .ARM.Collect$$libshutdown$$0000000A      0x08000232   Section        0  libshutdown2.o(.ARM.Collect$$libshutdown$$0000000A)
    .ARM.Collect$$libshutdown$$0000000C      0x08000232   Section        0  libshutdown2.o(.ARM.Collect$$libshutdown$$0000000C)
    .ARM.Collect$$libshutdown$$0000000F      0x08000232   Section        0  libshutdown2.o(.ARM.Collect$$libshutdown$$0000000F)
    .ARM.Collect$$libshutdown$$00000010      0x08000232   Section        2  libshutdown2.o(.ARM.Collect$$libshutdown$$00000010)
    .ARM.Collect$$rtentry$$00000000          0x08000234   Section        0  __rtentry.o(.ARM.Collect$$rtentry$$00000000)
    .ARM.Collect$$rtentry$$00000002          0x08000234   Section        0  __rtentry2.o(.ARM.Collect$$rtentry$$00000002)
    .ARM.Collect$$rtentry$$00000004          0x08000234   Section        6  __rtentry4.o(.ARM.Collect$$rtentry$$00000004)
    .ARM.Collect$$rtentry$$00000009          0x0800023a   Section        0  __rtentry2.o(.ARM.Collect$$rtentry$$00000009)
    .ARM.Collect$$rtentry$$0000000A          0x0800023a   Section        4  __rtentry2.o(.ARM.Collect$$rtentry$$0000000A)
    .ARM.Collect$$rtentry$$0000000C          0x0800023e   Section        0  __rtentry2.o(.ARM.Collect$$rtentry$$0000000C)
    .ARM.Collect$$rtentry$$0000000D          0x0800023e   Section        8  __rtentry2.o(.ARM.Collect$$rtentry$$0000000D)
    .ARM.Collect$$rtexit$$00000000           0x08000246   Section        2  rtexit.o(.ARM.Collect$$rtexit$$00000000)
    .ARM.Collect$$rtexit$$00000002           0x08000248   Section        0  rtexit2.o(.ARM.Collect$$rtexit$$00000002)
    .ARM.Collect$$rtexit$$00000003           0x08000248   Section        4  rtexit2.o(.ARM.Collect$$rtexit$$00000003)
    .ARM.Collect$$rtexit$$00000004           0x0800024c   Section        6  rtexit2.o(.ARM.Collect$$rtexit$$00000004)
    .text                                    0x08000254   Section       64  startup_stm32f40_41xxx.o(.text)
    $v0                                      0x08000254   Number         0  startup_stm32f40_41xxx.o(.text)
    .text                                    0x08000294   Section        0  __2sprintf.o(.text)
    .text                                    0x080002c0   Section        0  _printf_pad.o(.text)
    .text                                    0x0800030e   Section        0  _printf_str.o(.text)
    .text                                    0x08000360   Section        0  _printf_dec.o(.text)
    .text                                    0x080003d8   Section        0  _printf_hex_int.o(.text)
    .text                                    0x08000430   Section        0  __printf_flags_wp.o(.text)
    .text                                    0x08000568   Section        0  strlen.o(.text)
    .text                                    0x080005a6   Section      138  rt_memcpy_v6.o(.text)
    .text                                    0x08000630   Section      100  rt_memcpy_w.o(.text)
    .text                                    0x08000694   Section       78  rt_memclr_w.o(.text)
    .text                                    0x080006e4   Section        0  mktime.o(.text)
    _tm_carry                                0x080006e5   Thumb Code    62  mktime.o(.text)
    .text                                    0x08000890   Section        0  heapauxi.o(.text)
    .text                                    0x08000896   Section        0  _printf_intcommon.o(.text)
    .text                                    0x08000948   Section        0  _printf_fp_dec.o(.text)
    _fp_digits                               0x0800094b   Thumb Code   432  _printf_fp_dec.o(.text)
    .text                                    0x08000d68   Section        0  _printf_char_common.o(.text)
    _printf_input_char                       0x08000d69   Thumb Code    10  _printf_char_common.o(.text)
    .text                                    0x08000d98   Section        0  _sputc.o(.text)
    .text                                    0x08000da2   Section        0  _printf_char.o(.text)
    .text                                    0x08000dd0   Section        8  rt_locale_intlibspace.o(.text)
    .text                                    0x08000dd8   Section      138  lludiv10.o(.text)
    .text                                    0x08000e64   Section        0  _printf_fp_infnan.o(.text)
    .text                                    0x08000ee4   Section        0  bigflt0.o(.text)
    .text                                    0x08000fc8   Section        8  libspace.o(.text)
    .text                                    0x08000fd0   Section       74  sys_stackheap_outer.o(.text)
    .text                                    0x0800101a   Section        0  exit.o(.text)
    .text                                    0x0800102c   Section      128  strcmpv7m.o(.text)
    .text                                    0x080010ac   Section        0  sys_exit.o(.text)
    .text                                    0x080010b8   Section        2  use_no_semi.o(.text)
    .text                                    0x080010ba   Section        0  indicate_semi.o(.text)
    CL$$btod_d2e                             0x080010ba   Section       62  btod.o(CL$$btod_d2e)
    CL$$btod_d2e_denorm_low                  0x080010f8   Section       70  btod.o(CL$$btod_d2e_denorm_low)
    CL$$btod_d2e_norm_op1                    0x0800113e   Section       96  btod.o(CL$$btod_d2e_norm_op1)
    CL$$btod_div_common                      0x0800119e   Section      824  btod.o(CL$$btod_div_common)
    CL$$btod_e2e                             0x080014d6   Section      220  btod.o(CL$$btod_e2e)
    CL$$btod_ediv                            0x080015b2   Section       42  btod.o(CL$$btod_ediv)
    CL$$btod_emul                            0x080015dc   Section       42  btod.o(CL$$btod_emul)
    CL$$btod_mult_common                     0x08001606   Section      580  btod.o(CL$$btod_mult_common)
    i.AT_CEREG                               0x0800184c   Section        0  nb-iot.o(i.AT_CEREG)
    i.AT_CGSN                                0x080018bc   Section        0  nb-iot.o(i.AT_CGSN)
    i.AT_CSQ                                 0x08001944   Section        0  nb-iot.o(i.AT_CSQ)
    i.BusFault_Handler                       0x080019ec   Section        0  stm32f4xx_it.o(i.BusFault_Handler)
    i.DataHand                               0x080019f0   Section        0  mymodbus.o(i.DataHand)
    i.DebugMon_Handler                       0x08001aac   Section        0  stm32f4xx_it.o(i.DebugMon_Handler)
    i.GPIO_Init                              0x08001aae   Section        0  stm32f4xx_gpio.o(i.GPIO_Init)
    i.GPIO_PinAFConfig                       0x08001b3e   Section        0  stm32f4xx_gpio.o(i.GPIO_PinAFConfig)
    i.GPIO_ResetBits                         0x08001b84   Section        0  stm32f4xx_gpio.o(i.GPIO_ResetBits)
    i.GPIO_SetBits                           0x08001b88   Section        0  stm32f4xx_gpio.o(i.GPIO_SetBits)
    i.GetData                                0x08001b8c   Section        0  mymodbus.o(i.GetData)
    i.HardFault_Handler                      0x08001dc4   Section        0  stm32f4xx_it.o(i.HardFault_Handler)
    i.JEC_IO_Init                            0x08001dc8   Section        0  init.o(i.JEC_IO_Init)
    i.JEC_USART_Init                         0x08001ec8   Section        0  init.o(i.JEC_USART_Init)
    i.MQTTPacket_encode                      0x080020e4   Section        0  mqttpacket.o(i.MQTTPacket_encode)
    i.MQTTPacket_len                         0x0800211c   Section        0  mqttpacket.o(i.MQTTPacket_len)
    i.MQTTSerialize_connect                  0x08002144   Section        0  mqttconnectclient.o(i.MQTTSerialize_connect)
    i.MQTTSerialize_connectLength            0x080022ac   Section        0  mqttconnectclient.o(i.MQTTSerialize_connectLength)
    i.MQTTSerialize_disconnect               0x08002322   Section        0  mqttconnectclient.o(i.MQTTSerialize_disconnect)
    i.MQTTSerialize_publish                  0x08002334   Section        0  mqttserializepublish.o(i.MQTTSerialize_publish)
    i.MQTTSerialize_publishLength            0x080023e4   Section        0  mqttserializepublish.o(i.MQTTSerialize_publishLength)
    i.MQTTSerialize_zero                     0x08002406   Section        0  mqttconnectclient.o(i.MQTTSerialize_zero)
    i.MQTTstrlen                             0x08002452   Section        0  mqttpacket.o(i.MQTTstrlen)
    i.MemManage_Handler                      0x0800246a   Section        0  stm32f4xx_it.o(i.MemManage_Handler)
    i.NB_Closetcp                            0x08002470   Section        0  nb-iot.o(i.NB_Closetcp)
    i.NB_recACKdate                          0x080024e0   Section        0  nb-iot.o(i.NB_recACKdate)
    i.NB_senddate                            0x08002584   Section        0  nb-iot.o(i.NB_senddate)
    i.NMI_Handler                            0x08002630   Section        0  stm32f4xx_it.o(i.NMI_Handler)
    i.NVIC_Init                              0x08002634   Section        0  misc.o(i.NVIC_Init)
    i.NVIC_SetPriority                       0x080026ac   Section        0  main.o(i.NVIC_SetPriority)
    NVIC_SetPriority                         0x080026ad   Thumb Code    32  main.o(i.NVIC_SetPriority)
    i.PendSV_Handler                         0x080026d4   Section        0  stm32f4xx_it.o(i.PendSV_Handler)
    i.RCC_AHB1PeriphClockCmd                 0x080026d8   Section        0  stm32f4xx_rcc.o(i.RCC_AHB1PeriphClockCmd)
    i.RCC_APB1PeriphClockCmd                 0x080026f8   Section        0  stm32f4xx_rcc.o(i.RCC_APB1PeriphClockCmd)
    i.RCC_APB2PeriphClockCmd                 0x08002718   Section        0  stm32f4xx_rcc.o(i.RCC_APB2PeriphClockCmd)
    i.RCC_GetClocksFreq                      0x08002738   Section        0  stm32f4xx_rcc.o(i.RCC_GetClocksFreq)
    i.SVC_Handler                            0x08002820   Section        0  stm32f4xx_it.o(i.SVC_Handler)
    i.SetSysClock                            0x08002824   Section        0  system_stm32f4xx.o(i.SetSysClock)
    SetSysClock                              0x08002825   Thumb Code   218  system_stm32f4xx.o(i.SetSysClock)
    i.SysTick_Handler                        0x08002910   Section        0  stm32f4xx_it.o(i.SysTick_Handler)
    i.SystemInit                             0x080029b8   Section        0  system_stm32f4xx.o(i.SystemInit)
    i.TIM3_IRQHandler                        0x08002a20   Section        0  stm32f4xx_it.o(i.TIM3_IRQHandler)
    i.TIM_ClearITPendingBit                  0x08002a90   Section        0  stm32f4xx_tim.o(i.TIM_ClearITPendingBit)
    i.TIM_Cmd                                0x08002a96   Section        0  stm32f4xx_tim.o(i.TIM_Cmd)
    i.TIM_GetITStatus                        0x08002aae   Section        0  stm32f4xx_tim.o(i.TIM_GetITStatus)
    i.TIM_ITConfig                           0x08002ad0   Section        0  stm32f4xx_tim.o(i.TIM_ITConfig)
    i.TIM_TimeBaseInit                       0x08002ae4   Section        0  stm32f4xx_tim.o(i.TIM_TimeBaseInit)
    i.UART4_IRQHandler                       0x08002b68   Section        0  stm32f4xx_it.o(i.UART4_IRQHandler)
    i.USART1SendChar                         0x08002bd0   Section        0  uart.o(i.USART1SendChar)
    i.USART1SendString                       0x08002be8   Section        0  uart.o(i.USART1SendString)
    i.USART1_IRQHandler                      0x08002c14   Section        0  stm32f4xx_it.o(i.USART1_IRQHandler)
    i.USART2SendChar                         0x08002c7c   Section        0  uart.o(i.USART2SendChar)
    i.USART2SendString                       0x08002c98   Section        0  uart.o(i.USART2SendString)
    i.USART2_IRQHandler                      0x08002cc4   Section        0  stm32f4xx_it.o(i.USART2_IRQHandler)
    i.USART3SendChar                         0x08002d04   Section        0  uart.o(i.USART3SendChar)
    i.USART3SendString                       0x08002d20   Section        0  uart.o(i.USART3SendString)
    i.USART3_IRQHandler                      0x08002d64   Section        0  stm32f4xx_it.o(i.USART3_IRQHandler)
    i.USART_ClearFlag                        0x08002dc4   Section        0  stm32f4xx_usart.o(i.USART_ClearFlag)
    i.USART_Cmd                              0x08002dd6   Section        0  stm32f4xx_usart.o(i.USART_Cmd)
    i.USART_GetITStatus                      0x08002dee   Section        0  stm32f4xx_usart.o(i.USART_GetITStatus)
    i.USART_ITConfig                         0x08002e42   Section        0  stm32f4xx_usart.o(i.USART_ITConfig)
    i.USART_Init                             0x08002e8c   Section        0  stm32f4xx_usart.o(i.USART_Init)
    i.UsageFault_Handler                     0x08002f60   Section        0  stm32f4xx_it.o(i.UsageFault_Handler)
    i.__ARM_fpclassify                       0x08002f64   Section        0  fpclassify.o(i.__ARM_fpclassify)
    i._is_digit                              0x08002f94   Section        0  __printf_wp.o(i._is_digit)
    i.bsp_Usart3_RecTime_Add                 0x08002fa4   Section        0  uart.o(i.bsp_Usart3_RecTime_Add)
    i.bsp_Usart3_Rec_New                     0x08002fc8   Section        0  uart.o(i.bsp_Usart3_Rec_New)
    i.build_socket                           0x08002ff4   Section        0  nb-iot.o(i.build_socket)
    i.date_preocess                          0x080030d8   Section        0  mymodbus.o(i.date_preocess)
    i.date_query                             0x080031f8   Section        0  mymodbus.o(i.date_query)
    i.delay_ms                               0x08003220   Section        0  main.o(i.delay_ms)
    i.init_timer3                            0x08003240   Section        0  time.o(i.init_timer3)
    i.is_in                                  0x0800329c   Section        0  nb-iot.o(i.is_in)
    i.main                                   0x080032ec   Section        0  main.o(i.main)
    i.opentcp                                0x08003988   Section        0  nb-iot.o(i.opentcp)
    i.standard_to_stamp                      0x08003a18   Section        0  time.o(i.standard_to_stamp)
    i.writeCString                           0x08003a54   Section        0  mqttpacket.o(i.writeCString)
    i.writeChar                              0x08003a7c   Section        0  mqttpacket.o(i.writeChar)
    i.writeInt                               0x08003a88   Section        0  mqttpacket.o(i.writeInt)
    i.writeMQTTString                        0x08003ab8   Section        0  mqttpacket.o(i.writeMQTTString)
    locale$$code                             0x08003af8   Section       44  lc_numeric_c.o(locale$$code)
    x$fpl$dretinf                            0x08003b24   Section       12  dretinf.o(x$fpl$dretinf)
    $v0                                      0x08003b24   Number         0  dretinf.o(x$fpl$dretinf)
    x$fpl$f2d                                0x08003b30   Section       86  f2d.o(x$fpl$f2d)
    $v0                                      0x08003b30   Number         0  f2d.o(x$fpl$f2d)
    x$fpl$fnaninf                            0x08003b86   Section      140  fnaninf.o(x$fpl$fnaninf)
    $v0                                      0x08003b86   Number         0  fnaninf.o(x$fpl$fnaninf)
    x$fpl$fpinit                             0x08003c12   Section       10  fpinit.o(x$fpl$fpinit)
    $v0                                      0x08003c12   Number         0  fpinit.o(x$fpl$fpinit)
    x$fpl$printf1                            0x08003c1c   Section        4  printf1.o(x$fpl$printf1)
    $v0                                      0x08003c1c   Number         0  printf1.o(x$fpl$printf1)
    .constdata                               0x08003c20   Section       88  main.o(.constdata)
    x$fpl$usenofp                            0x08003c20   Section        0  usenofp.o(x$fpl$usenofp)
    .constdata                               0x08003c78   Section       40  _printf_hex_int.o(.constdata)
    uc_hextab                                0x08003c78   Data          20  _printf_hex_int.o(.constdata)
    lc_hextab                                0x08003c8c   Data          20  _printf_hex_int.o(.constdata)
    .constdata                               0x08003ca0   Section       17  __printf_flags_wp.o(.constdata)
    maptable                                 0x08003ca0   Data          17  __printf_flags_wp.o(.constdata)
    .constdata                               0x08003cb1   Section       12  _monlen.o(.constdata)
    .constdata                               0x08003cc0   Section      148  bigflt0.o(.constdata)
    tenpwrs_x                                0x08003cc0   Data          60  bigflt0.o(.constdata)
    tenpwrs_i                                0x08003cfc   Data          64  bigflt0.o(.constdata)
    .conststring                             0x08003d54   Section      180  main.o(.conststring)
    locale$$data                             0x08003e28   Section       28  lc_numeric_c.o(locale$$data)
    __lcnum_c_name                           0x08003e2c   Data           2  lc_numeric_c.o(locale$$data)
    __lcnum_c_start                          0x08003e34   Data           0  lc_numeric_c.o(locale$$data)
    __lcnum_c_point                          0x08003e40   Data           0  lc_numeric_c.o(locale$$data)
    __lcnum_c_thousands                      0x08003e42   Data           0  lc_numeric_c.o(locale$$data)
    __lcnum_c_grouping                       0x08003e43   Data           0  lc_numeric_c.o(locale$$data)
    __lcnum_c_end                            0x08003e44   Data           0  lc_numeric_c.o(locale$$data)
    .data                                    0x20000000   Section        4  stm32f4xx_it.o(.data)
    .data                                    0x20000004   Section      116  main.o(.data)
    .data                                    0x20000078   Section       43  uart.o(.data)
    .data                                    0x200000a4   Section        4  time.o(.data)
    .data                                    0x200000a8   Section        6  mymodbus.o(.data)
    flags                                    0x200000a8   Data           6  mymodbus.o(.data)
    .data                                    0x200000ae   Section       16  stm32f4xx_rcc.o(.data)
    APBAHBPrescTable                         0x200000ae   Data          16  stm32f4xx_rcc.o(.data)
    .data                                    0x200000c0   Section       20  system_stm32f4xx.o(.data)
    .bss                                     0x200000d4   Section      700  main.o(.bss)
    .bss                                     0x20000390   Section     2548  uart.o(.bss)
    .bss                                     0x20000d84   Section     1200  nb-iot.o(.bss)
    .bss                                     0x20001234   Section       32  mymodbus.o(.bss)
    outbuf                                   0x20001234   Data          32  mymodbus.o(.bss)
    .bss                                     0x20001254   Section       96  libspace.o(.bss)
    HEAP                                     0x200012b8   Section     4096  startup_stm32f40_41xxx.o(HEAP)
    Heap_Mem                                 0x200012b8   Data        4096  startup_stm32f40_41xxx.o(HEAP)
    STACK                                    0x200022b8   Section     2048  startup_stm32f40_41xxx.o(STACK)
    Stack_Mem                                0x200022b8   Data        2048  startup_stm32f40_41xxx.o(STACK)
    __initial_sp                             0x20002ab8   Data           0  startup_stm32f40_41xxx.o(STACK)

    Global Symbols

    Symbol Name                              Value     Ov Type        Size  Object(Section)

    BuildAttributes$$THM_ISAv4$E$P$D$K$B$S$7EM$VFPi3$EXTD16$VFPS$VFMA$PE$A:L22UL41UL21$X:L11$S22US41US21$IEEE1$IW$USESV6$~STKCKD$USESV7$~SHL$OTIME$ROPI$IEEEX$EBA8$UX$STANDARDLIB$REQ8$PRES8$EABIv2 0x00000000   Number         0  anon$$obj.o ABSOLUTE
    __ARM_use_no_argv                        0x00000000   Number         0  main.o ABSOLUTE
    _printf_flags                            0x00000000   Number         0  printf_stubs.o ABSOLUTE
    _printf_return_value                     0x00000000   Number         0  printf_stubs.o ABSOLUTE
    _printf_sizespec                         0x00000000   Number         0  printf_stubs.o ABSOLUTE
    _printf_widthprec                        0x00000000   Number         0  printf_stubs.o ABSOLUTE
    __ARM_exceptions_init                     - Undefined Weak Reference
    __alloca_initialize                       - Undefined Weak Reference
    __arm_preinit_                            - Undefined Weak Reference
    __cpp_initialize__aeabi_                  - Undefined Weak Reference
    __cxa_finalize                            - Undefined Weak Reference
    __sigvec_lookup                           - Undefined Weak Reference
    _atexit_init                              - Undefined Weak Reference
    _call_atexit_fns                          - Undefined Weak Reference
    _clock_init                               - Undefined Weak Reference
    _fp_trap_init                             - Undefined Weak Reference
    _fp_trap_shutdown                         - Undefined Weak Reference
    _get_lc_collate                           - Undefined Weak Reference
    _get_lc_ctype                             - Undefined Weak Reference
    _get_lc_monetary                          - Undefined Weak Reference
    _get_lc_time                              - Undefined Weak Reference
    _getenv_init                              - Undefined Weak Reference
    _handle_redirection                       - Undefined Weak Reference
    _init_alloc                               - Undefined Weak Reference
    _init_user_alloc                          - Undefined Weak Reference
    _initio                                   - Undefined Weak Reference
    _printf_mbtowc                            - Undefined Weak Reference
    _printf_truncate_signed                   - Undefined Weak Reference
    _printf_truncate_unsigned                 - Undefined Weak Reference
    _rand_init                                - Undefined Weak Reference
    _signal_finish                            - Undefined Weak Reference
    _signal_init                              - Undefined Weak Reference
    _terminate_alloc                          - Undefined Weak Reference
    _terminate_user_alloc                     - Undefined Weak Reference
    _terminateio                              - Undefined Weak Reference
    __Vectors_Size                           0x00000188   Number         0  startup_stm32f40_41xxx.o ABSOLUTE
    __Vectors                                0x08000000   Data           4  startup_stm32f40_41xxx.o(RESET)
    __Vectors_End                            0x08000188   Data           0  startup_stm32f40_41xxx.o(RESET)
    __main                                   0x08000189   Thumb Code     8  __main.o(!!!main)
    __scatterload                            0x08000191   Thumb Code     0  __scatter.o(!!!scatter)
    __scatterload_rt2                        0x08000191   Thumb Code    44  __scatter.o(!!!scatter)
    __scatterload_rt2_thumb_only             0x08000191   Thumb Code     0  __scatter.o(!!!scatter)
    __scatterload_null                       0x0800019f   Thumb Code     0  __scatter.o(!!!scatter)
    __scatterload_copy                       0x080001c5   Thumb Code    26  __scatter_copy.o(!!handler_copy)
    __scatterload_zeroinit                   0x080001e1   Thumb Code    28  __scatter_zi.o(!!handler_zi)
    _printf_f                                0x080001fd   Thumb Code     0  _printf_f.o(.ARM.Collect$$_printf_percent$$00000003)
    _printf_percent                          0x080001fd   Thumb Code     0  _printf_percent.o(.ARM.Collect$$_printf_percent$$00000000)
    _printf_d                                0x08000203   Thumb Code     0  _printf_d.o(.ARM.Collect$$_printf_percent$$00000009)
    _printf_x                                0x08000209   Thumb Code     0  _printf_x.o(.ARM.Collect$$_printf_percent$$0000000C)
    _printf_s                                0x0800020f   Thumb Code     0  _printf_s.o(.ARM.Collect$$_printf_percent$$00000014)
    _printf_percent_end                      0x08000215   Thumb Code     0  _printf_percent_end.o(.ARM.Collect$$_printf_percent$$00000017)
    __rt_lib_init                            0x08000219   Thumb Code     0  libinit.o(.ARM.Collect$$libinit$$00000000)
    __rt_lib_init_fp_1                       0x0800021b   Thumb Code     0  libinit2.o(.ARM.Collect$$libinit$$00000001)
    __rt_lib_init_heap_1                     0x0800021f   Thumb Code     0  libinit2.o(.ARM.Collect$$libinit$$0000000A)
    __rt_lib_init_lc_common                  0x0800021f   Thumb Code     0  libinit2.o(.ARM.Collect$$libinit$$0000000F)
    __rt_lib_init_preinit_1                  0x0800021f   Thumb Code     0  libinit2.o(.ARM.Collect$$libinit$$00000004)
    __rt_lib_init_rand_1                     0x0800021f   Thumb Code     0  libinit2.o(.ARM.Collect$$libinit$$0000000E)
    __rt_lib_init_user_alloc_1               0x0800021f   Thumb Code     0  libinit2.o(.ARM.Collect$$libinit$$0000000C)
    __rt_lib_init_lc_collate_1               0x08000225   Thumb Code     0  libinit2.o(.ARM.Collect$$libinit$$00000011)
    __rt_lib_init_lc_ctype_1                 0x08000225   Thumb Code     0  libinit2.o(.ARM.Collect$$libinit$$00000013)
    __rt_lib_init_lc_monetary_1              0x08000225   Thumb Code     0  libinit2.o(.ARM.Collect$$libinit$$00000015)
    __rt_lib_init_lc_numeric_2               0x08000225   Thumb Code     0  libinit2.o(.ARM.Collect$$libinit$$00000016)
    __rt_lib_init_alloca_1                   0x0800022f   Thumb Code     0  libinit2.o(.ARM.Collect$$libinit$$0000002E)
    __rt_lib_init_argv_1                     0x0800022f   Thumb Code     0  libinit2.o(.ARM.Collect$$libinit$$0000002C)
    __rt_lib_init_atexit_1                   0x0800022f   Thumb Code     0  libinit2.o(.ARM.Collect$$libinit$$0000001B)
    __rt_lib_init_clock_1                    0x0800022f   Thumb Code     0  libinit2.o(.ARM.Collect$$libinit$$00000021)
    __rt_lib_init_cpp_1                      0x0800022f   Thumb Code     0  libinit2.o(.ARM.Collect$$libinit$$00000032)
    __rt_lib_init_exceptions_1               0x0800022f   Thumb Code     0  libinit2.o(.ARM.Collect$$libinit$$00000030)
    __rt_lib_init_fp_trap_1                  0x0800022f   Thumb Code     0  libinit2.o(.ARM.Collect$$libinit$$0000001F)
    __rt_lib_init_getenv_1                   0x0800022f   Thumb Code     0  libinit2.o(.ARM.Collect$$libinit$$00000023)
    __rt_lib_init_lc_numeric_1               0x0800022f   Thumb Code     0  libinit2.o(.ARM.Collect$$libinit$$00000017)
    __rt_lib_init_lc_time_1                  0x0800022f   Thumb Code     0  libinit2.o(.ARM.Collect$$libinit$$00000019)
    __rt_lib_init_return                     0x0800022f   Thumb Code     0  libinit2.o(.ARM.Collect$$libinit$$00000033)
    __rt_lib_init_signal_1                   0x0800022f   Thumb Code     0  libinit2.o(.ARM.Collect$$libinit$$0000001D)
    __rt_lib_init_stdio_1                    0x0800022f   Thumb Code     0  libinit2.o(.ARM.Collect$$libinit$$00000025)
    __rt_lib_shutdown                        0x08000231   Thumb Code     0  libshutdown.o(.ARM.Collect$$libshutdown$$00000000)
    __rt_lib_shutdown_cpp_1                  0x08000233   Thumb Code     0  libshutdown2.o(.ARM.Collect$$libshutdown$$00000002)
    __rt_lib_shutdown_fp_trap_1              0x08000233   Thumb Code     0  libshutdown2.o(.ARM.Collect$$libshutdown$$00000007)
    __rt_lib_shutdown_heap_1                 0x08000233   Thumb Code     0  libshutdown2.o(.ARM.Collect$$libshutdown$$0000000F)
    __rt_lib_shutdown_return                 0x08000233   Thumb Code     0  libshutdown2.o(.ARM.Collect$$libshutdown$$00000010)
    __rt_lib_shutdown_signal_1               0x08000233   Thumb Code     0  libshutdown2.o(.ARM.Collect$$libshutdown$$0000000A)
    __rt_lib_shutdown_stdio_1                0x08000233   Thumb Code     0  libshutdown2.o(.ARM.Collect$$libshutdown$$00000004)
    __rt_lib_shutdown_user_alloc_1           0x08000233   Thumb Code     0  libshutdown2.o(.ARM.Collect$$libshutdown$$0000000C)
    __rt_entry                               0x08000235   Thumb Code     0  __rtentry.o(.ARM.Collect$$rtentry$$00000000)
    __rt_entry_presh_1                       0x08000235   Thumb Code     0  __rtentry2.o(.ARM.Collect$$rtentry$$00000002)
    __rt_entry_sh                            0x08000235   Thumb Code     0  __rtentry4.o(.ARM.Collect$$rtentry$$00000004)
    __rt_entry_li                            0x0800023b   Thumb Code     0  __rtentry2.o(.ARM.Collect$$rtentry$$0000000A)
    __rt_entry_postsh_1                      0x0800023b   Thumb Code     0  __rtentry2.o(.ARM.Collect$$rtentry$$00000009)
    __rt_entry_main                          0x0800023f   Thumb Code     0  __rtentry2.o(.ARM.Collect$$rtentry$$0000000D)
    __rt_entry_postli_1                      0x0800023f   Thumb Code     0  __rtentry2.o(.ARM.Collect$$rtentry$$0000000C)
    __rt_exit                                0x08000247   Thumb Code     0  rtexit.o(.ARM.Collect$$rtexit$$00000000)
    __rt_exit_ls                             0x08000249   Thumb Code     0  rtexit2.o(.ARM.Collect$$rtexit$$00000003)
    __rt_exit_prels_1                        0x08000249   Thumb Code     0  rtexit2.o(.ARM.Collect$$rtexit$$00000002)
    __rt_exit_exit                           0x0800024d   Thumb Code     0  rtexit2.o(.ARM.Collect$$rtexit$$00000004)
    Reset_Handler                            0x08000255   Thumb Code     8  startup_stm32f40_41xxx.o(.text)
    ADC_IRQHandler                           0x0800026f   Thumb Code     0  startup_stm32f40_41xxx.o(.text)
    CAN1_RX0_IRQHandler                      0x0800026f   Thumb Code     0  startup_stm32f40_41xxx.o(.text)
    CAN1_RX1_IRQHandler                      0x0800026f   Thumb Code     0  startup_stm32f40_41xxx.o(.text)
    CAN1_SCE_IRQHandler                      0x0800026f   Thumb Code     0  startup_stm32f40_41xxx.o(.text)
    CAN1_TX_IRQHandler                       0x0800026f   Thumb Code     0  startup_stm32f40_41xxx.o(.text)
    CAN2_RX0_IRQHandler                      0x0800026f   Thumb Code     0  startup_stm32f40_41xxx.o(.text)
    CAN2_RX1_IRQHandler                      0x0800026f   Thumb Code     0  startup_stm32f40_41xxx.o(.text)
    CAN2_SCE_IRQHandler                      0x0800026f   Thumb Code     0  startup_stm32f40_41xxx.o(.text)
    CAN2_TX_IRQHandler                       0x0800026f   Thumb Code     0  startup_stm32f40_41xxx.o(.text)
    CRYP_IRQHandler                          0x0800026f   Thumb Code     0  startup_stm32f40_41xxx.o(.text)
    DCMI_IRQHandler                          0x0800026f   Thumb Code     0  startup_stm32f40_41xxx.o(.text)
    DMA1_Stream0_IRQHandler                  0x0800026f   Thumb Code     0  startup_stm32f40_41xxx.o(.text)
    DMA1_Stream1_IRQHandler                  0x0800026f   Thumb Code     0  startup_stm32f40_41xxx.o(.text)
    DMA1_Stream2_IRQHandler                  0x0800026f   Thumb Code     0  startup_stm32f40_41xxx.o(.text)
    DMA1_Stream3_IRQHandler                  0x0800026f   Thumb Code     0  startup_stm32f40_41xxx.o(.text)
    DMA1_Stream4_IRQHandler                  0x0800026f   Thumb Code     0  startup_stm32f40_41xxx.o(.text)
    DMA1_Stream5_IRQHandler                  0x0800026f   Thumb Code     0  startup_stm32f40_41xxx.o(.text)
    DMA1_Stream6_IRQHandler                  0x0800026f   Thumb Code     0  startup_stm32f40_41xxx.o(.text)
    DMA1_Stream7_IRQHandler                  0x0800026f   Thumb Code     0  startup_stm32f40_41xxx.o(.text)
    DMA2_Stream0_IRQHandler                  0x0800026f   Thumb Code     0  startup_stm32f40_41xxx.o(.text)
    DMA2_Stream1_IRQHandler                  0x0800026f   Thumb Code     0  startup_stm32f40_41xxx.o(.text)
    DMA2_Stream2_IRQHandler                  0x0800026f   Thumb Code     0  startup_stm32f40_41xxx.o(.text)
    DMA2_Stream3_IRQHandler                  0x0800026f   Thumb Code     0  startup_stm32f40_41xxx.o(.text)
    DMA2_Stream4_IRQHandler                  0x0800026f   Thumb Code     0  startup_stm32f40_41xxx.o(.text)
    DMA2_Stream5_IRQHandler                  0x0800026f   Thumb Code     0  startup_stm32f40_41xxx.o(.text)
    DMA2_Stream6_IRQHandler                  0x0800026f   Thumb Code     0  startup_stm32f40_41xxx.o(.text)
    DMA2_Stream7_IRQHandler                  0x0800026f   Thumb Code     0  startup_stm32f40_41xxx.o(.text)
    ETH_IRQHandler                           0x0800026f   Thumb Code     0  startup_stm32f40_41xxx.o(.text)
    ETH_WKUP_IRQHandler                      0x0800026f   Thumb Code     0  startup_stm32f40_41xxx.o(.text)
    EXTI0_IRQHandler                         0x0800026f   Thumb Code     0  startup_stm32f40_41xxx.o(.text)
    EXTI15_10_IRQHandler                     0x0800026f   Thumb Code     0  startup_stm32f40_41xxx.o(.text)
    EXTI1_IRQHandler                         0x0800026f   Thumb Code     0  startup_stm32f40_41xxx.o(.text)
    EXTI2_IRQHandler                         0x0800026f   Thumb Code     0  startup_stm32f40_41xxx.o(.text)
    EXTI3_IRQHandler                         0x0800026f   Thumb Code     0  startup_stm32f40_41xxx.o(.text)
    EXTI4_IRQHandler                         0x0800026f   Thumb Code     0  startup_stm32f40_41xxx.o(.text)
    EXTI9_5_IRQHandler                       0x0800026f   Thumb Code     0  startup_stm32f40_41xxx.o(.text)
    FLASH_IRQHandler                         0x0800026f   Thumb Code     0  startup_stm32f40_41xxx.o(.text)
    FPU_IRQHandler                           0x0800026f   Thumb Code     0  startup_stm32f40_41xxx.o(.text)
    FSMC_IRQHandler                          0x0800026f   Thumb Code     0  startup_stm32f40_41xxx.o(.text)
    HASH_RNG_IRQHandler                      0x0800026f   Thumb Code     0  startup_stm32f40_41xxx.o(.text)
    I2C1_ER_IRQHandler                       0x0800026f   Thumb Code     0  startup_stm32f40_41xxx.o(.text)
    I2C1_EV_IRQHandler                       0x0800026f   Thumb Code     0  startup_stm32f40_41xxx.o(.text)
    I2C2_ER_IRQHandler                       0x0800026f   Thumb Code     0  startup_stm32f40_41xxx.o(.text)
    I2C2_EV_IRQHandler                       0x0800026f   Thumb Code     0  startup_stm32f40_41xxx.o(.text)
    I2C3_ER_IRQHandler                       0x0800026f   Thumb Code     0  startup_stm32f40_41xxx.o(.text)
    I2C3_EV_IRQHandler                       0x0800026f   Thumb Code     0  startup_stm32f40_41xxx.o(.text)
    OTG_FS_IRQHandler                        0x0800026f   Thumb Code     0  startup_stm32f40_41xxx.o(.text)
    OTG_FS_WKUP_IRQHandler                   0x0800026f   Thumb Code     0  startup_stm32f40_41xxx.o(.text)
    OTG_HS_EP1_IN_IRQHandler                 0x0800026f   Thumb Code     0  startup_stm32f40_41xxx.o(.text)
    OTG_HS_EP1_OUT_IRQHandler                0x0800026f   Thumb Code     0  startup_stm32f40_41xxx.o(.text)
    OTG_HS_IRQHandler                        0x0800026f   Thumb Code     0  startup_stm32f40_41xxx.o(.text)
    OTG_HS_WKUP_IRQHandler                   0x0800026f   Thumb Code     0  startup_stm32f40_41xxx.o(.text)
    PVD_IRQHandler                           0x0800026f   Thumb Code     0  startup_stm32f40_41xxx.o(.text)
    RCC_IRQHandler                           0x0800026f   Thumb Code     0  startup_stm32f40_41xxx.o(.text)
    RTC_Alarm_IRQHandler                     0x0800026f   Thumb Code     0  startup_stm32f40_41xxx.o(.text)
    RTC_WKUP_IRQHandler                      0x0800026f   Thumb Code     0  startup_stm32f40_41xxx.o(.text)
    SDIO_IRQHandler                          0x0800026f   Thumb Code     0  startup_stm32f40_41xxx.o(.text)
    SPI1_IRQHandler                          0x0800026f   Thumb Code     0  startup_stm32f40_41xxx.o(.text)
    SPI2_IRQHandler                          0x0800026f   Thumb Code     0  startup_stm32f40_41xxx.o(.text)
    SPI3_IRQHandler                          0x0800026f   Thumb Code     0  startup_stm32f40_41xxx.o(.text)
    TAMP_STAMP_IRQHandler                    0x0800026f   Thumb Code     0  startup_stm32f40_41xxx.o(.text)
    TIM1_BRK_TIM9_IRQHandler                 0x0800026f   Thumb Code     0  startup_stm32f40_41xxx.o(.text)
    TIM1_CC_IRQHandler                       0x0800026f   Thumb Code     0  startup_stm32f40_41xxx.o(.text)
    TIM1_TRG_COM_TIM11_IRQHandler            0x0800026f   Thumb Code     0  startup_stm32f40_41xxx.o(.text)
    TIM1_UP_TIM10_IRQHandler                 0x0800026f   Thumb Code     0  startup_stm32f40_41xxx.o(.text)
    TIM2_IRQHandler                          0x0800026f   Thumb Code     0  startup_stm32f40_41xxx.o(.text)
    TIM4_IRQHandler                          0x0800026f   Thumb Code     0  startup_stm32f40_41xxx.o(.text)
    TIM5_IRQHandler                          0x0800026f   Thumb Code     0  startup_stm32f40_41xxx.o(.text)
    TIM6_DAC_IRQHandler                      0x0800026f   Thumb Code     0  startup_stm32f40_41xxx.o(.text)
    TIM7_IRQHandler                          0x0800026f   Thumb Code     0  startup_stm32f40_41xxx.o(.text)
    TIM8_BRK_TIM12_IRQHandler                0x0800026f   Thumb Code     0  startup_stm32f40_41xxx.o(.text)
    TIM8_CC_IRQHandler                       0x0800026f   Thumb Code     0  startup_stm32f40_41xxx.o(.text)
    TIM8_TRG_COM_TIM14_IRQHandler            0x0800026f   Thumb Code     0  startup_stm32f40_41xxx.o(.text)
    TIM8_UP_TIM13_IRQHandler                 0x0800026f   Thumb Code     0  startup_stm32f40_41xxx.o(.text)
    UART5_IRQHandler                         0x0800026f   Thumb Code     0  startup_stm32f40_41xxx.o(.text)
    USART6_IRQHandler                        0x0800026f   Thumb Code     0  startup_stm32f40_41xxx.o(.text)
    WWDG_IRQHandler                          0x0800026f   Thumb Code     0  startup_stm32f40_41xxx.o(.text)
    __user_initial_stackheap                 0x08000271   Thumb Code     0  startup_stm32f40_41xxx.o(.text)
    __2sprintf                               0x08000295   Thumb Code    38  __2sprintf.o(.text)
    _printf_pre_padding                      0x080002c1   Thumb Code    44  _printf_pad.o(.text)
    _printf_post_padding                     0x080002ed   Thumb Code    34  _printf_pad.o(.text)
    _printf_str                              0x0800030f   Thumb Code    82  _printf_str.o(.text)
    _printf_int_dec                          0x08000361   Thumb Code   104  _printf_dec.o(.text)
    _printf_int_hex                          0x080003d9   Thumb Code    84  _printf_hex_int.o(.text)
    _printf_longlong_hex                     0x080003d9   Thumb Code     0  _printf_hex_int.o(.text)
    __printf                                 0x08000431   Thumb Code   308  __printf_flags_wp.o(.text)
    strlen                                   0x08000569   Thumb Code    62  strlen.o(.text)
    __aeabi_memcpy                           0x080005a7   Thumb Code     0  rt_memcpy_v6.o(.text)
    __rt_memcpy                              0x080005a7   Thumb Code   138  rt_memcpy_v6.o(.text)
    _memcpy_lastbytes                        0x0800060d   Thumb Code     0  rt_memcpy_v6.o(.text)
    __aeabi_memcpy4                          0x08000631   Thumb Code     0  rt_memcpy_w.o(.text)
    __aeabi_memcpy8                          0x08000631   Thumb Code     0  rt_memcpy_w.o(.text)
    __rt_memcpy_w                            0x08000631   Thumb Code   100  rt_memcpy_w.o(.text)
    _memcpy_lastbytes_aligned                0x08000679   Thumb Code     0  rt_memcpy_w.o(.text)
    __aeabi_memclr4                          0x08000695   Thumb Code     0  rt_memclr_w.o(.text)
    __aeabi_memclr8                          0x08000695   Thumb Code     0  rt_memclr_w.o(.text)
    __rt_memclr_w                            0x08000695   Thumb Code    78  rt_memclr_w.o(.text)
    _memset_w                                0x08000699   Thumb Code     0  rt_memclr_w.o(.text)
    mktime                                   0x08000723   Thumb Code   356  mktime.o(.text)
    __use_two_region_memory                  0x08000891   Thumb Code     2  heapauxi.o(.text)
    __rt_heap_escrow$2region                 0x08000893   Thumb Code     2  heapauxi.o(.text)
    __rt_heap_expand$2region                 0x08000895   Thumb Code     2  heapauxi.o(.text)
    _printf_int_common                       0x08000897   Thumb Code   178  _printf_intcommon.o(.text)
    __lib_sel_fp_printf                      0x08000949   Thumb Code     2  _printf_fp_dec.o(.text)
    _printf_fp_dec_real                      0x08000afb   Thumb Code   620  _printf_fp_dec.o(.text)
    _printf_char_common                      0x08000d73   Thumb Code    32  _printf_char_common.o(.text)
    _sputc                                   0x08000d99   Thumb Code    10  _sputc.o(.text)
    _printf_cs_common                        0x08000da3   Thumb Code    20  _printf_char.o(.text)
    _printf_char                             0x08000db7   Thumb Code    16  _printf_char.o(.text)
    _printf_string                           0x08000dc7   Thumb Code     8  _printf_char.o(.text)
    __rt_locale                              0x08000dd1   Thumb Code     8  rt_locale_intlibspace.o(.text)
    _ll_udiv10                               0x08000dd9   Thumb Code   138  lludiv10.o(.text)
    _printf_fp_infnan                        0x08000e65   Thumb Code   112  _printf_fp_infnan.o(.text)
    _btod_etento                             0x08000ee5   Thumb Code   224  bigflt0.o(.text)
    __user_libspace                          0x08000fc9   Thumb Code     8  libspace.o(.text)
    __user_perproc_libspace                  0x08000fc9   Thumb Code     0  libspace.o(.text)
    __user_perthread_libspace                0x08000fc9   Thumb Code     0  libspace.o(.text)
    __user_setup_stackheap                   0x08000fd1   Thumb Code    74  sys_stackheap_outer.o(.text)
    exit                                     0x0800101b   Thumb Code    18  exit.o(.text)
    strcmp                                   0x0800102d   Thumb Code   128  strcmpv7m.o(.text)
    _sys_exit                                0x080010ad   Thumb Code     8  sys_exit.o(.text)
    __I$use$semihosting                      0x080010b9   Thumb Code     0  use_no_semi.o(.text)
    __use_no_semihosting_swi                 0x080010b9   Thumb Code     2  use_no_semi.o(.text)
    __semihosting_library_function           0x080010bb   Thumb Code     0  indicate_semi.o(.text)
    _btod_d2e                                0x080010bb   Thumb Code    62  btod.o(CL$$btod_d2e)
    _d2e_denorm_low                          0x080010f9   Thumb Code    70  btod.o(CL$$btod_d2e_denorm_low)
    _d2e_norm_op1                            0x0800113f   Thumb Code    96  btod.o(CL$$btod_d2e_norm_op1)
    __btod_div_common                        0x0800119f   Thumb Code   696  btod.o(CL$$btod_div_common)
    _e2e                                     0x080014d7   Thumb Code   220  btod.o(CL$$btod_e2e)
    _btod_ediv                               0x080015b3   Thumb Code    42  btod.o(CL$$btod_ediv)
    _btod_emul                               0x080015dd   Thumb Code    42  btod.o(CL$$btod_emul)
    __btod_mult_common                       0x08001607   Thumb Code   580  btod.o(CL$$btod_mult_common)
    AT_CEREG                                 0x0800184d   Thumb Code    84  nb-iot.o(i.AT_CEREG)
    AT_CGSN                                  0x080018bd   Thumb Code   108  nb-iot.o(i.AT_CGSN)
    AT_CSQ                                   0x08001945   Thumb Code   138  nb-iot.o(i.AT_CSQ)
    BusFault_Handler                         0x080019ed   Thumb Code     4  stm32f4xx_it.o(i.BusFault_Handler)
    DataHand                                 0x080019f1   Thumb Code   174  mymodbus.o(i.DataHand)
    DebugMon_Handler                         0x08001aad   Thumb Code     2  stm32f4xx_it.o(i.DebugMon_Handler)
    GPIO_Init                                0x08001aaf   Thumb Code   144  stm32f4xx_gpio.o(i.GPIO_Init)
    GPIO_PinAFConfig                         0x08001b3f   Thumb Code    70  stm32f4xx_gpio.o(i.GPIO_PinAFConfig)
    GPIO_ResetBits                           0x08001b85   Thumb Code     4  stm32f4xx_gpio.o(i.GPIO_ResetBits)
    GPIO_SetBits                             0x08001b89   Thumb Code     4  stm32f4xx_gpio.o(i.GPIO_SetBits)
    GetData                                  0x08001b8d   Thumb Code   550  mymodbus.o(i.GetData)
    HardFault_Handler                        0x08001dc5   Thumb Code     4  stm32f4xx_it.o(i.HardFault_Handler)
    JEC_IO_Init                              0x08001dc9   Thumb Code   238  init.o(i.JEC_IO_Init)
    JEC_USART_Init                           0x08001ec9   Thumb Code   518  init.o(i.JEC_USART_Init)
    MQTTPacket_encode                        0x080020e5   Thumb Code    54  mqttpacket.o(i.MQTTPacket_encode)
    MQTTPacket_len                           0x0800211d   Thumb Code    34  mqttpacket.o(i.MQTTPacket_len)
    MQTTSerialize_connect                    0x08002145   Thumb Code   342  mqttconnectclient.o(i.MQTTSerialize_connect)
    MQTTSerialize_connectLength              0x080022ad   Thumb Code   118  mqttconnectclient.o(i.MQTTSerialize_connectLength)
    MQTTSerialize_disconnect                 0x08002323   Thumb Code    18  mqttconnectclient.o(i.MQTTSerialize_disconnect)
    MQTTSerialize_publish                    0x08002335   Thumb Code   176  mqttserializepublish.o(i.MQTTSerialize_publish)
    MQTTSerialize_publishLength              0x080023e5   Thumb Code    34  mqttserializepublish.o(i.MQTTSerialize_publishLength)
    MQTTSerialize_zero                       0x08002407   Thumb Code    76  mqttconnectclient.o(i.MQTTSerialize_zero)
    MQTTstrlen                               0x08002453   Thumb Code    24  mqttpacket.o(i.MQTTstrlen)
    MemManage_Handler                        0x0800246b   Thumb Code     4  stm32f4xx_it.o(i.MemManage_Handler)
    NB_Closetcp                              0x08002471   Thumb Code    80  nb-iot.o(i.NB_Closetcp)
    NB_recACKdate                            0x080024e1   Thumb Code   114  nb-iot.o(i.NB_recACKdate)
    NB_senddate                              0x08002585   Thumb Code   124  nb-iot.o(i.NB_senddate)
    NMI_Handler                              0x08002631   Thumb Code     2  stm32f4xx_it.o(i.NMI_Handler)
    NVIC_Init                                0x08002635   Thumb Code   106  misc.o(i.NVIC_Init)
    PendSV_Handler                           0x080026d5   Thumb Code     2  stm32f4xx_it.o(i.PendSV_Handler)
    RCC_AHB1PeriphClockCmd                   0x080026d9   Thumb Code    26  stm32f4xx_rcc.o(i.RCC_AHB1PeriphClockCmd)
    RCC_APB1PeriphClockCmd                   0x080026f9   Thumb Code    26  stm32f4xx_rcc.o(i.RCC_APB1PeriphClockCmd)
    RCC_APB2PeriphClockCmd                   0x08002719   Thumb Code    26  stm32f4xx_rcc.o(i.RCC_APB2PeriphClockCmd)
    RCC_GetClocksFreq                        0x08002739   Thumb Code   214  stm32f4xx_rcc.o(i.RCC_GetClocksFreq)
    SVC_Handler                              0x08002821   Thumb Code     2  stm32f4xx_it.o(i.SVC_Handler)
    SysTick_Handler                          0x08002911   Thumb Code   142  stm32f4xx_it.o(i.SysTick_Handler)
    SystemInit                               0x080029b9   Thumb Code    88  system_stm32f4xx.o(i.SystemInit)
    TIM3_IRQHandler                          0x08002a21   Thumb Code    96  stm32f4xx_it.o(i.TIM3_IRQHandler)
    TIM_ClearITPendingBit                    0x08002a91   Thumb Code     6  stm32f4xx_tim.o(i.TIM_ClearITPendingBit)
    TIM_Cmd                                  0x08002a97   Thumb Code    24  stm32f4xx_tim.o(i.TIM_Cmd)
    TIM_GetITStatus                          0x08002aaf   Thumb Code    34  stm32f4xx_tim.o(i.TIM_GetITStatus)
    TIM_ITConfig                             0x08002ad1   Thumb Code    18  stm32f4xx_tim.o(i.TIM_ITConfig)
    TIM_TimeBaseInit                         0x08002ae5   Thumb Code   104  stm32f4xx_tim.o(i.TIM_TimeBaseInit)
    UART4_IRQHandler                         0x08002b69   Thumb Code    84  stm32f4xx_it.o(i.UART4_IRQHandler)
    USART1SendChar                           0x08002bd1   Thumb Code    20  uart.o(i.USART1SendChar)
    USART1SendString                         0x08002be9   Thumb Code    38  uart.o(i.USART1SendString)
    USART1_IRQHandler                        0x08002c15   Thumb Code    82  stm32f4xx_it.o(i.USART1_IRQHandler)
    USART2SendChar                           0x08002c7d   Thumb Code    22  uart.o(i.USART2SendChar)
    USART2SendString                         0x08002c99   Thumb Code    38  uart.o(i.USART2SendString)
    USART2_IRQHandler                        0x08002cc5   Thumb Code    50  stm32f4xx_it.o(i.USART2_IRQHandler)
    USART3SendChar                           0x08002d05   Thumb Code    22  uart.o(i.USART3SendChar)
    USART3SendString                         0x08002d21   Thumb Code    58  uart.o(i.USART3SendString)
    USART3_IRQHandler                        0x08002d65   Thumb Code    78  stm32f4xx_it.o(i.USART3_IRQHandler)
    USART_ClearFlag                          0x08002dc5   Thumb Code    18  stm32f4xx_usart.o(i.USART_ClearFlag)
    USART_Cmd                                0x08002dd7   Thumb Code    24  stm32f4xx_usart.o(i.USART_Cmd)
    USART_GetITStatus                        0x08002def   Thumb Code    84  stm32f4xx_usart.o(i.USART_GetITStatus)
    USART_ITConfig                           0x08002e43   Thumb Code    74  stm32f4xx_usart.o(i.USART_ITConfig)
    USART_Init                               0x08002e8d   Thumb Code   204  stm32f4xx_usart.o(i.USART_Init)
    UsageFault_Handler                       0x08002f61   Thumb Code     4  stm32f4xx_it.o(i.UsageFault_Handler)
    __ARM_fpclassify                         0x08002f65   Thumb Code    48  fpclassify.o(i.__ARM_fpclassify)
    _is_digit                                0x08002f95   Thumb Code    14  __printf_wp.o(i._is_digit)
    bsp_Usart3_RecTime_Add                   0x08002fa5   Thumb Code    26  uart.o(i.bsp_Usart3_RecTime_Add)
    bsp_Usart3_Rec_New                       0x08002fc9   Thumb Code    34  uart.o(i.bsp_Usart3_Rec_New)
    build_socket                             0x08002ff5   Thumb Code   132  nb-iot.o(i.build_socket)
    date_preocess                            0x080030d9   Thumb Code   286  mymodbus.o(i.date_preocess)
    date_query                               0x080031f9   Thumb Code    32  mymodbus.o(i.date_query)
    delay_ms                                 0x08003221   Thumb Code    32  main.o(i.delay_ms)
    init_timer3                              0x08003241   Thumb Code    86  time.o(i.init_timer3)
    is_in                                    0x0800329d   Thumb Code    80  nb-iot.o(i.is_in)
    main                                     0x080032ed   Thumb Code  1584  main.o(i.main)
    opentcp                                  0x08003989   Thumb Code   108  nb-iot.o(i.opentcp)
    standard_to_stamp                        0x08003a19   Thumb Code    60  time.o(i.standard_to_stamp)
    writeCString                             0x08003a55   Thumb Code    40  mqttpacket.o(i.writeCString)
    writeChar                                0x08003a7d   Thumb Code    12  mqttpacket.o(i.writeChar)
    writeInt                                 0x08003a89   Thumb Code    48  mqttpacket.o(i.writeInt)
    writeMQTTString                          0x08003ab9   Thumb Code    62  mqttpacket.o(i.writeMQTTString)
    _get_lc_numeric                          0x08003af9   Thumb Code    44  lc_numeric_c.o(locale$$code)
    __fpl_dretinf                            0x08003b25   Thumb Code    12  dretinf.o(x$fpl$dretinf)
    __aeabi_f2d                              0x08003b31   Thumb Code     0  f2d.o(x$fpl$f2d)
    _f2d                                     0x08003b31   Thumb Code    86  f2d.o(x$fpl$f2d)
    __fpl_fnaninf                            0x08003b87   Thumb Code   140  fnaninf.o(x$fpl$fnaninf)
    _fp_init                                 0x08003c13   Thumb Code    10  fpinit.o(x$fpl$fpinit)
    __fplib_config_fpu_vfp                   0x08003c1b   Thumb Code     0  fpinit.o(x$fpl$fpinit)
    __fplib_config_pureend_doubles           0x08003c1b   Thumb Code     0  fpinit.o(x$fpl$fpinit)
    _printf_fp_dec                           0x08003c1d   Thumb Code     4  printf1.o(x$fpl$printf1)
    __I$use$fp                               0x08003c20   Number         0  usenofp.o(x$fpl$usenofp)
    _monlen                                  0x08003cb1   Data          12  _monlen.o(.constdata)
    Region$$Table$$Base                      0x08003e08   Number         0  anon$$obj.o(Region$$Table)
    Region$$Table$$Limit                     0x08003e28   Number         0  anon$$obj.o(Region$$Table)
    SysTickCount                             0x20000000   Data           4  stm32f4xx_it.o(.data)
    SO2                                      0x20000004   Data           4  main.o(.data)
    NO2                                      0x20000008   Data           4  main.o(.data)
    CO                                       0x2000000c   Data           4  main.o(.data)
    O3                                       0x20000010   Data           4  main.o(.data)
    PM10                                     0x20000014   Data           4  main.o(.data)
    PM2_5                                    0x20000018   Data           4  main.o(.data)
    AT                                       0x2000001c   Data           4  main.o(.data)
    AH                                       0x20000020   Data           4  main.o(.data)
    TIMEP                                    0x20000024   Data           4  main.o(.data)
    EC                                       0x20000028   Data           2  main.o(.data)
    DT                                       0x2000002a   Data           5  main.o(.data)
    BV                                       0x20000030   Data           4  main.o(.data)
    RSSI                                     0x20000034   Data           3  main.o(.data)
    MCUOK                                    0x20000038   Data           2  main.o(.data)
    NBsend_flag                              0x2000003a   Data           2  main.o(.data)
    AIread_flag                              0x2000003c   Data           2  main.o(.data)
    Calsend_flag                             0x2000003e   Data           2  main.o(.data)
    Startsend_flag                           0x20000040   Data           2  main.o(.data)
    NRB_flag                                 0x20000042   Data           2  main.o(.data)
    NB_Runflag                               0x20000044   Data           2  main.o(.data)
    year                                     0x20000046   Data           2  main.o(.data)
    mon                                      0x20000048   Data           2  main.o(.data)
    day                                      0x2000004a   Data           2  main.o(.data)
    second                                   0x2000004c   Data           2  main.o(.data)
    min                                      0x2000004e   Data           2  main.o(.data)
    hour                                     0x20000050   Data           2  main.o(.data)
    consttimeflag                            0x20000052   Data           2  main.o(.data)
    TimeCount                                0x20000054   Data           4  main.o(.data)
    mqtt_dateLen                             0x20000058   Data           4  main.o(.data)
    SenddateLen                              0x2000005c   Data           4  main.o(.data)
    socket                                   0x20000060   Data           4  main.o(.data)
    waterdate1                               0x20000064   Data           6  main.o(.data)
    CL_date                                  0x2000006c   Data           4  main.o(.data)
    PH_date                                  0x20000070   Data           4  main.o(.data)
    TUR_date                                 0x20000074   Data           4  main.o(.data)
    Msg1RxCount                              0x20000078   Data           4  uart.o(.data)
    Msg1RxLen                                0x2000007c   Data           1  uart.o(.data)
    Msg1RxFrameOK                            0x2000007d   Data           1  uart.o(.data)
    Msg2RxCount                              0x20000080   Data           4  uart.o(.data)
    Msg2RxLen                                0x20000084   Data           4  uart.o(.data)
    Msg2RxFrameOK                            0x20000088   Data           1  uart.o(.data)
    Msg3RxCount                              0x2000008c   Data           4  uart.o(.data)
    Msg3RxLen                                0x20000090   Data           4  uart.o(.data)
    Msg3RxFrameOK                            0x20000094   Data           1  uart.o(.data)
    Msg4RxCount                              0x20000098   Data           4  uart.o(.data)
    Msg4RxLen                                0x2000009c   Data           4  uart.o(.data)
    Msg4RxFrameOK                            0x200000a0   Data           1  uart.o(.data)
    u3iSendCnt                               0x200000a1   Data           1  uart.o(.data)
    u3cSendLock                              0x200000a2   Data           1  uart.o(.data)
    __time_20ms                              0x200000a4   Data           1  time.o(.data)
    _time_1s                                 0x200000a5   Data           1  time.o(.data)
    _time_20s                                0x200000a6   Data           2  time.o(.data)
    SystemCoreClock                          0x200000c0   Data           4  system_stm32f4xx.o(.data)
    AHBPrescTable                            0x200000c4   Data          16  system_stm32f4xx.o(.data)
    buf                                      0x200000d4   Data         250  main.o(.bss)
    Recbuf                                   0x200001ce   Data          20  main.o(.bss)
    IMEI                                     0x200001e2   Data          16  main.o(.bss)
    IMSI                                     0x200001f2   Data          16  main.o(.bss)
    LO                                       0x20000202   Data          11  main.o(.bss)
    LA                                       0x2000020d   Data          10  main.o(.bss)
    TIME                                     0x20000217   Data           9  main.o(.bss)
    mqtt_date                                0x20000220   Data         100  main.o(.bss)
    Senddate                                 0x20000284   Data         250  main.o(.bss)
    waterdate                                0x20000380   Data          16  main.o(.bss)
    Msg1TxBuf                                0x20000390   Data         200  uart.o(.bss)
    Msg1RxBuf                                0x20000458   Data         200  uart.o(.bss)
    Msg1RxUse                                0x20000520   Data         200  uart.o(.bss)
    Msg2TxBuf                                0x200005e8   Data         500  uart.o(.bss)
    Msg2RxBuf                                0x200007dc   Data          48  uart.o(.bss)
    Msg2RxUse                                0x2000080c   Data         200  uart.o(.bss)
    Msg3TxBuf                                0x200008d4   Data         200  uart.o(.bss)
    Msg3RxBuf                                0x2000099c   Data         200  uart.o(.bss)
    Msg3RxUse                                0x20000a64   Data         200  uart.o(.bss)
    Msg4TxBuf                                0x20000b2c   Data         200  uart.o(.bss)
    Msg4RxBuf                                0x20000bf4   Data         200  uart.o(.bss)
    Msg4RxUse                                0x20000cbc   Data         200  uart.o(.bss)
    HEX_send_date                            0x20000d84   Data        1200  nb-iot.o(.bss)
    __libspace_start                         0x20001254   Data          96  libspace.o(.bss)
    __temporary_stack_top$libspace           0x200012b4   Data           0  libspace.o(.bss)



==============================================================================

Memory Map of the image

  Image Entry point : 0x08000189

  Load Region LR_IROM1 (Base: 0x08000000, Size: 0x00003f18, Max: 0x00100000, ABSOLUTE)

    Execution Region ER_IROM1 (Exec base: 0x08000000, Load base: 0x08000000, Size: 0x00003e44, Max: 0x00100000, ABSOLUTE)

    Exec Addr    Load Addr    Size         Type   Attr      Idx    E Section Name        Object

    0x08000000   0x08000000   0x00000188   Data   RO          313    RESET               startup_stm32f40_41xxx.o
    0x08000188   0x08000188   0x00000008   Code   RO         2536  * !!!main             c_w.l(__main.o)
    0x08000190   0x08000190   0x00000034   Code   RO         2859    !!!scatter          c_w.l(__scatter.o)
    0x080001c4   0x080001c4   0x0000001a   Code   RO         2861    !!handler_copy      c_w.l(__scatter_copy.o)
    0x080001de   0x080001de   0x00000002   PAD
    0x080001e0   0x080001e0   0x0000001c   Code   RO         2863    !!handler_zi        c_w.l(__scatter_zi.o)
    0x080001fc   0x080001fc   0x00000000   Code   RO         2519    .ARM.Collect$$_printf_percent$$00000000  c_w.l(_printf_percent.o)
    0x080001fc   0x080001fc   0x00000006   Code   RO         2518    .ARM.Collect$$_printf_percent$$00000003  c_w.l(_printf_f.o)
    0x08000202   0x08000202   0x00000006   Code   RO         2517    .ARM.Collect$$_printf_percent$$00000009  c_w.l(_printf_d.o)
    0x08000208   0x08000208   0x00000006   Code   RO         2516    .ARM.Collect$$_printf_percent$$0000000C  c_w.l(_printf_x.o)
    0x0800020e   0x0800020e   0x00000006   Code   RO         2515    .ARM.Collect$$_printf_percent$$00000014  c_w.l(_printf_s.o)
    0x08000214   0x08000214   0x00000004   Code   RO         2591    .ARM.Collect$$_printf_percent$$00000017  c_w.l(_printf_percent_end.o)
    0x08000218   0x08000218   0x00000002   Code   RO         2726    .ARM.Collect$$libinit$$00000000  c_w.l(libinit.o)
    0x0800021a   0x0800021a   0x00000004   Code   RO         2727    .ARM.Collect$$libinit$$00000001  c_w.l(libinit2.o)
    0x0800021e   0x0800021e   0x00000000   Code   RO         2730    .ARM.Collect$$libinit$$00000004  c_w.l(libinit2.o)
    0x0800021e   0x0800021e   0x00000000   Code   RO         2733    .ARM.Collect$$libinit$$0000000A  c_w.l(libinit2.o)
    0x0800021e   0x0800021e   0x00000000   Code   RO         2735    .ARM.Collect$$libinit$$0000000C  c_w.l(libinit2.o)
    0x0800021e   0x0800021e   0x00000000   Code   RO         2737    .ARM.Collect$$libinit$$0000000E  c_w.l(libinit2.o)
    0x0800021e   0x0800021e   0x00000006   Code   RO         2738    .ARM.Collect$$libinit$$0000000F  c_w.l(libinit2.o)
    0x08000224   0x08000224   0x00000000   Code   RO         2740    .ARM.Collect$$libinit$$00000011  c_w.l(libinit2.o)
    0x08000224   0x08000224   0x00000000   Code   RO         2742    .ARM.Collect$$libinit$$00000013  c_w.l(libinit2.o)
    0x08000224   0x08000224   0x00000000   Code   RO         2744    .ARM.Collect$$libinit$$00000015  c_w.l(libinit2.o)
    0x08000224   0x08000224   0x0000000a   Code   RO         2745    .ARM.Collect$$libinit$$00000016  c_w.l(libinit2.o)
    0x0800022e   0x0800022e   0x00000000   Code   RO         2746    .ARM.Collect$$libinit$$00000017  c_w.l(libinit2.o)
    0x0800022e   0x0800022e   0x00000000   Code   RO         2748    .ARM.Collect$$libinit$$00000019  c_w.l(libinit2.o)
    0x0800022e   0x0800022e   0x00000000   Code   RO         2750    .ARM.Collect$$libinit$$0000001B  c_w.l(libinit2.o)
    0x0800022e   0x0800022e   0x00000000   Code   RO         2752    .ARM.Collect$$libinit$$0000001D  c_w.l(libinit2.o)
    0x0800022e   0x0800022e   0x00000000   Code   RO         2754    .ARM.Collect$$libinit$$0000001F  c_w.l(libinit2.o)
    0x0800022e   0x0800022e   0x00000000   Code   RO         2756    .ARM.Collect$$libinit$$00000021  c_w.l(libinit2.o)
    0x0800022e   0x0800022e   0x00000000   Code   RO         2758    .ARM.Collect$$libinit$$00000023  c_w.l(libinit2.o)
    0x0800022e   0x0800022e   0x00000000   Code   RO         2760    .ARM.Collect$$libinit$$00000025  c_w.l(libinit2.o)
    0x0800022e   0x0800022e   0x00000000   Code   RO         2764    .ARM.Collect$$libinit$$0000002C  c_w.l(libinit2.o)
    0x0800022e   0x0800022e   0x00000000   Code   RO         2766    .ARM.Collect$$libinit$$0000002E  c_w.l(libinit2.o)
    0x0800022e   0x0800022e   0x00000000   Code   RO         2768    .ARM.Collect$$libinit$$00000030  c_w.l(libinit2.o)
    0x0800022e   0x0800022e   0x00000000   Code   RO         2770    .ARM.Collect$$libinit$$00000032  c_w.l(libinit2.o)
    0x0800022e   0x0800022e   0x00000002   Code   RO         2771    .ARM.Collect$$libinit$$00000033  c_w.l(libinit2.o)
    0x08000230   0x08000230   0x00000002   Code   RO         2807    .ARM.Collect$$libshutdown$$00000000  c_w.l(libshutdown.o)
    0x08000232   0x08000232   0x00000000   Code   RO         2818    .ARM.Collect$$libshutdown$$00000002  c_w.l(libshutdown2.o)
    0x08000232   0x08000232   0x00000000   Code   RO         2820    .ARM.Collect$$libshutdown$$00000004  c_w.l(libshutdown2.o)
    0x08000232   0x08000232   0x00000000   Code   RO         2823    .ARM.Collect$$libshutdown$$00000007  c_w.l(libshutdown2.o)
    0x08000232   0x08000232   0x00000000   Code   RO         2826    .ARM.Collect$$libshutdown$$0000000A  c_w.l(libshutdown2.o)
    0x08000232   0x08000232   0x00000000   Code   RO         2828    .ARM.Collect$$libshutdown$$0000000C  c_w.l(libshutdown2.o)
    0x08000232   0x08000232   0x00000000   Code   RO         2831    .ARM.Collect$$libshutdown$$0000000F  c_w.l(libshutdown2.o)
    0x08000232   0x08000232   0x00000002   Code   RO         2832    .ARM.Collect$$libshutdown$$00000010  c_w.l(libshutdown2.o)
    0x08000234   0x08000234   0x00000000   Code   RO         2576    .ARM.Collect$$rtentry$$00000000  c_w.l(__rtentry.o)
    0x08000234   0x08000234   0x00000000   Code   RO         2646    .ARM.Collect$$rtentry$$00000002  c_w.l(__rtentry2.o)
    0x08000234   0x08000234   0x00000006   Code   RO         2658    .ARM.Collect$$rtentry$$00000004  c_w.l(__rtentry4.o)
    0x0800023a   0x0800023a   0x00000000   Code   RO         2648    .ARM.Collect$$rtentry$$00000009  c_w.l(__rtentry2.o)
    0x0800023a   0x0800023a   0x00000004   Code   RO         2649    .ARM.Collect$$rtentry$$0000000A  c_w.l(__rtentry2.o)
    0x0800023e   0x0800023e   0x00000000   Code   RO         2651    .ARM.Collect$$rtentry$$0000000C  c_w.l(__rtentry2.o)
    0x0800023e   0x0800023e   0x00000008   Code   RO         2652    .ARM.Collect$$rtentry$$0000000D  c_w.l(__rtentry2.o)
    0x08000246   0x08000246   0x00000002   Code   RO         2776    .ARM.Collect$$rtexit$$00000000  c_w.l(rtexit.o)
    0x08000248   0x08000248   0x00000000   Code   RO         2785    .ARM.Collect$$rtexit$$00000002  c_w.l(rtexit2.o)
    0x08000248   0x08000248   0x00000004   Code   RO         2786    .ARM.Collect$$rtexit$$00000003  c_w.l(rtexit2.o)
    0x0800024c   0x0800024c   0x00000006   Code   RO         2787    .ARM.Collect$$rtexit$$00000004  c_w.l(rtexit2.o)
    0x08000252   0x08000252   0x00000002   PAD
    0x08000254   0x08000254   0x00000040   Code   RO          314    .text               startup_stm32f40_41xxx.o
    0x08000294   0x08000294   0x0000002c   Code   RO         2458    .text               c_w.l(__2sprintf.o)
    0x080002c0   0x080002c0   0x0000004e   Code   RO         2468    .text               c_w.l(_printf_pad.o)
    0x0800030e   0x0800030e   0x00000052   Code   RO         2470    .text               c_w.l(_printf_str.o)
    0x08000360   0x08000360   0x00000078   Code   RO         2472    .text               c_w.l(_printf_dec.o)
    0x080003d8   0x080003d8   0x00000058   Code   RO         2477    .text               c_w.l(_printf_hex_int.o)
    0x08000430   0x08000430   0x00000138   Code   RO         2507    .text               c_w.l(__printf_flags_wp.o)
    0x08000568   0x08000568   0x0000003e   Code   RO         2522    .text               c_w.l(strlen.o)
    0x080005a6   0x080005a6   0x0000008a   Code   RO         2526    .text               c_w.l(rt_memcpy_v6.o)
    0x08000630   0x08000630   0x00000064   Code   RO         2528    .text               c_w.l(rt_memcpy_w.o)
    0x08000694   0x08000694   0x0000004e   Code   RO         2530    .text               c_w.l(rt_memclr_w.o)
    0x080006e2   0x080006e2   0x00000002   PAD
    0x080006e4   0x080006e4   0x000001ac   Code   RO         2532    .text               c_w.l(mktime.o)
    0x08000890   0x08000890   0x00000006   Code   RO         2534    .text               c_w.l(heapauxi.o)
    0x08000896   0x08000896   0x000000b2   Code   RO         2579    .text               c_w.l(_printf_intcommon.o)
    0x08000948   0x08000948   0x0000041e   Code   RO         2581    .text               c_w.l(_printf_fp_dec.o)
    0x08000d66   0x08000d66   0x00000002   PAD
    0x08000d68   0x08000d68   0x00000030   Code   RO         2583    .text               c_w.l(_printf_char_common.o)
    0x08000d98   0x08000d98   0x0000000a   Code   RO         2585    .text               c_w.l(_sputc.o)
    0x08000da2   0x08000da2   0x0000002c   Code   RO         2589    .text               c_w.l(_printf_char.o)
    0x08000dce   0x08000dce   0x00000002   PAD
    0x08000dd0   0x08000dd0   0x00000008   Code   RO         2663    .text               c_w.l(rt_locale_intlibspace.o)
    0x08000dd8   0x08000dd8   0x0000008a   Code   RO         2670    .text               c_w.l(lludiv10.o)
    0x08000e62   0x08000e62   0x00000002   PAD
    0x08000e64   0x08000e64   0x00000080   Code   RO         2672    .text               c_w.l(_printf_fp_infnan.o)
    0x08000ee4   0x08000ee4   0x000000e4   Code   RO         2676    .text               c_w.l(bigflt0.o)
    0x08000fc8   0x08000fc8   0x00000008   Code   RO         2712    .text               c_w.l(libspace.o)
    0x08000fd0   0x08000fd0   0x0000004a   Code   RO         2715    .text               c_w.l(sys_stackheap_outer.o)
    0x0800101a   0x0800101a   0x00000012   Code   RO         2717    .text               c_w.l(exit.o)
    0x0800102c   0x0800102c   0x00000080   Code   RO         2719    .text               c_w.l(strcmpv7m.o)
    0x080010ac   0x080010ac   0x0000000c   Code   RO         2797    .text               c_w.l(sys_exit.o)
    0x080010b8   0x080010b8   0x00000002   Code   RO         2808    .text               c_w.l(use_no_semi.o)
    0x080010ba   0x080010ba   0x00000000   Code   RO         2810    .text               c_w.l(indicate_semi.o)
    0x080010ba   0x080010ba   0x0000003e   Code   RO         2679    CL$$btod_d2e        c_w.l(btod.o)
    0x080010f8   0x080010f8   0x00000046   Code   RO         2681    CL$$btod_d2e_denorm_low  c_w.l(btod.o)
    0x0800113e   0x0800113e   0x00000060   Code   RO         2680    CL$$btod_d2e_norm_op1  c_w.l(btod.o)
    0x0800119e   0x0800119e   0x00000338   Code   RO         2689    CL$$btod_div_common  c_w.l(btod.o)
    0x080014d6   0x080014d6   0x000000dc   Code   RO         2686    CL$$btod_e2e        c_w.l(btod.o)
    0x080015b2   0x080015b2   0x0000002a   Code   RO         2683    CL$$btod_ediv       c_w.l(btod.o)
    0x080015dc   0x080015dc   0x0000002a   Code   RO         2682    CL$$btod_emul       c_w.l(btod.o)
    0x08001606   0x08001606   0x00000244   Code   RO         2688    CL$$btod_mult_common  c_w.l(btod.o)
    0x0800184a   0x0800184a   0x00000002   PAD
    0x0800184c   0x0800184c   0x00000070   Code   RO          451    i.AT_CEREG          nb-iot.o
    0x080018bc   0x080018bc   0x00000088   Code   RO          452    i.AT_CGSN           nb-iot.o
    0x08001944   0x08001944   0x000000a8   Code   RO          453    i.AT_CSQ            nb-iot.o
    0x080019ec   0x080019ec   0x00000004   Code   RO            3    i.BusFault_Handler  stm32f4xx_it.o
    0x080019f0   0x080019f0   0x000000bc   Code   RO          573    i.DataHand          mymodbus.o
    0x08001aac   0x08001aac   0x00000002   Code   RO            4    i.DebugMon_Handler  stm32f4xx_it.o
    0x08001aae   0x08001aae   0x00000090   Code   RO          784    i.GPIO_Init         stm32f4xx_gpio.o
    0x08001b3e   0x08001b3e   0x00000046   Code   RO          785    i.GPIO_PinAFConfig  stm32f4xx_gpio.o
    0x08001b84   0x08001b84   0x00000004   Code   RO          791    i.GPIO_ResetBits    stm32f4xx_gpio.o
    0x08001b88   0x08001b88   0x00000004   Code   RO          792    i.GPIO_SetBits      stm32f4xx_gpio.o
    0x08001b8c   0x08001b8c   0x00000238   Code   RO          574    i.GetData           mymodbus.o
    0x08001dc4   0x08001dc4   0x00000004   Code   RO            5    i.HardFault_Handler  stm32f4xx_it.o
    0x08001dc8   0x08001dc8   0x00000100   Code   RO          320    i.JEC_IO_Init       init.o
    0x08001ec8   0x08001ec8   0x0000021c   Code   RO          321    i.JEC_USART_Init    init.o
    0x080020e4   0x080020e4   0x00000036   Code   RO         2188    i.MQTTPacket_encode  mqttpacket.o
    0x0800211a   0x0800211a   0x00000002   PAD
    0x0800211c   0x0800211c   0x00000028   Code   RO         2190    i.MQTTPacket_len    mqttpacket.o
    0x08002144   0x08002144   0x00000168   Code   RO         2023    i.MQTTSerialize_connect  mqttconnectclient.o
    0x080022ac   0x080022ac   0x00000076   Code   RO         2024    i.MQTTSerialize_connectLength  mqttconnectclient.o
    0x08002322   0x08002322   0x00000012   Code   RO         2025    i.MQTTSerialize_disconnect  mqttconnectclient.o
    0x08002334   0x08002334   0x000000b0   Code   RO         2303    i.MQTTSerialize_publish  mqttserializepublish.o
    0x080023e4   0x080023e4   0x00000022   Code   RO         2304    i.MQTTSerialize_publishLength  mqttserializepublish.o
    0x08002406   0x08002406   0x0000004c   Code   RO         2027    i.MQTTSerialize_zero  mqttconnectclient.o
    0x08002452   0x08002452   0x00000018   Code   RO         2193    i.MQTTstrlen        mqttpacket.o
    0x0800246a   0x0800246a   0x00000004   Code   RO            6    i.MemManage_Handler  stm32f4xx_it.o
    0x0800246e   0x0800246e   0x00000002   PAD
    0x08002470   0x08002470   0x00000070   Code   RO          454    i.NB_Closetcp       nb-iot.o
    0x080024e0   0x080024e0   0x000000a4   Code   RO          455    i.NB_recACKdate     nb-iot.o
    0x08002584   0x08002584   0x000000ac   Code   RO          456    i.NB_senddate       nb-iot.o
    0x08002630   0x08002630   0x00000002   Code   RO            7    i.NMI_Handler       stm32f4xx_it.o
    0x08002632   0x08002632   0x00000002   PAD
    0x08002634   0x08002634   0x00000078   Code   RO          608    i.NVIC_Init         misc.o
    0x080026ac   0x080026ac   0x00000028   Code   RO          229    i.NVIC_SetPriority  main.o
    0x080026d4   0x080026d4   0x00000002   Code   RO            8    i.PendSV_Handler    stm32f4xx_it.o
    0x080026d6   0x080026d6   0x00000002   PAD
    0x080026d8   0x080026d8   0x00000020   Code   RO          881    i.RCC_AHB1PeriphClockCmd  stm32f4xx_rcc.o
    0x080026f8   0x080026f8   0x00000020   Code   RO          890    i.RCC_APB1PeriphClockCmd  stm32f4xx_rcc.o
    0x08002718   0x08002718   0x00000020   Code   RO          893    i.RCC_APB2PeriphClockCmd  stm32f4xx_rcc.o
    0x08002738   0x08002738   0x000000e8   Code   RO          902    i.RCC_GetClocksFreq  stm32f4xx_rcc.o
    0x08002820   0x08002820   0x00000002   Code   RO            9    i.SVC_Handler       stm32f4xx_it.o
    0x08002822   0x08002822   0x00000002   PAD
    0x08002824   0x08002824   0x000000ec   Code   RO         1965    i.SetSysClock       system_stm32f4xx.o
    0x08002910   0x08002910   0x000000a8   Code   RO           10    i.SysTick_Handler   stm32f4xx_it.o
    0x080029b8   0x080029b8   0x00000068   Code   RO         1967    i.SystemInit        system_stm32f4xx.o
    0x08002a20   0x08002a20   0x00000070   Code   RO           11    i.TIM3_IRQHandler   stm32f4xx_it.o
    0x08002a90   0x08002a90   0x00000006   Code   RO         1226    i.TIM_ClearITPendingBit  stm32f4xx_tim.o
    0x08002a96   0x08002a96   0x00000018   Code   RO         1231    i.TIM_Cmd           stm32f4xx_tim.o
    0x08002aae   0x08002aae   0x00000022   Code   RO         1252    i.TIM_GetITStatus   stm32f4xx_tim.o
    0x08002ad0   0x08002ad0   0x00000012   Code   RO         1256    i.TIM_ITConfig      stm32f4xx_tim.o
    0x08002ae2   0x08002ae2   0x00000002   PAD
    0x08002ae4   0x08002ae4   0x00000084   Code   RO         1303    i.TIM_TimeBaseInit  stm32f4xx_tim.o
    0x08002b68   0x08002b68   0x00000068   Code   RO           12    i.UART4_IRQHandler  stm32f4xx_it.o
    0x08002bd0   0x08002bd0   0x00000018   Code   RO          348    i.USART1SendChar    uart.o
    0x08002be8   0x08002be8   0x0000002c   Code   RO          349    i.USART1SendString  uart.o
    0x08002c14   0x08002c14   0x00000068   Code   RO           13    i.USART1_IRQHandler  stm32f4xx_it.o
    0x08002c7c   0x08002c7c   0x0000001c   Code   RO          350    i.USART2SendChar    uart.o
    0x08002c98   0x08002c98   0x0000002c   Code   RO          351    i.USART2SendString  uart.o
    0x08002cc4   0x08002cc4   0x00000040   Code   RO           14    i.USART2_IRQHandler  stm32f4xx_it.o
    0x08002d04   0x08002d04   0x0000001c   Code   RO          352    i.USART3SendChar    uart.o
    0x08002d20   0x08002d20   0x00000044   Code   RO          353    i.USART3SendString  uart.o
    0x08002d64   0x08002d64   0x00000060   Code   RO           15    i.USART3_IRQHandler  stm32f4xx_it.o
    0x08002dc4   0x08002dc4   0x00000012   Code   RO         1777    i.USART_ClearFlag   stm32f4xx_usart.o
    0x08002dd6   0x08002dd6   0x00000018   Code   RO         1781    i.USART_Cmd         stm32f4xx_usart.o
    0x08002dee   0x08002dee   0x00000054   Code   RO         1785    i.USART_GetITStatus  stm32f4xx_usart.o
    0x08002e42   0x08002e42   0x0000004a   Code   RO         1787    i.USART_ITConfig    stm32f4xx_usart.o
    0x08002e8c   0x08002e8c   0x000000d4   Code   RO         1788    i.USART_Init        stm32f4xx_usart.o
    0x08002f60   0x08002f60   0x00000004   Code   RO           16    i.UsageFault_Handler  stm32f4xx_it.o
    0x08002f64   0x08002f64   0x00000030   Code   RO         2628    i.__ARM_fpclassify  m_wm.l(fpclassify.o)
    0x08002f94   0x08002f94   0x0000000e   Code   RO         2505    i._is_digit         c_w.l(__printf_wp.o)
    0x08002fa2   0x08002fa2   0x00000002   PAD
    0x08002fa4   0x08002fa4   0x00000024   Code   RO          354    i.bsp_Usart3_RecTime_Add  uart.o
    0x08002fc8   0x08002fc8   0x0000002c   Code   RO          355    i.bsp_Usart3_Rec_New  uart.o
    0x08002ff4   0x08002ff4   0x000000e4   Code   RO          457    i.build_socket      nb-iot.o
    0x080030d8   0x080030d8   0x0000011e   Code   RO          575    i.date_preocess     mymodbus.o
    0x080031f6   0x080031f6   0x00000002   PAD
    0x080031f8   0x080031f8   0x00000028   Code   RO          576    i.date_query        mymodbus.o
    0x08003220   0x08003220   0x00000020   Code   RO          230    i.delay_ms          main.o
    0x08003240   0x08003240   0x0000005c   Code   RO          533    i.init_timer3       time.o
    0x0800329c   0x0800329c   0x00000050   Code   RO          459    i.is_in             nb-iot.o
    0x080032ec   0x080032ec   0x0000069c   Code   RO          231    i.main              main.o
    0x08003988   0x08003988   0x00000090   Code   RO          460    i.opentcp           nb-iot.o
    0x08003a18   0x08003a18   0x0000003c   Code   RO          534    i.standard_to_stamp  time.o
    0x08003a54   0x08003a54   0x00000028   Code   RO         2199    i.writeCString      mqttpacket.o
    0x08003a7c   0x08003a7c   0x0000000c   Code   RO         2200    i.writeChar         mqttpacket.o
    0x08003a88   0x08003a88   0x00000030   Code   RO         2201    i.writeInt          mqttpacket.o
    0x08003ab8   0x08003ab8   0x0000003e   Code   RO         2202    i.writeMQTTString   mqttpacket.o
    0x08003af6   0x08003af6   0x00000002   PAD
    0x08003af8   0x08003af8   0x0000002c   Code   RO         2702    locale$$code        c_w.l(lc_numeric_c.o)
    0x08003b24   0x08003b24   0x0000000c   Code   RO         2597    x$fpl$dretinf       fz_wm.l(dretinf.o)
    0x08003b30   0x08003b30   0x00000056   Code   RO         2558    x$fpl$f2d           fz_wm.l(f2d.o)
    0x08003b86   0x08003b86   0x0000008c   Code   RO         2601    x$fpl$fnaninf       fz_wm.l(fnaninf.o)
    0x08003c12   0x08003c12   0x0000000a   Code   RO         2780    x$fpl$fpinit        fz_wm.l(fpinit.o)
    0x08003c1c   0x08003c1c   0x00000004   Code   RO         2560    x$fpl$printf1       fz_wm.l(printf1.o)
    0x08003c20   0x08003c20   0x00000000   Code   RO         2607    x$fpl$usenofp       fz_wm.l(usenofp.o)
    0x08003c20   0x08003c20   0x00000058   Data   RO          233    .constdata          main.o
    0x08003c78   0x08003c78   0x00000028   Data   RO         2478    .constdata          c_w.l(_printf_hex_int.o)
    0x08003ca0   0x08003ca0   0x00000011   Data   RO         2508    .constdata          c_w.l(__printf_flags_wp.o)
    0x08003cb1   0x08003cb1   0x0000000c   Data   RO         2592    .constdata          c_w.l(_monlen.o)
    0x08003cbd   0x08003cbd   0x00000003   PAD
    0x08003cc0   0x08003cc0   0x00000094   Data   RO         2677    .constdata          c_w.l(bigflt0.o)
    0x08003d54   0x08003d54   0x000000b4   Data   RO          234    .conststring        main.o
    0x08003e08   0x08003e08   0x00000020   Data   RO         2857    Region$$Table       anon$$obj.o
    0x08003e28   0x08003e28   0x0000001c   Data   RO         2701    locale$$data        c_w.l(lc_numeric_c.o)


    Execution Region RW_IRAM1 (Exec base: 0x20000000, Load base: 0x08003e44, Size: 0x00002ab8, Max: 0x00020000, ABSOLUTE)

    Exec Addr    Load Addr    Size         Type   Attr      Idx    E Section Name        Object

    0x20000000   0x08003e44   0x00000004   Data   RW           17    .data               stm32f4xx_it.o
    0x20000004   0x08003e48   0x00000074   Data   RW          235    .data               main.o
    0x20000078   0x08003ebc   0x0000002b   Data   RW          361    .data               uart.o
    0x200000a3   0x08003ee7   0x00000001   PAD
    0x200000a4   0x08003ee8   0x00000004   Data   RW          536    .data               time.o
    0x200000a8   0x08003eec   0x00000006   Data   RW          578    .data               mymodbus.o
    0x200000ae   0x08003ef2   0x00000010   Data   RW          934    .data               stm32f4xx_rcc.o
    0x200000be   0x08003f02   0x00000002   PAD
    0x200000c0   0x08003f04   0x00000014   Data   RW         1968    .data               system_stm32f4xx.o
    0x200000d4        -       0x000002bc   Zero   RW          232    .bss                main.o
    0x20000390        -       0x000009f4   Zero   RW          360    .bss                uart.o
    0x20000d84        -       0x000004b0   Zero   RW          461    .bss                nb-iot.o
    0x20001234        -       0x00000020   Zero   RW          577    .bss                mymodbus.o
    0x20001254        -       0x00000060   Zero   RW         2713    .bss                c_w.l(libspace.o)
    0x200012b4   0x08003f18   0x00000004   PAD
    0x200012b8        -       0x00001000   Zero   RW          312    HEAP                startup_stm32f40_41xxx.o
    0x200022b8        -       0x00000800   Zero   RW          311    STACK               startup_stm32f40_41xxx.o


==============================================================================

Image component sizes


      Code (inc. data)   RO Data    RW Data    ZI Data      Debug   Object Name

       796         40          0          0          0       1463   init.o
      1764        368        268        116        700      33418   main.o
       120         14          0          0          0        952   misc.o
       572         18          0          0          0       5774   mqttconnectclient.o
       280          6          0          0          0       3934   mqttpacket.o
       210          0          0          0          0       1734   mqttserializepublish.o
      1082         46          0          6         32       3666   mymodbus.o
      1316        348          0          0       1200       6237   nb-iot.o
        64         26        392          0       6144        824   startup_stm32f40_41xxx.o
       222          0          0          0          0       2743   stm32f4xx_gpio.o
       672        116          0          4          0     288227   stm32f4xx_it.o
       328         36          0         16          0       4443   stm32f4xx_rcc.o
       214         28          0          0          0       3506   stm32f4xx_tim.o
       412          8          0          0          0       4104   stm32f4xx_usart.o
       340         34          0         20          0       1713   system_stm32f4xx.o
       152          6          0          4          0       3060   time.o
       316         58          0         43       2548       5627   uart.o

    ----------------------------------------------------------------------
      8876       1152        692        212      10624     371425   Object Totals
         0          0         32          0          0          0   (incl. Generated)
        16          0          0          3          0          0   (incl. Padding)

    ----------------------------------------------------------------------

      Code (inc. data)   RO Data    RW Data    ZI Data      Debug   Library Member Name

        44          6          0          0          0         84   __2sprintf.o
         8          0          0          0          0         68   __main.o
       312          4         17          0          0         92   __printf_flags_wp.o
        14          0          0          0          0         68   __printf_wp.o
         0          0          0          0          0          0   __rtentry.o
        12          0          0          0          0          0   __rtentry2.o
         6          0          0          0          0          0   __rtentry4.o
        52          8          0          0          0          0   __scatter.o
        26          0          0          0          0          0   __scatter_copy.o
        28          0          0          0          0          0   __scatter_zi.o
         0          0         12          0          0          0   _monlen.o
        44          0          0          0          0        108   _printf_char.o
        48          6          0          0          0         96   _printf_char_common.o
         6          0          0          0          0          0   _printf_d.o
       120         16          0          0          0         92   _printf_dec.o
         6          0          0          0          0          0   _printf_f.o
      1054          0          0          0          0        216   _printf_fp_dec.o
       128         16          0          0          0         84   _printf_fp_infnan.o
        88          4         40          0          0         88   _printf_hex_int.o
       178          0          0          0          0         88   _printf_intcommon.o
        78          0          0          0          0        108   _printf_pad.o
         0          0          0          0          0          0   _printf_percent.o
         4          0          0          0          0          0   _printf_percent_end.o
         6          0          0          0          0          0   _printf_s.o
        82          0          0          0          0         80   _printf_str.o
         6          0          0          0          0          0   _printf_x.o
        10          0          0          0          0         68   _sputc.o
       228          4        148          0          0         96   bigflt0.o
      1936        128          0          0          0        672   btod.o
        18          0          0          0          0         80   exit.o
         6          0          0          0          0        152   heapauxi.o
         0          0          0          0          0          0   indicate_semi.o
        44         10         28          0          0         76   lc_numeric_c.o
         2          0          0          0          0          0   libinit.o
        22          0          0          0          0          0   libinit2.o
         2          0          0          0          0          0   libshutdown.o
         2          0          0          0          0          0   libshutdown2.o
         8          4          0          0         96         68   libspace.o
       138          0          0          0          0         80   lludiv10.o
       428         10          0          0          0        116   mktime.o
         8          4          0          0          0         68   rt_locale_intlibspace.o
        78          0          0          0          0         80   rt_memclr_w.o
       138          0          0          0          0         68   rt_memcpy_v6.o
       100          0          0          0          0         80   rt_memcpy_w.o
         2          0          0          0          0          0   rtexit.o
        10          0          0          0          0          0   rtexit2.o
       128          0          0          0          0         68   strcmpv7m.o
        62          0          0          0          0         76   strlen.o
        12          4          0          0          0         68   sys_exit.o
        74          0          0          0          0         80   sys_stackheap_outer.o
         2          0          0          0          0         68   use_no_semi.o
        12          0          0          0          0        116   dretinf.o
        86          4          0          0          0        132   f2d.o
       140          4          0          0          0        132   fnaninf.o
        10          0          0          0          0        116   fpinit.o
         4          0          0          0          0        116   printf1.o
         0          0          0          0          0          0   usenofp.o
        48          0          0          0          0        124   fpclassify.o

    ----------------------------------------------------------------------
      6124        232        248          0        100       4072   Library Totals
        16          0          3          0          4          0   (incl. Padding)

    ----------------------------------------------------------------------

      Code (inc. data)   RO Data    RW Data    ZI Data      Debug   Library Name

      5808        224        245          0         96       3336   c_w.l
       252          8          0          0          0        612   fz_wm.l
        48          0          0          0          0        124   m_wm.l

    ----------------------------------------------------------------------
      6124        232        248          0        100       4072   Library Totals

    ----------------------------------------------------------------------

==============================================================================


      Code (inc. data)   RO Data    RW Data    ZI Data      Debug   

     15000       1384        940        212      10724     366177   Grand Totals
     15000       1384        940        212      10724     366177   ELF Image Totals
     15000       1384        940        212          0          0   ROM Totals

==============================================================================

    Total RO  Size (Code + RO Data)                15940 (  15.57kB)
    Total RW  Size (RW Data + ZI Data)             10936 (  10.68kB)
    Total ROM Size (Code + RO Data + RW Data)      16152 (  15.77kB)

==============================================================================

